app-wrapper.tsx(143,28): error TS7006: Parameter 'amount' implicitly has an 'any' type.
app-wrapper.tsx(161,55): error TS7006: Parameter 'p' implicitly has an 'any' type.
app-wrapper.tsx(176,47): error TS7006: Parameter 'sp' implicitly has an 'any' type.
app-wrapper.tsx(210,50): error TS7006: Parameter 'u' implicitly has an 'any' type.
app-wrapper.tsx(212,26): error TS2353: Object literal may only specify known properties, and 'uid' does not exist in type '(prevState: null) => null'.
app-wrapper.tsx(235,24): error TS7006: Parameter 'email' implicitly has an 'any' type.
app-wrapper.tsx(235,31): error TS7006: Parameter 'password' implicitly has an 'any' type.
app-wrapper.tsx(238,45): error TS7006: Parameter 'u' implicitly has an 'any' type.
app-wrapper.tsx(253,24): error TS2353: Object literal may only specify known properties, and 'uid' does not exist in type '(prevState: null) => null'.
app-wrapper.tsx(259,39): error TS18046: 'error' is of type 'unknown'.
app-wrapper.tsx(273,26): error TS7006: Parameter 'module' implicitly has an 'any' type.
app-wrapper.tsx(273,34): error TS7006: Parameter 'action' implicitly has an 'any' type.
app-wrapper.tsx(284,33): error TS7006: Parameter 'permission' implicitly has an 'any' type.
app-wrapper.tsx(292,25): error TS2339: Property 'email' does not exist on type 'never'.
app-wrapper.tsx(296,22): error TS7006: Parameter 'module' implicitly has an 'any' type.
app-wrapper.tsx(296,30): error TS7006: Parameter 'action' implicitly has an 'any' type.
app-wrapper.tsx(303,52): error TS7006: Parameter 'u' implicitly has an 'any' type.
app-wrapper.tsx(303,76): error TS2339: Property 'id' does not exist on type 'never'.
app-wrapper.tsx(329,7): error TS2322: Type '{ currentUser: null; userData: null; loadingAuth: boolean; hasRole: (role: string) => any; isAdmin: () => boolean; hasPermission: (module: any, action: any) => any; hasSpecialPermission: (permission: any) => boolean; ... 6 more ...; refreshPermissions: () => void; }' is not assignable to type 'null'.
app-wrapper.tsx(851,19): error TS7031: Binding element 'label' implicitly has an 'any' type.
app-wrapper.tsx(851,26): error TS7031: Binding element 'id' implicitly has an 'any' type.
app-wrapper.tsx(851,30): error TS7031: Binding element 'value' implicitly has an 'any' type.
app-wrapper.tsx(851,37): error TS7031: Binding element 'onChange' implicitly has an 'any' type.
app-wrapper.tsx(851,47): error TS7031: Binding element 'options' implicitly has an 'any' type.
app-wrapper.tsx(851,56): error TS7031: Binding element 'placeholder' implicitly has an 'any' type.
app-wrapper.tsx(851,69): error TS7031: Binding element 'required' implicitly has an 'any' type.
app-wrapper.tsx(851,79): error TS7031: Binding element 'error' implicitly has an 'any' type.
app-wrapper.tsx(851,86): error TS7031: Binding element 'className' implicitly has an 'any' type.
app-wrapper.tsx(869,23): error TS7006: Parameter 'opt' implicitly has an 'any' type.
app-wrapper.tsx(881,3): error TS7031: Binding element 'children' implicitly has an 'any' type.
app-wrapper.tsx(882,3): error TS7031: Binding element 'onClick' implicitly has an 'any' type.
app-wrapper.tsx(886,3): error TS7031: Binding element 'iconLeft' implicitly has an 'any' type.
app-wrapper.tsx(887,3): error TS7031: Binding element 'iconRight' implicitly has an 'any' type.
app-wrapper.tsx(888,3): error TS7031: Binding element 'disabled' implicitly has an 'any' type.
app-wrapper.tsx(913,7): error TS2322: Type 'string' is not assignable to type '"button" | "submit" | "reset" | undefined'.
app-wrapper.tsx(916,34): error TS7053: Element implicitly has an 'any' type because expression of type 'string' can't be used to index type '{ primary: string; secondary: string; danger: string; ghost: string; outline: string; success: string; successSoft: string; dangerSoft: string; }'.
  No index signature with a parameter of type 'string' was found on type '{ primary: string; secondary: string; danger: string; ghost: string; outline: string; success: string; successSoft: string; dangerSoft: string; }'.
app-wrapper.tsx(916,55): error TS7053: Element implicitly has an 'any' type because expression of type 'string' can't be used to index type '{ sm: string; md: string; lg: string; }'.
  No index signature with a parameter of type 'string' was found on type '{ sm: string; md: string; lg: string; }'.
app-wrapper.tsx(926,18): error TS7031: Binding element 'isOpen' implicitly has an 'any' type.
app-wrapper.tsx(926,26): error TS7031: Binding element 'onClose' implicitly has an 'any' type.
app-wrapper.tsx(926,35): error TS7031: Binding element 'title' implicitly has an 'any' type.
app-wrapper.tsx(926,42): error TS7031: Binding element 'children' implicitly has an 'any' type.
app-wrapper.tsx(949,80): error TS7053: Element implicitly has an 'any' type because expression of type 'string' can't be used to index type '{ sm: string; md: string; lg: string; xl: string; "2xl": string; "3xl": string; "4xl": string; "5xl": string; "6xl": string; full: string; }'.
  No index signature with a parameter of type 'string' was found on type '{ sm: string; md: string; lg: string; xl: string; "2xl": string; "3xl": string; "4xl": string; "5xl": string; "6xl": string; full: string; }'.
app-wrapper.tsx(965,3): error TS7031: Binding element 'isOpen' implicitly has an 'any' type.
app-wrapper.tsx(966,3): error TS7031: Binding element 'onClose' implicitly has an 'any' type.
app-wrapper.tsx(967,3): error TS7031: Binding element 'onConfirm' implicitly has an 'any' type.
app-wrapper.tsx(968,3): error TS7031: Binding element 'title' implicitly has an 'any' type.
app-wrapper.tsx(969,3): error TS7031: Binding element 'message' implicitly has an 'any' type.
app-wrapper.tsx(978,10): error TS2739: Type '{ children: string; variant: string; onClick: any; }' is missing the following properties from type '{ [x: string]: any; children: any; onClick: any; type?: string | undefined; variant?: string | undefined; size?: string | undefined; iconLeft: any; iconRight: any; disabled: any; className?: string | undefined; }': iconLeft, iconRight, disabled
app-wrapper.tsx(981,10): error TS2739: Type '{ children: string; variant: string; onClick: any; }' is missing the following properties from type '{ [x: string]: any; children: any; onClick: any; type?: string | undefined; variant?: string | undefined; size?: string | undefined; iconLeft: any; iconRight: any; disabled: any; className?: string | undefined; }': iconLeft, iconRight, disabled
app-wrapper.tsx(990,24): error TS7031: Binding element 'label' implicitly has an 'any' type.
app-wrapper.tsx(990,31): error TS7031: Binding element 'id' implicitly has an 'any' type.
app-wrapper.tsx(990,35): error TS7031: Binding element 'onFileChange' implicitly has an 'any' type.
app-wrapper.tsx(990,49): error TS7031: Binding element 'currentFile' implicitly has an 'any' type.
app-wrapper.tsx(990,62): error TS7031: Binding element 'required' implicitly has an 'any' type.
app-wrapper.tsx(990,72): error TS7031: Binding element 'error' implicitly has an 'any' type.
app-wrapper.tsx(998,45): error TS2345: Argument of type 'string | ArrayBuffer | null' is not assignable to parameter of type 'SetStateAction<null>'.
  Type 'string' is not assignable to type 'SetStateAction<null>'.
app-wrapper.tsx(1001,20): error TS2345: Argument of type 'string' is not assignable to parameter of type 'SetStateAction<null>'.
app-wrapper.tsx(1008,29): error TS7006: Parameter 'event' implicitly has an 'any' type.
app-wrapper.tsx(1016,43): error TS2345: Argument of type 'string | ArrayBuffer | null' is not assignable to parameter of type 'SetStateAction<null>'.
  Type 'string' is not assignable to type 'SetStateAction<null>'.
app-wrapper.tsx(1028,44): error TS2339: Property 'value' does not exist on type 'never'.
app-wrapper.tsx(1054,46): error TS2339: Property 'click' does not exist on type 'never'.
app-wrapper.tsx(1077,32): error TS7031: Binding element 'label' implicitly has an 'any' type.
app-wrapper.tsx(1077,39): error TS7031: Binding element 'onFilesChange' implicitly has an 'any' type.
app-wrapper.tsx(1084,11): error TS2358: The left-hand side of an 'instanceof' expression must be of type 'any', an object type or a type parameter.
app-wrapper.tsx(1094,13): error TS2358: The left-hand side of an 'instanceof' expression must be of type 'any', an object type or a type parameter.
app-wrapper.tsx(1106,29): error TS7006: Parameter 'event' implicitly has an 'any' type.
app-wrapper.tsx(1113,44): error TS2339: Property 'value' does not exist on type 'never'.
app-wrapper.tsx(1145,48): error TS2339: Property 'click' does not exist on type 'never'.
app-wrapper.tsx(1166,23): error TS7031: Binding element 'label' implicitly has an 'any' type.
app-wrapper.tsx(1166,30): error TS7031: Binding element 'id' implicitly has an 'any' type.
app-wrapper.tsx(1166,34): error TS7031: Binding element 'onFileChange' implicitly has an 'any' type.
app-wrapper.tsx(1166,48): error TS7031: Binding element 'currentFile' implicitly has an 'any' type.
app-wrapper.tsx(1166,61): error TS7031: Binding element 'required' implicitly has an 'any' type.
app-wrapper.tsx(1166,71): error TS7031: Binding element 'error' implicitly has an 'any' type.
app-wrapper.tsx(1166,78): error TS7031: Binding element 'accept' implicitly has an 'any' type.
app-wrapper.tsx(1184,29): error TS7006: Parameter 'event' implicitly has an 'any' type.
app-wrapper.tsx(1195,23): error TS2339: Property 'click' does not exist on type 'never'.
app-wrapper.tsx(1235,26): error TS2339: Property 'style' does not exist on type 'EventTarget'.
app-wrapper.tsx(1236,26): error TS2339: Property 'nextSibling' does not exist on type 'EventTarget'.
app-wrapper.tsx(1246,26): error TS2339: Property 'style' does not exist on type 'EventTarget'.
app-wrapper.tsx(1247,26): error TS2339: Property 'nextSibling' does not exist on type 'EventTarget'.
app-wrapper.tsx(1267,3): error TS7031: Binding element 'value' implicitly has an 'any' type.
app-wrapper.tsx(1268,3): error TS7031: Binding element 'onChange' implicitly has an 'any' type.
app-wrapper.tsx(1284,25): error TS7006: Parameter 'newValue' implicitly has an 'any' type.
app-wrapper.tsx(1297,5): error TS2322: Type 'Timeout' is not assignable to type 'null'.
app-wrapper.tsx(1317,62): error TS2339: Property 'value' does not exist on type 'never'.
app-wrapper.tsx(1317,112): error TS2339: Property 'value' does not exist on type 'never'.
app-wrapper.tsx(1318,52): error TS2339: Property 'label' does not exist on type 'never'.
app-wrapper.tsx(1387,27): error TS7031: Binding element 'pedido' implicitly has an 'any' type.
app-wrapper.tsx(1387,35): error TS7031: Binding element 'etapaId' implicitly has an 'any' type.
app-wrapper.tsx(1387,44): error TS7031: Binding element 'onCompletado' implicitly has an 'any' type.
app-wrapper.tsx(1398,46): error TS7006: Parameter 'e' implicitly has an 'any' type.
app-wrapper.tsx(1443,35): error TS7006: Parameter 'pedidoId' implicitly has an 'any' type.
app-wrapper.tsx(1443,45): error TS7006: Parameter 'campo' implicitly has an 'any' type.
app-wrapper.tsx(1443,52): error TS7006: Parameter 'valor' implicitly has an 'any' type.
app-wrapper.tsx(1445,46): error TS7006: Parameter 'p' implicitly has an 'any' type.
app-wrapper.tsx(1456,7): error TS2322: Type 'any' is not assignable to type 'never'.
app-wrapper.tsx(1462,7): error TS7053: Element implicitly has an 'any' type because expression of type 'any' can't be used to index type '{}'.
app-wrapper.tsx(1466,13): error TS2339: Property 'historialModificaciones' does not exist on type '{}'.
app-wrapper.tsx(1470,33): error TS2339: Property 'uid' does not exist on type 'never'.
app-wrapper.tsx(1471,36): error TS2339: Property 'email' does not exist on type 'never'.
app-wrapper.tsx(1476,13): error TS2339: Property 'updatedAt' does not exist on type '{}'.
app-wrapper.tsx(1535,48): error TS7006: Parameter 'c' implicitly has an 'any' type.
app-wrapper.tsx(1536,48): error TS7006: Parameter 'c' implicitly has an 'any' type.
app-wrapper.tsx(1558,73): error TS7006: Parameter 'snapshot' implicitly has an 'any' type.
app-wrapper.tsx(1559,42): error TS7006: Parameter 'doc' implicitly has an 'any' type.
app-wrapper.tsx(1560,40): error TS7006: Parameter 'p' implicitly has an 'any' type.
app-wrapper.tsx(1570,35): error TS2339: Property 'dise├▒o' does not exist on type 'never'.
app-wrapper.tsx(1590,57): error TS2339: Property 'dise├▒o' does not exist on type 'never'.
app-wrapper.tsx(1591,55): error TS2339: Property 'dise├▒o' does not exist on type 'never'.
app-wrapper.tsx(1591,91): error TS2339: Property 'dise├▒o' does not exist on type 'never'.
app-wrapper.tsx(1602,55): error TS7006: Parameter 'p' implicitly has an 'any' type.
app-wrapper.tsx(1611,7): error TS7053: Element implicitly has an 'any' type because expression of type 'string' can't be used to index type '{}'.
  No index signature with a parameter of type 'string' was found on type '{}'.
app-wrapper.tsx(1618,5): error TS7053: Element implicitly has an 'any' type because expression of type '"SIN DISE├æO"' can't be used to index type '{}'.
  Property 'SIN DISE├æO' does not exist on type '{}'.
app-wrapper.tsx(1625,27): error TS7006: Parameter 'pedido' implicitly has an 'any' type.
app-wrapper.tsx(1627,12): error TS7053: Element implicitly has an 'any' type because expression of type 'any' can't be used to index type '{}'.
app-wrapper.tsx(1628,9): error TS7053: Element implicitly has an 'any' type because expression of type 'any' can't be used to index type '{}'.
app-wrapper.tsx(1635,11): error TS7053: Element implicitly has an 'any' type because expression of type 'any' can't be used to index type '{}'.
app-wrapper.tsx(1643,11): error TS7053: Element implicitly has an 'any' type because expression of type 'any' can't be used to index type '{}'.
app-wrapper.tsx(1645,29): error TS2362: The left-hand side of an arithmetic operation must be of type 'any', 'number', 'bigint' or an enum type.
app-wrapper.tsx(1645,38): error TS2363: The right-hand side of an arithmetic operation must be of type 'any', 'number', 'bigint' or an enum type.
app-wrapper.tsx(1646,13): error TS7053: Element implicitly has an 'any' type because expression of type 'any' can't be used to index type '{}'.
app-wrapper.tsx(1647,13): error TS7053: Element implicitly has an 'any' type because expression of type 'any' can't be used to index type '{}'.
app-wrapper.tsx(1655,24): error TS18046: 'datos' is of type 'unknown'.
app-wrapper.tsx(1655,51): error TS18046: 'datos' is of type 'unknown'.
app-wrapper.tsx(1655,71): error TS18046: 'datos' is of type 'unknown'.
app-wrapper.tsx(1661,18): error TS18046: 'datos' is of type 'unknown'.
app-wrapper.tsx(1662,17): error TS18046: 'datos' is of type 'unknown'.
app-wrapper.tsx(1673,73): error TS18046: 'd' is of type 'unknown'.
app-wrapper.tsx(1686,33): error TS7006: Parameter 'pedido' implicitly has an 'any' type.
app-wrapper.tsx(1702,52): error TS2339: Property 'id' does not exist on type 'never'.
app-wrapper.tsx(1722,21): error TS2339: Property 'dise├▒o' does not exist on type 'never'.
app-wrapper.tsx(1730,22): error TS2339: Property 'historialModificaciones' does not exist on type 'never'.
app-wrapper.tsx(1733,37): error TS2339: Property 'uid' does not exist on type 'never'.
app-wrapper.tsx(1734,40): error TS2339: Property 'email' does not exist on type 'never'.
app-wrapper.tsx(1736,61): error TS2339: Property 'email' does not exist on type 'never'.
app-wrapper.tsx(1746,48): error TS18046: 'error' is of type 'unknown'.
app-wrapper.tsx(1754,50): error TS2339: Property 'id' does not exist on type 'never'.
app-wrapper.tsx(1757,49): error TS2345: Argument of type '{ dise├▒adorAsignado: string; urlImagen: string; talla: string; notas: string; }' is not assignable to parameter of type 'null | undefined'.
app-wrapper.tsx(1761,48): error TS7006: Parameter 'pedido' implicitly has an 'any' type.
app-wrapper.tsx(1765,59): error TS2339: Property 'id' does not exist on type 'never'.
app-wrapper.tsx(1769,7): error TS7006: Parameter 'e' implicitly has an 'any' type.
app-wrapper.tsx(1773,34): error TS2339: Property 'urlImagen' does not exist on type 'never'.
app-wrapper.tsx(1774,30): error TS2339: Property 'talla' does not exist on type 'never'.
app-wrapper.tsx(1775,42): error TS2339: Property 'dise├▒adorAsignado' does not exist on type 'never'.
app-wrapper.tsx(1776,30): error TS2339: Property 'notas' does not exist on type 'never'.
app-wrapper.tsx(1823,29): error TS2362: The left-hand side of an arithmetic operation must be of type 'any', 'number', 'bigint' or an enum type.
app-wrapper.tsx(1823,43): error TS2363: The right-hand side of an arithmetic operation must be of type 'any', 'number', 'bigint' or an enum type.
app-wrapper.tsx(1883,37): error TS2339: Property 'uid' does not exist on type 'never'.
app-wrapper.tsx(1884,40): error TS2339: Property 'email' does not exist on type 'never'.
app-wrapper.tsx(1886,86): error TS2339: Property 'email' does not exist on type 'never'.
app-wrapper.tsx(1897,48): error TS18046: 'error' is of type 'unknown'.
app-wrapper.tsx(1921,12): error TS2739: Type '{ children: string; variant: string; size: string; onClick: () => void; iconLeft: Element; style: { display: string; }; }' is missing the following properties from type '{ [x: string]: any; children: any; onClick: any; type?: string | undefined; variant?: string | undefined; size?: string | undefined; iconLeft: any; iconRight: any; disabled: any; className?: string | undefined; }': iconRight, disabled
app-wrapper.tsx(2039,45): error TS2339: Property 'id' does not exist on type 'never'.
app-wrapper.tsx(2041,95): error TS2339: Property 'id' does not exist on type 'never'.
app-wrapper.tsx(2062,45): error TS2339: Property 'dise├▒o' does not exist on type 'never'.
app-wrapper.tsx(2063,48): error TS7006: Parameter 'valor' implicitly has an 'any' type.
app-wrapper.tsx(2064,65): error TS2339: Property 'id' does not exist on type 'never'.
app-wrapper.tsx(2064,97): error TS2345: Argument of type '"dise├▒o"' is not assignable to parameter of type 'null | undefined'.
app-wrapper.tsx(2066,65): error TS2339: Property 'id' does not exist on type 'never'.
app-wrapper.tsx(2066,105): error TS2345: Argument of type '"dise├▒o"' is not assignable to parameter of type 'null | undefined'.
app-wrapper.tsx(2069,31): error TS2322: Type 'string[]' is not assignable to type 'never[]'.
  Type 'string' is not assignable to type 'never'.
app-wrapper.tsx(2073,45): error TS2339: Property 'dise├▒o' does not exist on type 'never'.
app-wrapper.tsx(2074,48): error TS7006: Parameter 'valor' implicitly has an 'any' type.
app-wrapper.tsx(2075,65): error TS2339: Property 'id' does not exist on type 'never'.
app-wrapper.tsx(2075,89): error TS2345: Argument of type '"dise├▒o"' is not assignable to parameter of type 'null | undefined'.
app-wrapper.tsx(2082,45): error TS2339: Property 'talla' does not exist on type 'never'.
app-wrapper.tsx(2083,48): error TS7006: Parameter 'valor' implicitly has an 'any' type.
app-wrapper.tsx(2084,65): error TS2339: Property 'id' does not exist on type 'never'.
app-wrapper.tsx(2091,45): error TS2339: Property 'dise├▒o' does not exist on type 'never'.
app-wrapper.tsx(2092,48): error TS7006: Parameter 'valor' implicitly has an 'any' type.
app-wrapper.tsx(2093,65): error TS2339: Property 'id' does not exist on type 'never'.
app-wrapper.tsx(2093,86): error TS2345: Argument of type '"dise├▒o"' is not assignable to parameter of type 'null | undefined'.
app-wrapper.tsx(2095,89): error TS2339: Property 'id' does not exist on type 'never'.
app-wrapper.tsx(2095,103): error TS2339: Property 'id' does not exist on type 'never'.
app-wrapper.tsx(2107,48): error TS7006: Parameter 'valor' implicitly has an 'any' type.
app-wrapper.tsx(2108,65): error TS2339: Property 'id' does not exist on type 'never'.
app-wrapper.tsx(2116,48): error TS7006: Parameter 'valor' implicitly has an 'any' type.
app-wrapper.tsx(2117,65): error TS2339: Property 'id' does not exist on type 'never'.
app-wrapper.tsx(2143,66): error TS2339: Property 'id' does not exist on type 'never'.
app-wrapper.tsx(2143,91): error TS2339: Property 'numeroPedido' does not exist on type 'never'.
app-wrapper.tsx(2206,16): error TS2739: Type '{ children: string; variant: string; onClick: () => void; iconLeft: Element; }' is missing the following properties from type '{ [x: string]: any; children: any; onClick: any; type?: string | undefined; variant?: string | undefined; size?: string | undefined; iconLeft: any; iconRight: any; disabled: any; className?: string | undefined; }': iconRight, disabled
app-wrapper.tsx(2216,16): error TS2739: Type '{ children: string; variant: string; onClick: () => Promise<void>; iconLeft: Element; }' is missing the following properties from type '{ [x: string]: any; children: any; onClick: any; type?: string | undefined; variant?: string | undefined; size?: string | undefined; iconLeft: any; iconRight: any; disabled: any; className?: string | undefined; }': iconRight, disabled
app-wrapper.tsx(2226,16): error TS2739: Type '{ children: string; variant: string; onClick: () => Promise<void>; iconLeft: Element; }' is missing the following properties from type '{ [x: string]: any; children: any; onClick: any; type?: string | undefined; variant?: string | undefined; size?: string | undefined; iconLeft: any; iconRight: any; disabled: any; className?: string | undefined; }': iconRight, disabled
app-wrapper.tsx(2293,48): error TS7006: Parameter 'c' implicitly has an 'any' type.
app-wrapper.tsx(2294,48): error TS7006: Parameter 'c' implicitly has an 'any' type.
app-wrapper.tsx(2315,79): error TS7006: Parameter 'snapshot' implicitly has an 'any' type.
app-wrapper.tsx(2316,42): error TS7006: Parameter 'doc' implicitly has an 'any' type.
app-wrapper.tsx(2317,40): error TS7006: Parameter 'p' implicitly has an 'any' type.
app-wrapper.tsx(2321,9): error TS7006: Parameter 'e' implicitly has an 'any' type.
app-wrapper.tsx(2329,59): error TS7006: Parameter 'e' implicitly has an 'any' type.
app-wrapper.tsx(2337,78): error TS7006: Parameter 'c' implicitly has an 'any' type.
app-wrapper.tsx(2382,51): error TS7006: Parameter 'p' implicitly has an 'any' type.
app-wrapper.tsx(2394,35): error TS2339: Property 'cobranza' does not exist on type 'never'.
app-wrapper.tsx(2406,28): error TS2339: Property 'envioProvincia' does not exist on type 'never'.
app-wrapper.tsx(2406,48): error TS2339: Property 'clienteProvincia' does not exist on type 'never'.
app-wrapper.tsx(2413,28): error TS2339: Property 'envioProvincia' does not exist on type 'never'.
app-wrapper.tsx(2413,48): error TS2339: Property 'clienteProvincia' does not exist on type 'never'.
app-wrapper.tsx(2419,38): error TS7006: Parameter 'pedido' implicitly has an 'any' type.
app-wrapper.tsx(2433,58): error TS2339: Property 'esMostacero' does not exist on type 'never'.
app-wrapper.tsx(2440,24): error TS2339: Property 'esMostacero' does not exist on type 'never'.
app-wrapper.tsx(2454,55): error TS7006: Parameter 'p' implicitly has an 'any' type.
app-wrapper.tsx(2463,35): error TS7006: Parameter 'sum' implicitly has an 'any' type.
app-wrapper.tsx(2463,40): error TS7006: Parameter 'p' implicitly has an 'any' type.
app-wrapper.tsx(2467,36): error TS7006: Parameter 'sum' implicitly has an 'any' type.
app-wrapper.tsx(2467,41): error TS7006: Parameter 'p' implicitly has an 'any' type.
app-wrapper.tsx(2478,33): error TS7006: Parameter 'pedido' implicitly has an 'any' type.
app-wrapper.tsx(2495,54): error TS2339: Property 'id' does not exist on type 'never'.
app-wrapper.tsx(2499,9): error TS2698: Spread types may only be created from object types.
app-wrapper.tsx(2501,21): error TS2339: Property 'cobranza' does not exist on type 'never'.
app-wrapper.tsx(2516,21): error TS2339: Property 'cobranza' does not exist on type 'never'.
app-wrapper.tsx(2526,22): error TS2339: Property 'historialModificaciones' does not exist on type 'never'.
app-wrapper.tsx(2529,37): error TS2339: Property 'uid' does not exist on type 'never'.
app-wrapper.tsx(2530,40): error TS2339: Property 'email' does not exist on type 'never'.
app-wrapper.tsx(2543,46): error TS2339: Property 'id' does not exist on type 'never'.
app-wrapper.tsx(2548,13): error TS2698: Spread types may only be created from object types.
app-wrapper.tsx(2550,25): error TS2339: Property 'cobranza' does not exist on type 'never'.
app-wrapper.tsx(2564,48): error TS18046: 'error' is of type 'unknown'.
app-wrapper.tsx(2569,51): error TS7006: Parameter 'pedido' implicitly has an 'any' type.
app-wrapper.tsx(2571,61): error TS2339: Property 'id' does not exist on type 'never'.
app-wrapper.tsx(2575,44): error TS7006: Parameter 'pedido' implicitly has an 'any' type.
app-wrapper.tsx(2578,7): error TS7006: Parameter 'e' implicitly has an 'any' type.
app-wrapper.tsx(2594,74): error TS7006: Parameter 'c' implicitly has an 'any' type.
app-wrapper.tsx(2617,67): error TS7006: Parameter 'c' implicitly has an 'any' type.
app-wrapper.tsx(2653,29): error TS2362: The left-hand side of an arithmetic operation must be of type 'any', 'number', 'bigint' or an enum type.
app-wrapper.tsx(2653,43): error TS2363: The right-hand side of an arithmetic operation must be of type 'any', 'number', 'bigint' or an enum type.
app-wrapper.tsx(2675,35): error TS2339: Property 'uid' does not exist on type 'never'.
app-wrapper.tsx(2676,38): error TS2339: Property 'email' does not exist on type 'never'.
app-wrapper.tsx(2678,71): error TS2339: Property 'email' does not exist on type 'never'.
app-wrapper.tsx(2692,52): error TS2339: Property 'id' does not exist on type 'never'.
app-wrapper.tsx(2695,31): error TS2339: Property 'envioProvincia' does not exist on type 'never'.
app-wrapper.tsx(2695,56): error TS2339: Property 'clienteProvincia' does not exist on type 'never'.
app-wrapper.tsx(2707,31): error TS7006: Parameter 'pedidos' implicitly has an 'any' type.
app-wrapper.tsx(2707,40): error TS7006: Parameter 'titulo' implicitly has an 'any' type.
app-wrapper.tsx(2707,48): error TS7006: Parameter 'seccionKey' implicitly has an 'any' type.
app-wrapper.tsx(2709,27): error TS7053: Element implicitly has an 'any' type because expression of type 'any' can't be used to index type '{ limaCallao: boolean; provincia: boolean; }'.
app-wrapper.tsx(2709,75): error TS7053: Element implicitly has an 'any' type because expression of type 'any' can't be used to index type '{ limaCallao: boolean; provincia: boolean; }'.
app-wrapper.tsx(2718,88): error TS7053: Element implicitly has an 'any' type because expression of type 'any' can't be used to index type '{ limaCallao: boolean; provincia: boolean; }'.
app-wrapper.tsx(2760,38): error TS7006: Parameter 'pedido' implicitly has an 'any' type.
app-wrapper.tsx(2783,52): error TS7006: Parameter 'valor' implicitly has an 'any' type.
app-wrapper.tsx(2786,94): error TS2345: Argument of type '"cobranza"' is not assignable to parameter of type 'null | undefined'.
app-wrapper.tsx(2802,96): error TS2345: Argument of type '"cobranza"' is not assignable to parameter of type 'null | undefined'.
app-wrapper.tsx(2811,52): error TS7006: Parameter 'valor' implicitly has an 'any' type.
app-wrapper.tsx(2812,90): error TS2345: Argument of type '"cobranza"' is not assignable to parameter of type 'null | undefined'.
app-wrapper.tsx(2815,95): error TS2339: Property 'id' does not exist on type 'never'.
app-wrapper.tsx(2827,52): error TS7006: Parameter 'valor' implicitly has an 'any' type.
app-wrapper.tsx(2921,34): error TS2739: Type '{ children: string; variant: string; onClick: (e: any) => void; iconLeft: Element; }' is missing the following properties from type '{ [x: string]: any; children: any; onClick: any; type?: string | undefined; variant?: string | undefined; size?: string | undefined; iconLeft: any; iconRight: any; disabled: any; className?: string | undefined; }': iconRight, disabled
app-wrapper.tsx(2923,45): error TS7006: Parameter 'e' implicitly has an 'any' type.
app-wrapper.tsx(2932,36): error TS2739: Type '{ children: string; variant: string; onClick: (e: any) => void; iconLeft: Element; }' is missing the following properties from type '{ [x: string]: any; children: any; onClick: any; type?: string | undefined; variant?: string | undefined; size?: string | undefined; iconLeft: any; iconRight: any; disabled: any; className?: string | undefined; }': iconRight, disabled
app-wrapper.tsx(2934,47): error TS7006: Parameter 'e' implicitly has an 'any' type.
app-wrapper.tsx(2943,34): error TS2739: Type '{ children: string; variant: string; onClick: (e: any) => void; iconLeft: Element; }' is missing the following properties from type '{ [x: string]: any; children: any; onClick: any; type?: string | undefined; variant?: string | undefined; size?: string | undefined; iconLeft: any; iconRight: any; disabled: any; className?: string | undefined; }': iconRight, disabled
app-wrapper.tsx(2945,45): error TS7006: Parameter 'e' implicitly has an 'any' type.
app-wrapper.tsx(2986,12): error TS2739: Type '{ children: string; variant: string; size: string; onClick: () => void; iconLeft: Element; style: { display: string; }; }' is missing the following properties from type '{ [x: string]: any; children: any; onClick: any; type?: string | undefined; variant?: string | undefined; size?: string | undefined; iconLeft: any; iconRight: any; disabled: any; className?: string | undefined; }': iconRight, disabled
app-wrapper.tsx(3145,48): error TS7006: Parameter 'c' implicitly has an 'any' type.
app-wrapper.tsx(3146,48): error TS7006: Parameter 'c' implicitly has an 'any' type.
app-wrapper.tsx(3167,73): error TS7006: Parameter 'snapshot' implicitly has an 'any' type.
app-wrapper.tsx(3168,42): error TS7006: Parameter 'doc' implicitly has an 'any' type.
app-wrapper.tsx(3169,38): error TS7006: Parameter 'p' implicitly has an 'any' type.
app-wrapper.tsx(3170,39): error TS7006: Parameter 'p' implicitly has an 'any' type.
app-wrapper.tsx(3180,65): error TS7006: Parameter 'p' implicitly has an 'any' type.
app-wrapper.tsx(3188,7): error TS7006: Parameter 'e' implicitly has an 'any' type.
app-wrapper.tsx(3193,67): error TS7006: Parameter 'c' implicitly has an 'any' type.
app-wrapper.tsx(3285,35): error TS2339: Property 'preparacion' does not exist on type 'never'.
app-wrapper.tsx(3297,35): error TS2339: Property 'preparacion' does not exist on type 'never'.
app-wrapper.tsx(3309,53): error TS2339: Property 'preparacion' does not exist on type 'never'.
app-wrapper.tsx(3310,79): error TS2339: Property 'preparacion' does not exist on type 'never'.
app-wrapper.tsx(3320,55): error TS7006: Parameter 'p' implicitly has an 'any' type.
app-wrapper.tsx(3329,7): error TS7053: Element implicitly has an 'any' type because expression of type 'string' can't be used to index type '{}'.
  No index signature with a parameter of type 'string' was found on type '{}'.
app-wrapper.tsx(3331,5): error TS7053: Element implicitly has an 'any' type because expression of type '"SIN ASIGNAR"' can't be used to index type '{}'.
  Property 'SIN ASIGNAR' does not exist on type '{}'.
app-wrapper.tsx(3333,27): error TS7006: Parameter 'pedido' implicitly has an 'any' type.
app-wrapper.tsx(3335,12): error TS7053: Element implicitly has an 'any' type because expression of type 'any' can't be used to index type '{}'.
app-wrapper.tsx(3336,9): error TS7053: Element implicitly has an 'any' type because expression of type 'any' can't be used to index type '{}'.
app-wrapper.tsx(3343,11): error TS7053: Element implicitly has an 'any' type because expression of type 'any' can't be used to index type '{}'.
app-wrapper.tsx(3351,11): error TS7053: Element implicitly has an 'any' type because expression of type 'any' can't be used to index type '{}'.
app-wrapper.tsx(3358,16): error TS18046: 'datos' is of type 'unknown'.
app-wrapper.tsx(3359,15): error TS18046: 'datos' is of type 'unknown'.
app-wrapper.tsx(3377,33): error TS7006: Parameter 'pedido' implicitly has an 'any' type.
app-wrapper.tsx(3389,74): error TS2339: Property 'id' does not exist on type 'never'.
app-wrapper.tsx(3394,21): error TS2339: Property 'preparacion' does not exist on type 'never'.
app-wrapper.tsx(3400,22): error TS2339: Property 'historialModificaciones' does not exist on type 'never'.
app-wrapper.tsx(3403,37): error TS2339: Property 'uid' does not exist on type 'never'.
app-wrapper.tsx(3404,40): error TS2339: Property 'email' does not exist on type 'never'.
app-wrapper.tsx(3406,66): error TS2339: Property 'email' does not exist on type 'never'.
app-wrapper.tsx(3416,48): error TS18046: 'error' is of type 'unknown'.
app-wrapper.tsx(3421,43): error TS7006: Parameter 'pedido' implicitly has an 'any' type.
app-wrapper.tsx(3423,81): error TS2339: Property 'id' does not exist on type 'never'.
app-wrapper.tsx(3428,45): error TS7006: Parameter 'pedido' implicitly has an 'any' type.
app-wrapper.tsx(3433,7): error TS7006: Parameter 'e' implicitly has an 'any' type.
app-wrapper.tsx(3468,36): error TS2362: The left-hand side of an arithmetic operation must be of type 'any', 'number', 'bigint' or an enum type.
app-wrapper.tsx(3468,50): error TS2363: The right-hand side of an arithmetic operation must be of type 'any', 'number', 'bigint' or an enum type.
app-wrapper.tsx(3492,39): error TS2339: Property 'uid' does not exist on type 'never'.
app-wrapper.tsx(3493,42): error TS2339: Property 'email' does not exist on type 'never'.
app-wrapper.tsx(3495,70): error TS2339: Property 'email' does not exist on type 'never'.
app-wrapper.tsx(3511,53): error TS18046: 'error' is of type 'unknown'.
app-wrapper.tsx(3519,72): error TS2339: Property 'id' does not exist on type 'never'.
app-wrapper.tsx(3524,7): error TS2698: Spread types may only be created from object types.
app-wrapper.tsx(3526,19): error TS2339: Property 'preparacion' does not exist on type 'never'.
app-wrapper.tsx(3536,31): error TS7006: Parameter 'pedidos' implicitly has an 'any' type.
app-wrapper.tsx(3536,40): error TS7006: Parameter 'titulo' implicitly has an 'any' type.
app-wrapper.tsx(3536,48): error TS7006: Parameter 'seccionKey' implicitly has an 'any' type.
app-wrapper.tsx(3538,27): error TS7053: Element implicitly has an 'any' type because expression of type 'any' can't be used to index type '{ listos: boolean; pausa: boolean; }'.
app-wrapper.tsx(3538,75): error TS7053: Element implicitly has an 'any' type because expression of type 'any' can't be used to index type '{ listos: boolean; pausa: boolean; }'.
app-wrapper.tsx(3549,88): error TS7053: Element implicitly has an 'any' type because expression of type 'any' can't be used to index type '{ listos: boolean; pausa: boolean; }'.
app-wrapper.tsx(3591,38): error TS7006: Parameter 'pedido' implicitly has an 'any' type.
app-wrapper.tsx(3612,50): error TS7006: Parameter 'valor' implicitly has an 'any' type.
app-wrapper.tsx(3613,90): error TS2345: Argument of type '"preparacion"' is not assignable to parameter of type 'null | undefined'.
app-wrapper.tsx(3614,96): error TS2345: Argument of type '"preparacion"' is not assignable to parameter of type 'null | undefined'.
app-wrapper.tsx(3622,50): error TS7006: Parameter 'valor' implicitly has an 'any' type.
app-wrapper.tsx(3623,88): error TS2345: Argument of type '"preparacion"' is not assignable to parameter of type 'null | undefined'.
app-wrapper.tsx(3625,113): error TS2339: Property 'id' does not exist on type 'never'.
app-wrapper.tsx(3637,50): error TS7006: Parameter 'valor' implicitly has an 'any' type.
app-wrapper.tsx(3693,32): error TS2739: Type '{ children: string; variant: string; onClick: (e: any) => void; iconLeft: Element; }' is missing the following properties from type '{ [x: string]: any; children: any; onClick: any; type?: string | undefined; variant?: string | undefined; size?: string | undefined; iconLeft: any; iconRight: any; disabled: any; className?: string | undefined; }': iconRight, disabled
app-wrapper.tsx(3695,43): error TS7006: Parameter 'e' implicitly has an 'any' type.
app-wrapper.tsx(3704,34): error TS2739: Type '{ children: string; variant: string; onClick: (e: any) => void; iconLeft: Element; }' is missing the following properties from type '{ [x: string]: any; children: any; onClick: any; type?: string | undefined; variant?: string | undefined; size?: string | undefined; iconLeft: any; iconRight: any; disabled: any; className?: string | undefined; }': iconRight, disabled
app-wrapper.tsx(3706,45): error TS7006: Parameter 'e' implicitly has an 'any' type.
app-wrapper.tsx(3715,32): error TS2739: Type '{ children: string; variant: string; onClick: (e: any) => void; iconLeft: Element; }' is missing the following properties from type '{ [x: string]: any; children: any; onClick: any; type?: string | undefined; variant?: string | undefined; size?: string | undefined; iconLeft: any; iconRight: any; disabled: any; className?: string | undefined; }': iconRight, disabled
app-wrapper.tsx(3717,43): error TS7006: Parameter 'e' implicitly has an 'any' type.
app-wrapper.tsx(3757,12): error TS2739: Type '{ children: string; variant: string; size: string; onClick: () => void; iconLeft: Element; style: { display: string; }; }' is missing the following properties from type '{ [x: string]: any; children: any; onClick: any; type?: string | undefined; variant?: string | undefined; size?: string | undefined; iconLeft: any; iconRight: any; disabled: any; className?: string | undefined; }': iconRight, disabled
app-wrapper.tsx(3879,12): error TS2741: Property 'iconRight' is missing in type '{ children: string; variant: string; onClick: () => Promise<void>; iconLeft: Element; disabled: boolean; }' but required in type '{ [x: string]: any; children: any; onClick: any; type?: string | undefined; variant?: string | undefined; size?: string | undefined; iconLeft: any; iconRight: any; disabled: any; className?: string | undefined; }'.
app-wrapper.tsx(3900,37): error TS2339: Property 'id' does not exist on type 'any[]'.
app-wrapper.tsx(3903,37): error TS2339: Property 'cliente' does not exist on type 'any[]'.
app-wrapper.tsx(3906,37): error TS2339: Property 'productos' does not exist on type 'any[]'.
app-wrapper.tsx(3909,37): error TS2339: Property 'operador' does not exist on type 'any[]'.
app-wrapper.tsx(3912,37): error TS2339: Property 'estado' does not exist on type 'any[]'.
app-wrapper.tsx(3915,37): error TS2339: Property 'acciones' does not exist on type 'any[]'.
app-wrapper.tsx(3935,47): error TS2339: Property 'id' does not exist on type 'never'.
app-wrapper.tsx(3937,97): error TS2339: Property 'id' does not exist on type 'never'.
app-wrapper.tsx(3940,43): error TS2339: Property 'id' does not exist on type 'any[]'.
app-wrapper.tsx(3941,96): error TS2339: Property 'id' does not exist on type 'never'.
app-wrapper.tsx(3943,43): error TS2339: Property 'cliente' does not exist on type 'any[]'.
app-wrapper.tsx(3945,35): error TS2339: Property 'clienteNombre' does not exist on type 'never'.
app-wrapper.tsx(3945,58): error TS2339: Property 'clienteApellidos' does not exist on type 'never'.
app-wrapper.tsx(3948,43): error TS2339: Property 'productos' does not exist on type 'any[]'.
app-wrapper.tsx(3950,35): error TS2339: Property 'productos' does not exist on type 'never'.
app-wrapper.tsx(3950,63): error TS7006: Parameter 'p' implicitly has an 'any' type.
app-wrapper.tsx(3953,43): error TS2339: Property 'operador' does not exist on type 'any[]'.
app-wrapper.tsx(3955,35): error TS2339: Property 'preparacion' does not exist on type 'never'.
app-wrapper.tsx(3958,43): error TS2339: Property 'estado' does not exist on type 'any[]'.
app-wrapper.tsx(3960,35): error TS2339: Property 'preparacion' does not exist on type 'never'.
app-wrapper.tsx(3963,43): error TS2339: Property 'acciones' does not exist on type 'any[]'.
app-wrapper.tsx(3966,30): error TS2739: Type '{ children: string; variant: string; size: string; onClick: (e: any) => void; iconLeft: Element; }' is missing the following properties from type '{ [x: string]: any; children: any; onClick: any; type?: string | undefined; variant?: string | undefined; size?: string | undefined; iconLeft: any; iconRight: any; disabled: any; className?: string | undefined; }': iconRight, disabled
app-wrapper.tsx(3969,41): error TS7006: Parameter 'e' implicitly has an 'any' type.
app-wrapper.tsx(4040,48): error TS7006: Parameter 'c' implicitly has an 'any' type.
app-wrapper.tsx(4041,48): error TS7006: Parameter 'c' implicitly has an 'any' type.
app-wrapper.tsx(4062,73): error TS7006: Parameter 'snapshot' implicitly has an 'any' type.
app-wrapper.tsx(4063,42): error TS7006: Parameter 'doc' implicitly has an 'any' type.
app-wrapper.tsx(4064,43): error TS7006: Parameter 'p' implicitly has an 'any' type.
app-wrapper.tsx(4074,35): error TS2339: Property 'estampado' does not exist on type 'never'.
app-wrapper.tsx(4086,58): error TS2339: Property 'estampado' does not exist on type 'never'.
app-wrapper.tsx(4087,60): error TS2339: Property 'estampado' does not exist on type 'never'.
app-wrapper.tsx(4096,55): error TS7006: Parameter 'p' implicitly has an 'any' type.
app-wrapper.tsx(4105,7): error TS7053: Element implicitly has an 'any' type because expression of type 'string' can't be used to index type '{}'.
  No index signature with a parameter of type 'string' was found on type '{}'.
app-wrapper.tsx(4107,5): error TS7053: Element implicitly has an 'any' type because expression of type '"OTROS"' can't be used to index type '{}'.
  Property 'OTROS' does not exist on type '{}'.
app-wrapper.tsx(4109,27): error TS7006: Parameter 'pedido' implicitly has an 'any' type.
app-wrapper.tsx(4113,12): error TS7053: Element implicitly has an 'any' type because expression of type 'any' can't be used to index type '{}'.
app-wrapper.tsx(4114,9): error TS7053: Element implicitly has an 'any' type because expression of type 'any' can't be used to index type '{}'.
app-wrapper.tsx(4121,11): error TS7053: Element implicitly has an 'any' type because expression of type 'any' can't be used to index type '{}'.
app-wrapper.tsx(4122,61): error TS7006: Parameter 'sum' implicitly has an 'any' type.
app-wrapper.tsx(4122,66): error TS7006: Parameter 'p' implicitly has an 'any' type.
app-wrapper.tsx(4123,11): error TS7053: Element implicitly has an 'any' type because expression of type 'any' can't be used to index type '{}'.
app-wrapper.tsx(4131,11): error TS7053: Element implicitly has an 'any' type because expression of type 'any' can't be used to index type '{}'.
app-wrapper.tsx(4132,61): error TS7006: Parameter 'sum' implicitly has an 'any' type.
app-wrapper.tsx(4132,66): error TS7006: Parameter 'p' implicitly has an 'any' type.
app-wrapper.tsx(4133,11): error TS7053: Element implicitly has an 'any' type because expression of type 'any' can't be used to index type '{}'.
app-wrapper.tsx(4140,16): error TS18046: 'datos' is of type 'unknown'.
app-wrapper.tsx(4141,15): error TS18046: 'datos' is of type 'unknown'.
app-wrapper.tsx(4142,23): error TS18046: 'datos' is of type 'unknown'.
app-wrapper.tsx(4143,22): error TS18046: 'datos' is of type 'unknown'.
app-wrapper.tsx(4163,33): error TS7006: Parameter 'pedido' implicitly has an 'any' type.
app-wrapper.tsx(4175,55): error TS2339: Property 'id' does not exist on type 'never'.
app-wrapper.tsx(4180,21): error TS2339: Property 'estampado' does not exist on type 'never'.
app-wrapper.tsx(4186,22): error TS2339: Property 'historialModificaciones' does not exist on type 'never'.
app-wrapper.tsx(4189,37): error TS2339: Property 'uid' does not exist on type 'never'.
app-wrapper.tsx(4190,40): error TS2339: Property 'email' does not exist on type 'never'.
app-wrapper.tsx(4192,64): error TS2339: Property 'email' does not exist on type 'never'.
app-wrapper.tsx(4202,48): error TS18046: 'error' is of type 'unknown'.
app-wrapper.tsx(4207,43): error TS7006: Parameter 'pedido' implicitly has an 'any' type.
app-wrapper.tsx(4208,62): error TS2339: Property 'id' does not exist on type 'never'.
app-wrapper.tsx(4213,45): error TS7006: Parameter 'pedido' implicitly has an 'any' type.
app-wrapper.tsx(4218,7): error TS7006: Parameter 'e' implicitly has an 'any' type.
app-wrapper.tsx(4247,32): error TS2362: The left-hand side of an arithmetic operation must be of type 'any', 'number', 'bigint' or an enum type.
app-wrapper.tsx(4247,46): error TS2363: The right-hand side of an arithmetic operation must be of type 'any', 'number', 'bigint' or an enum type.
app-wrapper.tsx(4274,37): error TS2339: Property 'uid' does not exist on type 'never'.
app-wrapper.tsx(4275,40): error TS2339: Property 'email' does not exist on type 'never'.
app-wrapper.tsx(4277,86): error TS2339: Property 'email' does not exist on type 'never'.
app-wrapper.tsx(4290,51): error TS18046: 'error' is of type 'unknown'.
app-wrapper.tsx(4298,53): error TS2339: Property 'id' does not exist on type 'never'.
app-wrapper.tsx(4303,7): error TS2698: Spread types may only be created from object types.
app-wrapper.tsx(4305,19): error TS2339: Property 'estampado' does not exist on type 'never'.
app-wrapper.tsx(4333,12): error TS2739: Type '{ children: string; variant: string; size: string; onClick: () => void; iconLeft: Element; style: { display: string; }; }' is missing the following properties from type '{ [x: string]: any; children: any; onClick: any; type?: string | undefined; variant?: string | undefined; size?: string | undefined; iconLeft: any; iconRight: any; disabled: any; className?: string | undefined; }': iconRight, disabled
app-wrapper.tsx(4483,47): error TS2339: Property 'id' does not exist on type 'never'.
app-wrapper.tsx(4485,97): error TS2339: Property 'id' does not exist on type 'never'.
app-wrapper.tsx(4502,47): error TS2339: Property 'estampado' does not exist on type 'never'.
app-wrapper.tsx(4503,50): error TS7006: Parameter 'valor' implicitly has an 'any' type.
app-wrapper.tsx(4504,67): error TS2339: Property 'id' does not exist on type 'never'.
app-wrapper.tsx(4504,90): error TS2345: Argument of type '"estampado"' is not assignable to parameter of type 'null | undefined'.
app-wrapper.tsx(4505,67): error TS2339: Property 'id' does not exist on type 'never'.
app-wrapper.tsx(4505,96): error TS2345: Argument of type '"estampado"' is not assignable to parameter of type 'null | undefined'.
app-wrapper.tsx(4508,33): error TS2322: Type 'string[]' is not assignable to type 'never[]'.
  Type 'string' is not assignable to type 'never'.
app-wrapper.tsx(4512,47): error TS2339: Property 'estampado' does not exist on type 'never'.
app-wrapper.tsx(4513,50): error TS7006: Parameter 'valor' implicitly has an 'any' type.
app-wrapper.tsx(4514,67): error TS2339: Property 'id' does not exist on type 'never'.
app-wrapper.tsx(4514,88): error TS2345: Argument of type '"estampado"' is not assignable to parameter of type 'null | undefined'.
app-wrapper.tsx(4516,94): error TS2339: Property 'id' does not exist on type 'never'.
app-wrapper.tsx(4516,108): error TS2339: Property 'id' does not exist on type 'never'.
app-wrapper.tsx(4526,50): error TS7006: Parameter 'valor' implicitly has an 'any' type.
app-wrapper.tsx(4527,67): error TS2339: Property 'id' does not exist on type 'never'.
app-wrapper.tsx(4539,49): error TS2339: Property 'id' does not exist on type 'never'.
app-wrapper.tsx(4546,115): error TS2339: Property 'id' does not exist on type 'never'.
app-wrapper.tsx(4582,32): error TS2739: Type '{ children: string; variant: string; onClick: (e: any) => void; iconLeft: Element; }' is missing the following properties from type '{ [x: string]: any; children: any; onClick: any; type?: string | undefined; variant?: string | undefined; size?: string | undefined; iconLeft: any; iconRight: any; disabled: any; className?: string | undefined; }': iconRight, disabled
app-wrapper.tsx(4584,43): error TS7006: Parameter 'e' implicitly has an 'any' type.
app-wrapper.tsx(4593,34): error TS2739: Type '{ children: string; variant: string; onClick: (e: any) => void; iconLeft: Element; }' is missing the following properties from type '{ [x: string]: any; children: any; onClick: any; type?: string | undefined; variant?: string | undefined; size?: string | undefined; iconLeft: any; iconRight: any; disabled: any; className?: string | undefined; }': iconRight, disabled
app-wrapper.tsx(4595,45): error TS7006: Parameter 'e' implicitly has an 'any' type.
app-wrapper.tsx(4604,32): error TS2739: Type '{ children: string; variant: string; onClick: (e: any) => void; iconLeft: Element; }' is missing the following properties from type '{ [x: string]: any; children: any; onClick: any; type?: string | undefined; variant?: string | undefined; size?: string | undefined; iconLeft: any; iconRight: any; disabled: any; className?: string | undefined; }': iconRight, disabled
app-wrapper.tsx(4606,43): error TS7006: Parameter 'e' implicitly has an 'any' type.
app-wrapper.tsx(4677,48): error TS7006: Parameter 'c' implicitly has an 'any' type.
app-wrapper.tsx(4678,48): error TS7006: Parameter 'c' implicitly has an 'any' type.
app-wrapper.tsx(4699,73): error TS7006: Parameter 'snapshot' implicitly has an 'any' type.
app-wrapper.tsx(4700,42): error TS7006: Parameter 'doc' implicitly has an 'any' type.
app-wrapper.tsx(4701,45): error TS7006: Parameter 'p' implicitly has an 'any' type.
app-wrapper.tsx(4711,35): error TS2339: Property 'empaquetado' does not exist on type 'never'.
app-wrapper.tsx(4723,60): error TS2339: Property 'empaquetado' does not exist on type 'never'.
app-wrapper.tsx(4724,62): error TS2339: Property 'empaquetado' does not exist on type 'never'.
app-wrapper.tsx(4734,55): error TS7006: Parameter 'p' implicitly has an 'any' type.
app-wrapper.tsx(4743,7): error TS7053: Element implicitly has an 'any' type because expression of type 'string' can't be used to index type '{}'.
  No index signature with a parameter of type 'string' was found on type '{}'.
app-wrapper.tsx(4745,5): error TS7053: Element implicitly has an 'any' type because expression of type '"TERMINADOS"' can't be used to index type '{}'.
  Property 'TERMINADOS' does not exist on type '{}'.
app-wrapper.tsx(4746,5): error TS7053: Element implicitly has an 'any' type because expression of type '"INGRESADOS"' can't be used to index type '{}'.
  Property 'INGRESADOS' does not exist on type '{}'.
app-wrapper.tsx(4748,27): error TS7006: Parameter 'pedido' implicitly has an 'any' type.
app-wrapper.tsx(4750,12): error TS7053: Element implicitly has an 'any' type because expression of type 'any' can't be used to index type '{}'.
app-wrapper.tsx(4751,9): error TS7053: Element implicitly has an 'any' type because expression of type 'any' can't be used to index type '{}'.
app-wrapper.tsx(4758,11): error TS7053: Element implicitly has an 'any' type because expression of type '"INGRESADOS"' can't be used to index type '{}'.
  Property 'INGRESADOS' does not exist on type '{}'.
app-wrapper.tsx(4759,11): error TS7053: Element implicitly has an 'any' type because expression of type 'any' can't be used to index type '{}'.
app-wrapper.tsx(4767,11): error TS7053: Element implicitly has an 'any' type because expression of type '"TERMINADOS"' can't be used to index type '{}'.
  Property 'TERMINADOS' does not exist on type '{}'.
app-wrapper.tsx(4768,11): error TS7053: Element implicitly has an 'any' type because expression of type 'any' can't be used to index type '{}'.
app-wrapper.tsx(4775,16): error TS18046: 'datos' is of type 'unknown'.
app-wrapper.tsx(4776,15): error TS18046: 'datos' is of type 'unknown'.
app-wrapper.tsx(4788,33): error TS7006: Parameter 'pedido' implicitly has an 'any' type.
app-wrapper.tsx(4800,57): error TS2339: Property 'id' does not exist on type 'never'.
app-wrapper.tsx(4805,21): error TS2339: Property 'empaquetado' does not exist on type 'never'.
app-wrapper.tsx(4811,22): error TS2339: Property 'historialModificaciones' does not exist on type 'never'.
app-wrapper.tsx(4814,37): error TS2339: Property 'uid' does not exist on type 'never'.
app-wrapper.tsx(4815,40): error TS2339: Property 'email' does not exist on type 'never'.
app-wrapper.tsx(4817,66): error TS2339: Property 'email' does not exist on type 'never'.
app-wrapper.tsx(4827,48): error TS18046: 'error' is of type 'unknown'.
app-wrapper.tsx(4832,43): error TS7006: Parameter 'pedido' implicitly has an 'any' type.
app-wrapper.tsx(4833,64): error TS2339: Property 'id' does not exist on type 'never'.
app-wrapper.tsx(4838,45): error TS7006: Parameter 'pedido' implicitly has an 'any' type.
app-wrapper.tsx(4843,7): error TS7006: Parameter 'e' implicitly has an 'any' type.
app-wrapper.tsx(4872,34): error TS2362: The left-hand side of an arithmetic operation must be of type 'any', 'number', 'bigint' or an enum type.
app-wrapper.tsx(4872,48): error TS2363: The right-hand side of an arithmetic operation must be of type 'any', 'number', 'bigint' or an enum type.
app-wrapper.tsx(4896,37): error TS2339: Property 'uid' does not exist on type 'never'.
app-wrapper.tsx(4897,40): error TS2339: Property 'email' does not exist on type 'never'.
app-wrapper.tsx(4899,66): error TS2339: Property 'email' does not exist on type 'never'.
app-wrapper.tsx(4912,53): error TS18046: 'error' is of type 'unknown'.
app-wrapper.tsx(4920,55): error TS2339: Property 'id' does not exist on type 'never'.
app-wrapper.tsx(4925,7): error TS2698: Spread types may only be created from object types.
app-wrapper.tsx(4927,19): error TS2339: Property 'empaquetado' does not exist on type 'never'.
app-wrapper.tsx(4955,12): error TS2739: Type '{ children: string; variant: string; size: string; onClick: () => void; iconLeft: Element; style: { display: string; }; }' is missing the following properties from type '{ [x: string]: any; children: any; onClick: any; type?: string | undefined; variant?: string | undefined; size?: string | undefined; iconLeft: any; iconRight: any; disabled: any; className?: string | undefined; }': iconRight, disabled
app-wrapper.tsx(5077,45): error TS2339: Property 'id' does not exist on type 'never'.
app-wrapper.tsx(5079,95): error TS2339: Property 'id' does not exist on type 'never'.
app-wrapper.tsx(5096,45): error TS2339: Property 'empaquetado' does not exist on type 'never'.
app-wrapper.tsx(5097,48): error TS7006: Parameter 'valor' implicitly has an 'any' type.
app-wrapper.tsx(5098,65): error TS2339: Property 'id' does not exist on type 'never'.
app-wrapper.tsx(5098,88): error TS2345: Argument of type '"empaquetado"' is not assignable to parameter of type 'null | undefined'.
app-wrapper.tsx(5099,65): error TS2339: Property 'id' does not exist on type 'never'.
app-wrapper.tsx(5099,94): error TS2345: Argument of type '"empaquetado"' is not assignable to parameter of type 'null | undefined'.
app-wrapper.tsx(5102,31): error TS2322: Type 'string[]' is not assignable to type 'never[]'.
  Type 'string' is not assignable to type 'never'.
app-wrapper.tsx(5106,45): error TS2339: Property 'empaquetado' does not exist on type 'never'.
app-wrapper.tsx(5107,48): error TS7006: Parameter 'valor' implicitly has an 'any' type.
app-wrapper.tsx(5108,65): error TS2339: Property 'id' does not exist on type 'never'.
app-wrapper.tsx(5108,86): error TS2345: Argument of type '"empaquetado"' is not assignable to parameter of type 'null | undefined'.
app-wrapper.tsx(5110,94): error TS2339: Property 'id' does not exist on type 'never'.
app-wrapper.tsx(5110,108): error TS2339: Property 'id' does not exist on type 'never'.
app-wrapper.tsx(5120,48): error TS7006: Parameter 'valor' implicitly has an 'any' type.
app-wrapper.tsx(5121,65): error TS2339: Property 'id' does not exist on type 'never'.
app-wrapper.tsx(5133,47): error TS2339: Property 'id' does not exist on type 'never'.
app-wrapper.tsx(5140,115): error TS2339: Property 'id' does not exist on type 'never'.
app-wrapper.tsx(5176,30): error TS2739: Type '{ children: string; variant: string; onClick: (e: any) => void; iconLeft: Element; }' is missing the following properties from type '{ [x: string]: any; children: any; onClick: any; type?: string | undefined; variant?: string | undefined; size?: string | undefined; iconLeft: any; iconRight: any; disabled: any; className?: string | undefined; }': iconRight, disabled
app-wrapper.tsx(5178,41): error TS7006: Parameter 'e' implicitly has an 'any' type.
app-wrapper.tsx(5187,32): error TS2739: Type '{ children: string; variant: string; onClick: (e: any) => void; iconLeft: Element; }' is missing the following properties from type '{ [x: string]: any; children: any; onClick: any; type?: string | undefined; variant?: string | undefined; size?: string | undefined; iconLeft: any; iconRight: any; disabled: any; className?: string | undefined; }': iconRight, disabled
app-wrapper.tsx(5189,43): error TS7006: Parameter 'e' implicitly has an 'any' type.
app-wrapper.tsx(5198,30): error TS2739: Type '{ children: string; variant: string; onClick: (e: any) => void; iconLeft: Element; }' is missing the following properties from type '{ [x: string]: any; children: any; onClick: any; type?: string | undefined; variant?: string | undefined; size?: string | undefined; iconLeft: any; iconRight: any; disabled: any; className?: string | undefined; }': iconRight, disabled
app-wrapper.tsx(5200,41): error TS7006: Parameter 'e' implicitly has an 'any' type.
app-wrapper.tsx(5270,48): error TS7006: Parameter 'c' implicitly has an 'any' type.
app-wrapper.tsx(5271,48): error TS7006: Parameter 'c' implicitly has an 'any' type.
app-wrapper.tsx(5292,73): error TS7006: Parameter 'snapshot' implicitly has an 'any' type.
app-wrapper.tsx(5293,42): error TS7006: Parameter 'doc' implicitly has an 'any' type.
app-wrapper.tsx(5294,41): error TS7006: Parameter 'p' implicitly has an 'any' type.
app-wrapper.tsx(5304,35): error TS2339: Property 'reparto' does not exist on type 'never'.
app-wrapper.tsx(5324,56): error TS2339: Property 'reparto' does not exist on type 'never'.
app-wrapper.tsx(5325,58): error TS2339: Property 'reparto' does not exist on type 'never'.
app-wrapper.tsx(5334,55): error TS7006: Parameter 'p' implicitly has an 'any' type.
app-wrapper.tsx(5343,7): error TS7053: Element implicitly has an 'any' type because expression of type 'string' can't be used to index type '{}'.
  No index signature with a parameter of type 'string' was found on type '{}'.
app-wrapper.tsx(5345,5): error TS7053: Element implicitly has an 'any' type because expression of type '"SIN ASIGNAR"' can't be used to index type '{}'.
  Property 'SIN ASIGNAR' does not exist on type '{}'.
app-wrapper.tsx(5347,27): error TS7006: Parameter 'pedido' implicitly has an 'any' type.
app-wrapper.tsx(5349,12): error TS7053: Element implicitly has an 'any' type because expression of type 'any' can't be used to index type '{}'.
app-wrapper.tsx(5350,9): error TS7053: Element implicitly has an 'any' type because expression of type 'any' can't be used to index type '{}'.
app-wrapper.tsx(5357,11): error TS7053: Element implicitly has an 'any' type because expression of type 'any' can't be used to index type '{}'.
app-wrapper.tsx(5365,11): error TS7053: Element implicitly has an 'any' type because expression of type 'any' can't be used to index type '{}'.
app-wrapper.tsx(5372,16): error TS18046: 'datos' is of type 'unknown'.
app-wrapper.tsx(5373,15): error TS18046: 'datos' is of type 'unknown'.
app-wrapper.tsx(5391,33): error TS7006: Parameter 'pedido' implicitly has an 'any' type.
app-wrapper.tsx(5403,53): error TS2339: Property 'id' does not exist on type 'never'.
app-wrapper.tsx(5408,21): error TS2339: Property 'reparto' does not exist on type 'never'.
app-wrapper.tsx(5414,22): error TS2339: Property 'historialModificaciones' does not exist on type 'never'.
app-wrapper.tsx(5417,37): error TS2339: Property 'uid' does not exist on type 'never'.
app-wrapper.tsx(5418,40): error TS2339: Property 'email' does not exist on type 'never'.
app-wrapper.tsx(5420,62): error TS2339: Property 'email' does not exist on type 'never'.
app-wrapper.tsx(5430,48): error TS18046: 'error' is of type 'unknown'.
app-wrapper.tsx(5435,47): error TS7006: Parameter 'pedido' implicitly has an 'any' type.
app-wrapper.tsx(5436,60): error TS2339: Property 'id' does not exist on type 'never'.
app-wrapper.tsx(5441,49): error TS7006: Parameter 'pedido' implicitly has an 'any' type.
app-wrapper.tsx(5446,7): error TS7006: Parameter 'e' implicitly has an 'any' type.
app-wrapper.tsx(5477,30): error TS2362: The left-hand side of an arithmetic operation must be of type 'any', 'number', 'bigint' or an enum type.
app-wrapper.tsx(5477,48): error TS2363: The right-hand side of an arithmetic operation must be of type 'any', 'number', 'bigint' or an enum type.
app-wrapper.tsx(5509,37): error TS2339: Property 'uid' does not exist on type 'never'.
app-wrapper.tsx(5510,40): error TS2339: Property 'email' does not exist on type 'never'.
app-wrapper.tsx(5512,73): error TS2339: Property 'email' does not exist on type 'never'.
app-wrapper.tsx(5525,48): error TS18046: 'error' is of type 'unknown'.
app-wrapper.tsx(5533,51): error TS2339: Property 'id' does not exist on type 'never'.
app-wrapper.tsx(5538,7): error TS2698: Spread types may only be created from object types.
app-wrapper.tsx(5540,19): error TS2339: Property 'reparto' does not exist on type 'never'.
app-wrapper.tsx(5568,12): error TS2739: Type '{ children: string; variant: string; size: string; onClick: () => void; iconLeft: Element; style: { display: string; }; }' is missing the following properties from type '{ [x: string]: any; children: any; onClick: any; type?: string | undefined; variant?: string | undefined; size?: string | undefined; iconLeft: any; iconRight: any; disabled: any; className?: string | undefined; }': iconRight, disabled
app-wrapper.tsx(5684,45): error TS2339: Property 'id' does not exist on type 'never'.
app-wrapper.tsx(5686,95): error TS2339: Property 'id' does not exist on type 'never'.
app-wrapper.tsx(5703,45): error TS2339: Property 'reparto' does not exist on type 'never'.
app-wrapper.tsx(5704,48): error TS7006: Parameter 'valor' implicitly has an 'any' type.
app-wrapper.tsx(5705,65): error TS2339: Property 'id' does not exist on type 'never'.
app-wrapper.tsx(5705,90): error TS2345: Argument of type '"reparto"' is not assignable to parameter of type 'null | undefined'.
app-wrapper.tsx(5706,65): error TS2339: Property 'id' does not exist on type 'never'.
app-wrapper.tsx(5706,96): error TS2345: Argument of type '"reparto"' is not assignable to parameter of type 'null | undefined'.
app-wrapper.tsx(5709,31): error TS2322: Type 'string[]' is not assignable to type 'never[]'.
  Type 'string' is not assignable to type 'never'.
app-wrapper.tsx(5713,45): error TS2339: Property 'reparto' does not exist on type 'never'.
app-wrapper.tsx(5714,48): error TS7006: Parameter 'valor' implicitly has an 'any' type.
app-wrapper.tsx(5715,65): error TS2339: Property 'id' does not exist on type 'never'.
app-wrapper.tsx(5715,86): error TS2345: Argument of type '"reparto"' is not assignable to parameter of type 'null | undefined'.
app-wrapper.tsx(5717,90): error TS2339: Property 'id' does not exist on type 'never'.
app-wrapper.tsx(5717,104): error TS2339: Property 'id' does not exist on type 'never'.
app-wrapper.tsx(5727,48): error TS7006: Parameter 'valor' implicitly has an 'any' type.
app-wrapper.tsx(5728,65): error TS2339: Property 'id' does not exist on type 'never'.
app-wrapper.tsx(5740,47): error TS2339: Property 'id' does not exist on type 'never'.
app-wrapper.tsx(5747,111): error TS2339: Property 'id' does not exist on type 'never'.
app-wrapper.tsx(5783,30): error TS2739: Type '{ children: string; variant: string; onClick: (e: any) => void; iconLeft: Element; }' is missing the following properties from type '{ [x: string]: any; children: any; onClick: any; type?: string | undefined; variant?: string | undefined; size?: string | undefined; iconLeft: any; iconRight: any; disabled: any; className?: string | undefined; }': iconRight, disabled
app-wrapper.tsx(5785,41): error TS7006: Parameter 'e' implicitly has an 'any' type.
app-wrapper.tsx(5794,32): error TS2739: Type '{ children: string; variant: string; onClick: (e: any) => void; iconLeft: Element; }' is missing the following properties from type '{ [x: string]: any; children: any; onClick: any; type?: string | undefined; variant?: string | undefined; size?: string | undefined; iconLeft: any; iconRight: any; disabled: any; className?: string | undefined; }': iconRight, disabled
app-wrapper.tsx(5796,43): error TS7006: Parameter 'e' implicitly has an 'any' type.
app-wrapper.tsx(5805,30): error TS2739: Type '{ children: string; variant: string; onClick: (e: any) => void; iconLeft: Element; }' is missing the following properties from type '{ [x: string]: any; children: any; onClick: any; type?: string | undefined; variant?: string | undefined; size?: string | undefined; iconLeft: any; iconRight: any; disabled: any; className?: string | undefined; }': iconRight, disabled
app-wrapper.tsx(5807,41): error TS7006: Parameter 'e' implicitly has an 'any' type.
app-wrapper.tsx(5848,73): error TS7006: Parameter 'snapshot' implicitly has an 'any' type.
app-wrapper.tsx(5849,42): error TS7006: Parameter 'doc' implicitly has an 'any' type.
app-wrapper.tsx(5850,43): error TS7006: Parameter 'p' implicitly has an 'any' type.
app-wrapper.tsx(5860,31): error TS2339: Property 'reparto' does not exist on type 'never'.
app-wrapper.tsx(5860,66): error TS2339: Property 'updatedAt' does not exist on type 'never'.
app-wrapper.tsx(5860,86): error TS2339: Property 'createdAt' does not exist on type 'never'.
app-wrapper.tsx(5906,12): error TS2739: Type '{ children: string; variant: string; size: string; onClick: () => void; iconLeft: Element; style: { display: string; }; }' is missing the following properties from type '{ [x: string]: any; children: any; onClick: any; type?: string | undefined; variant?: string | undefined; size?: string | undefined; iconLeft: any; iconRight: any; disabled: any; className?: string | undefined; }': iconRight, disabled
app-wrapper.tsx(5979,33): error TS2339: Property 'id' does not exist on type 'never'.
app-wrapper.tsx(5981,92): error TS2339: Property 'id' does not exist on type 'never'.
app-wrapper.tsx(5985,31): error TS2339: Property 'clienteNombre' does not exist on type 'never'.
app-wrapper.tsx(5985,54): error TS2339: Property 'clienteApellidos' does not exist on type 'never'.
app-wrapper.tsx(5990,31): error TS2339: Property 'productos' does not exist on type 'never'.
app-wrapper.tsx(5990,59): error TS7006: Parameter 'p' implicitly has an 'any' type.
app-wrapper.tsx(5995,31): error TS2339: Property 'reparto' does not exist on type 'never'.
app-wrapper.tsx(5996,43): error TS2339: Property 'reparto' does not exist on type 'never'.
app-wrapper.tsx(6002,31): error TS2339: Property 'tiempos' does not exist on type 'never'.
app-wrapper.tsx(6003,48): error TS2339: Property 'tiempos' does not exist on type 'never'.
app-wrapper.tsx(6003,86): error TS2339: Property 'tiempos' does not exist on type 'never'.
app-wrapper.tsx(6018,27): error TS7031: Binding element 'title' implicitly has an 'any' type.
app-wrapper.tsx(6032,33): error TS7031: Binding element 'isOpen' implicitly has an 'any' type.
app-wrapper.tsx(6032,41): error TS7031: Binding element 'onClose' implicitly has an 'any' type.
app-wrapper.tsx(6032,50): error TS7031: Binding element 'onSave' implicitly has an 'any' type.
app-wrapper.tsx(6038,77): error TS7006: Parameter 'snapshot' implicitly has an 'any' type.
app-wrapper.tsx(6039,50): error TS7006: Parameter 'doc' implicitly has an 'any' type.
app-wrapper.tsx(6041,55): error TS7006: Parameter 'p' implicitly has an 'any' type.
app-wrapper.tsx(6211,45): error TS7006: Parameter 'tipoPrenda' implicitly has an 'any' type.
app-wrapper.tsx(6213,28): error TS2304: Cannot find name 'inventoryData'.
app-wrapper.tsx(6213,50): error TS7006: Parameter 'item' implicitly has an 'any' type.
app-wrapper.tsx(6213,96): error TS7006: Parameter 'item' implicitly has an 'any' type.
app-wrapper.tsx(6219,52): error TS7006: Parameter 'tipoPrenda' implicitly has an 'any' type.
app-wrapper.tsx(6219,64): error TS7006: Parameter 'color' implicitly has an 'any' type.
app-wrapper.tsx(6222,7): error TS2304: Cannot find name 'inventoryData'.
app-wrapper.tsx(6222,29): error TS7006: Parameter 'item' implicitly has an 'any' type.
app-wrapper.tsx(6222,99): error TS7006: Parameter 'item' implicitly has an 'any' type.
app-wrapper.tsx(6226,38): error TS2345: Argument of type 'unknown' is not assignable to parameter of type 'string'.
app-wrapper.tsx(6227,38): error TS2345: Argument of type 'unknown' is not assignable to parameter of type 'string'.
app-wrapper.tsx(6231,16): error TS18046: 'a' is of type 'unknown'.
app-wrapper.tsx(6285,35): error TS7053: Element implicitly has an 'any' type because expression of type 'string' can't be used to index type '{ PAREJAS: string[]; "CASACAS DE EQUIPOS": string[]; "CASACAS GEEKS": string[]; PIJAMAS: string[]; "POR MAYOR": string[]; }'.
  No index signature with a parameter of type 'string' was found on type '{ PAREJAS: string[]; "CASACAS DE EQUIPOS": string[]; "CASACAS GEEKS": string[]; PIJAMAS: string[]; "POR MAYOR": string[]; }'.
app-wrapper.tsx(6286,31): error TS7053: Element implicitly has an 'any' type because expression of type 'string' can't be used to index type '{ PAREJAS: string[]; "CASACAS DE EQUIPOS": string[]; "CASACAS GEEKS": string[]; PIJAMAS: string[]; "POR MAYOR": string[]; }'.
  No index signature with a parameter of type 'string' was found on type '{ PAREJAS: string[]; "CASACAS DE EQUIPOS": string[]; "CASACAS GEEKS": string[]; PIJAMAS: string[]; "POR MAYOR": string[]; }'.
app-wrapper.tsx(6302,25): error TS7006: Parameter 'e' implicitly has an 'any' type.
app-wrapper.tsx(6329,9): error TS7053: Element implicitly has an 'any' type because expression of type 'any' can't be used to index type '{}'.
app-wrapper.tsx(6342,69): error TS2339: Property 'id' does not exist on type 'never'.
app-wrapper.tsx(6344,51): error TS2339: Property 'precios' does not exist on type 'never'.
app-wrapper.tsx(6344,65): error TS7006: Parameter 'p' implicitly has an 'any' type.
app-wrapper.tsx(6354,69): error TS2339: Property 'id' does not exist on type 'never'.
app-wrapper.tsx(6359,56): error TS2339: Property 'variantes' does not exist on type 'never'.
app-wrapper.tsx(6359,72): error TS7006: Parameter 'v' implicitly has an 'any' type.
app-wrapper.tsx(6369,47): error TS2339: Property 'variantes' does not exist on type 'never'.
app-wrapper.tsx(6369,63): error TS7006: Parameter 'v' implicitly has an 'any' type.
app-wrapper.tsx(6375,7): error TS7053: Element implicitly has an 'any' type because expression of type 'string' can't be used to index type '{ id: string; productoId: string; cantidad: number; precioSeleccionado: number; varianteId: string; imagenReferencial: null; }'.
  No index signature with a parameter of type 'string' was found on type '{ id: string; productoId: string; cantidad: number; precioSeleccionado: number; varianteId: string; imagenReferencial: null; }'.
app-wrapper.tsx(6385,31): error TS7006: Parameter 'productosArray' implicitly has an 'any' type.
app-wrapper.tsx(6387,28): error TS7006: Parameter 'prod' implicitly has an 'any' type.
app-wrapper.tsx(6409,37): error TS7006: Parameter 'productIndex' implicitly has an 'any' type.
app-wrapper.tsx(6409,51): error TS7006: Parameter 'prendaIndex' implicitly has an 'any' type.
app-wrapper.tsx(6409,64): error TS7006: Parameter 'field' implicitly has an 'any' type.
app-wrapper.tsx(6409,71): error TS7006: Parameter 'value' implicitly has an 'any' type.
app-wrapper.tsx(6411,60): error TS2339: Property 'detallesPrenda' does not exist on type '{ id: string; productoId: string; cantidad: number; precioSeleccionado: number; varianteId: string; imagenReferencial: null; }'.
app-wrapper.tsx(6423,34): error TS2304: Cannot find name 'inventoryData'.
app-wrapper.tsx(6424,10): error TS7006: Parameter 'item' implicitly has an 'any' type.
app-wrapper.tsx(6484,31): error TS7006: Parameter 'index' implicitly has an 'any' type.
app-wrapper.tsx(6484,38): error TS7006: Parameter 'field' implicitly has an 'any' type.
app-wrapper.tsx(6484,45): error TS7006: Parameter 'value' implicitly has an 'any' type.
app-wrapper.tsx(6486,5): error TS7053: Element implicitly has an 'any' type because expression of type 'any' can't be used to index type '{ id: string; regaloId: string; cantidad: number; }'.
app-wrapper.tsx(6489,7): error TS7053: Element implicitly has an 'any' type because expression of type 'any' can't be used to index type '{ id: string; regaloId: string; cantidad: number; }'.
app-wrapper.tsx(6502,27): error TS2339: Property 'email' does not exist on type 'never'.
app-wrapper.tsx(6506,17): error TS2345: Argument of type '(prev: { clienteNombre: string; clienteApellidos: string; clienteContacto: string; clienteContactoSecundario: string; clienteCorreo: string; clienteTipoDocumento: string; clienteNumeroDocumento: string; ... 60 more ...; instruccionesEmpaquetado: string; }) => { ...; }' is not assignable to parameter of type 'SetStateAction<{ clienteNombre: string; clienteApellidos: string; clienteContacto: string; clienteContactoSecundario: string; clienteCorreo: string; clienteTipoDocumento: string; clienteNumeroDocumento: string; ... 60 more ...; instruccionesEmpaquetado: string; }>'.
  Type '(prev: { clienteNombre: string; clienteApellidos: string; clienteContacto: string; clienteContactoSecundario: string; clienteCorreo: string; clienteTipoDocumento: string; clienteNumeroDocumento: string; ... 60 more ...; instruccionesEmpaquetado: string; }) => { ...; }' is not assignable to type '(prevState: { clienteNombre: string; clienteApellidos: string; clienteContacto: string; clienteContactoSecundario: string; clienteCorreo: string; clienteTipoDocumento: string; clienteNumeroDocumento: string; ... 60 more ...; instruccionesEmpaquetado: string; }) => { ...; }'.
    Call signature return types '{ comentarios: { id: string; texto: string; autor: any; fecha: string; timestamp: Date; }[]; clienteNombre: string; clienteApellidos: string; clienteContacto: string; clienteContactoSecundario: string; ... 62 more ...; instruccionesEmpaquetado: string; }' and '{ clienteNombre: string; clienteApellidos: string; clienteContacto: string; clienteContactoSecundario: string; clienteCorreo: string; clienteTipoDocumento: string; clienteNumeroDocumento: string; ... 60 more ...; instruccionesEmpaquetado: string; }' are incompatible.
      The types of 'comentarios' are incompatible between these types.
        Type '{ id: string; texto: string; autor: any; fecha: string; timestamp: Date; }[]' is not assignable to type 'never[]'.
          Type '{ id: string; texto: string; autor: any; fecha: string; timestamp: Date; }' is not assignable to type 'never'.
app-wrapper.tsx(6523,57): error TS7006: Parameter 'cliente' implicitly has an 'any' type.
app-wrapper.tsx(6546,59): error TS7006: Parameter 'pedido' implicitly has an 'any' type.
app-wrapper.tsx(6630,39): error TS7006: Parameter 'index' implicitly has an 'any' type.
app-wrapper.tsx(6630,46): error TS7006: Parameter 'field' implicitly has an 'any' type.
app-wrapper.tsx(6630,53): error TS7006: Parameter 'file' implicitly has an 'any' type.
app-wrapper.tsx(6632,5): error TS7053: Element implicitly has an 'any' type because expression of type 'any' can't be used to index type '{ id: string; productoId: string; cantidad: number; precioSeleccionado: number; varianteId: string; imagenReferencial: null; }'.
app-wrapper.tsx(6636,41): error TS7006: Parameter 'files' implicitly has an 'any' type.
app-wrapper.tsx(6643,53): error TS2339: Property 'clienteContacto' does not exist on type '{}'.
app-wrapper.tsx(6645,17): error TS2339: Property 'clienteContacto' does not exist on type '{}'.
app-wrapper.tsx(6647,17): error TS2339: Property 'clienteContactoSecundario' does not exist on type '{}'.
app-wrapper.tsx(6648,51): error TS2339: Property 'clienteNombre' does not exist on type '{}'.
app-wrapper.tsx(6649,54): error TS2339: Property 'clienteApellidos' does not exist on type '{}'.
app-wrapper.tsx(6650,51): error TS2339: Property 'clienteTipoDocumento' does not exist on type '{}'.
app-wrapper.tsx(6652,17): error TS2339: Property 'clienteNumeroDocumento' does not exist on type '{}'.
app-wrapper.tsx(6653,50): error TS2339: Property 'clienteDepartamento' does not exist on type '{}'.
app-wrapper.tsx(6655,17): error TS2339: Property 'clienteProvincia' does not exist on type '{}'.
app-wrapper.tsx(6657,17): error TS2339: Property 'clienteDistritoReal' does not exist on type '{}'.
app-wrapper.tsx(6660,41): error TS2339: Property 'canalVenta' does not exist on type '{}'.
app-wrapper.tsx(6661,40): error TS2339: Property 'activador' does not exist on type '{}'.
app-wrapper.tsx(6662,44): error TS2339: Property 'lineaProducto' does not exist on type '{}'.
app-wrapper.tsx(6664,17): error TS2339: Property 'whatsappOrigen' does not exist on type '{}'.
app-wrapper.tsx(6665,39): error TS2339: Property 'vendedor' does not exist on type '{}'.
app-wrapper.tsx(6667,17): error TS2339: Property 'productosGenerales' does not exist on type '{}'.
app-wrapper.tsx(6672,53): error TS2339: Property 'envioContacto' does not exist on type '{}'.
app-wrapper.tsx(6674,19): error TS2339: Property 'envioContacto' does not exist on type '{}'.
app-wrapper.tsx(6676,19): error TS2339: Property 'envioContactoSecundario' does not exist on type '{}'.
app-wrapper.tsx(6678,19): error TS2339: Property 'envioNombreCliente' does not exist on type '{}'.
app-wrapper.tsx(6680,19): error TS2339: Property 'envioTipoDocumento' does not exist on type '{}'.
app-wrapper.tsx(6682,19): error TS2339: Property 'envioNumeroDocumento' does not exist on type '{}'.
app-wrapper.tsx(6683,50): error TS2339: Property 'envioDepartamento' does not exist on type '{}'.
app-wrapper.tsx(6685,19): error TS2339: Property 'envioProvincia' does not exist on type '{}'.
app-wrapper.tsx(6687,19): error TS2339: Property 'envioDistrito' does not exist on type '{}'.
app-wrapper.tsx(6692,19): error TS2339: Property 'envioDireccionLima' does not exist on type '{}'.
app-wrapper.tsx(6695,19): error TS2339: Property 'agenciaEnvio' does not exist on type '{}'.
app-wrapper.tsx(6703,19): error TS2339: Property 'envioDireccionLima' does not exist on type '{}'.
app-wrapper.tsx(6706,19): error TS2339: Property 'agenciaEnvio' does not exist on type '{}'.
app-wrapper.tsx(6711,47): error TS2339: Property 'montoAdelanto' does not exist on type '{}'.
app-wrapper.tsx(6717,17): error TS2339: Property 'montoTotal' does not exist on type '{}'.
app-wrapper.tsx(6724,31): error TS7006: Parameter 'e' implicitly has an 'any' type.
app-wrapper.tsx(6728,33): error TS7053: Element implicitly has an 'any' type because expression of type 'string' can't be used to index type '{}'.
  No index signature with a parameter of type 'string' was found on type '{}'.
app-wrapper.tsx(6738,10): error TS7006: Parameter 'c' implicitly has an 'any' type.
app-wrapper.tsx(6805,11): error TS2551: Property 'imagenProductoReferencia' does not exist on type '{ id: string; productoId: string; cantidad: number; precioSeleccionado: number; varianteId: string; imagenReferencial: null; }'. Did you mean 'imagenReferencial'?
app-wrapper.tsx(6805,56): error TS2551: Property 'imagenProductoReferencia' does not exist on type '{ id: string; productoId: string; cantidad: number; precioSeleccionado: number; varianteId: string; imagenReferencial: null; }'. Did you mean 'imagenReferencial'?
app-wrapper.tsx(6805,90): error TS2551: Property 'imagenProductoReferencia' does not exist on type '{ id: string; productoId: string; cantidad: number; precioSeleccionado: number; varianteId: string; imagenReferencial: null; }'. Did you mean 'imagenReferencial'?
app-wrapper.tsx(6813,35): error TS2345: Argument of type 'number' is not assignable to parameter of type 'string'.
app-wrapper.tsx(6823,35): error TS2345: Argument of type 'number' is not assignable to parameter of type 'string'.
app-wrapper.tsx(6835,41): error TS2339: Property 'uid' does not exist on type 'never'.
app-wrapper.tsx(6839,48): error TS2339: Property 'uid' does not exist on type 'never'.
app-wrapper.tsx(6840,51): error TS2339: Property 'email' does not exist on type 'never'.
app-wrapper.tsx(6842,112): error TS2339: Property 'email' does not exist on type 'never'.
app-wrapper.tsx(6852,9): error TS2322: Type 'Date' is not assignable to type 'null'.
app-wrapper.tsx(6909,18): error TS2339: Property 'id' does not exist on type '{ productos: { productoId: string; cantidad: number; }[]; montoTotal: number; montoAdelanto: number; montoPendiente: number; fechaEnvio: string | null; createdAt: Date | undefined; updatedAt: Date | undefined; ... 64 more ...; instruccionesEmpaquetado: string; }'.
app-wrapper.tsx(6914,18): error TS2339: Property 'clienteId' does not exist on type '{ productos: { productoId: string; cantidad: number; }[]; montoTotal: number; montoAdelanto: number; montoPendiente: number; fechaEnvio: string | null; createdAt: Date | undefined; updatedAt: Date | undefined; ... 64 more ...; instruccionesEmpaquetado: string; }'.
app-wrapper.tsx(6937,53): error TS7006: Parameter 'c' implicitly has an 'any' type.
app-wrapper.tsx(6955,46): error TS18046: 'error' is of type 'unknown'.
app-wrapper.tsx(7001,22): error TS2739: Type '{ children: string; type: string; variant: string; size: string; onClick: () => Promise<void>; className: string; }' is missing the following properties from type '{ [x: string]: any; children: any; onClick: any; type?: string | undefined; variant?: string | undefined; size?: string | undefined; iconLeft: any; iconRight: any; disabled: any; className?: string | undefined; }': iconLeft, iconRight, disabled
app-wrapper.tsx(7029,33): error TS2339: Property 'clienteNombre' does not exist on type '{}'.
app-wrapper.tsx(7038,33): error TS2339: Property 'clienteApellidos' does not exist on type '{}'.
app-wrapper.tsx(7048,33): error TS2339: Property 'clienteContacto' does not exist on type '{}'.
app-wrapper.tsx(7057,33): error TS2339: Property 'clienteContactoSecundario' does not exist on type '{}'.
app-wrapper.tsx(7066,33): error TS2339: Property 'clienteCorreo' does not exist on type '{}'.
app-wrapper.tsx(7069,18): error TS2741: Property 'className' is missing in type '{ label: string; id: string; name: string; value: string; onChange: (e: any) => void; options: { value: string; label: string; }[]; placeholder: string; required: true; error: any; }' but required in type '{ [x: string]: any; label: any; id: any; value: any; onChange: any; options: any; placeholder: any; required: any; error: any; className: any; }'.
app-wrapper.tsx(7078,33): error TS2339: Property 'clienteTipoDocumento' does not exist on type '{}'.
app-wrapper.tsx(7087,33): error TS2339: Property 'clienteNumeroDocumento' does not exist on type '{}'.
app-wrapper.tsx(7089,18): error TS2741: Property 'className' is missing in type '{ label: string; id: string; name: string; value: string; onChange: (e: any) => void; options: { value: string; label: string; }[]; placeholder: string; required: true; error: any; }' but required in type '{ [x: string]: any; label: any; id: any; value: any; onChange: any; options: any; placeholder: any; required: any; error: any; className: any; }'.
app-wrapper.tsx(7098,33): error TS2339: Property 'clienteDepartamento' does not exist on type '{}'.
app-wrapper.tsx(7100,18): error TS2741: Property 'className' is missing in type '{ label: string; id: string; name: string; value: string; onChange: (e: any) => void; options: { value: string; label: string; }[]; placeholder: string; required: boolean; disabled: boolean; error: any; }' but required in type '{ [x: string]: any; label: any; id: any; value: any; onChange: any; options: any; placeholder: any; required: any; error: any; className: any; }'.
app-wrapper.tsx(7110,33): error TS2339: Property 'clienteProvincia' does not exist on type '{}'.
app-wrapper.tsx(7112,18): error TS2741: Property 'className' is missing in type '{ label: string; id: string; name: string; value: string; onChange: (e: any) => void; options: { value: string; label: string; }[]; placeholder: string; required: boolean; disabled: boolean; error: any; }' but required in type '{ [x: string]: any; label: any; id: any; value: any; onChange: any; options: any; placeholder: any; required: any; error: any; className: any; }'.
app-wrapper.tsx(7122,33): error TS2339: Property 'clienteDistritoReal' does not exist on type '{}'.
app-wrapper.tsx(7143,18): error TS2741: Property 'className' is missing in type '{ label: string; id: string; name: string; value: string; onChange: (e: any) => void; options: { value: string; label: string; }[]; placeholder: string; required: true; error: any; }' but required in type '{ [x: string]: any; label: any; id: any; value: any; onChange: any; options: any; placeholder: any; required: any; error: any; className: any; }'.
app-wrapper.tsx(7152,33): error TS2339: Property 'canalVenta' does not exist on type '{}'.
app-wrapper.tsx(7154,18): error TS2741: Property 'className' is missing in type '{ label: string; id: string; name: string; value: string; onChange: (e: any) => void; options: { value: string; label: string; }[]; placeholder: string; required: true; error: any; }' but required in type '{ [x: string]: any; label: any; id: any; value: any; onChange: any; options: any; placeholder: any; required: any; error: any; className: any; }'.
app-wrapper.tsx(7163,33): error TS2339: Property 'activador' does not exist on type '{}'.
app-wrapper.tsx(7165,18): error TS2741: Property 'className' is missing in type '{ label: string; id: string; name: string; value: string; onChange: (e: any) => void; options: { value: string; label: string; }[]; placeholder: string; required: true; error: any; }' but required in type '{ [x: string]: any; label: any; id: any; value: any; onChange: any; options: any; placeholder: any; required: any; error: any; className: any; }'.
app-wrapper.tsx(7174,33): error TS2339: Property 'lineaProducto' does not exist on type '{}'.
app-wrapper.tsx(7176,18): error TS2741: Property 'className' is missing in type '{ label: string; id: string; name: string; value: string; onChange: (e: any) => void; options: { value: any; label: any; }[]; placeholder: string; required: boolean; disabled: boolean; error: any; }' but required in type '{ [x: string]: any; label: any; id: any; value: any; onChange: any; options: any; placeholder: any; required: any; error: any; className: any; }'.
app-wrapper.tsx(7186,33): error TS2339: Property 'whatsappOrigen' does not exist on type '{}'.
app-wrapper.tsx(7208,23): error TS2339: Property 'productosGenerales' does not exist on type '{}'.
app-wrapper.tsx(7208,94): error TS2339: Property 'productosGenerales' does not exist on type '{}'.
app-wrapper.tsx(7214,26): error TS2741: Property 'className' is missing in type '{ label: string; id: string; value: any; onChange: (e: any) => void; options: { value: any; label: any; }[]; placeholder: string; required: true; error: any; }' but required in type '{ [x: string]: any; label: any; id: any; value: any; onChange: any; options: any; placeholder: any; required: any; error: any; className: any; }'.
app-wrapper.tsx(7218,38): error TS7006: Parameter 'e' implicitly has an 'any' type.
app-wrapper.tsx(7219,80): error TS2339: Property 'id' does not exist on type 'never'.
app-wrapper.tsx(7219,93): error TS2339: Property 'nombre' does not exist on type 'never'.
app-wrapper.tsx(7222,34): error TS7053: Element implicitly has an 'any' type because expression of type '`producto_${number}_id`' can't be used to index type '{}'.
app-wrapper.tsx(7231,38): error TS7006: Parameter 'e' implicitly has an 'any' type.
app-wrapper.tsx(7238,28): error TS2739: Type '{ children: Element; type: string; variant: string; size: string; onClick: () => void; className: string; }' is missing the following properties from type '{ [x: string]: any; children: any; onClick: any; type?: string | undefined; variant?: string | undefined; size?: string | undefined; iconLeft: any; iconRight: any; disabled: any; className?: string | undefined; }': iconLeft, iconRight, disabled
app-wrapper.tsx(7251,85): error TS2339: Property 'id' does not exist on type 'never'.
app-wrapper.tsx(7252,72): error TS2339: Property 'precios' does not exist on type 'never'.
app-wrapper.tsx(7252,88): error TS7006: Parameter 'p' implicitly has an 'any' type.
app-wrapper.tsx(7253,68): error TS2339: Property 'variantes' does not exist on type 'never'.
app-wrapper.tsx(7253,102): error TS2339: Property 'variantes' does not exist on type 'never'.
app-wrapper.tsx(7267,58): error TS7006: Parameter 'precio' implicitly has an 'any' type.
app-wrapper.tsx(7286,55): error TS2339: Property 'variantes' does not exist on type 'never'.
app-wrapper.tsx(7286,70): error TS7006: Parameter 'variante' implicitly has an 'any' type.
app-wrapper.tsx(7304,22): error TS2739: Type '{ label: string; id: string; onFileChange: (file: any) => void; currentFile: any; accept: string; maxSizeMB: number; }' is missing the following properties from type '{ label: any; id: any; onFileChange: any; currentFile: any; required: any; error: any; accept?: string | undefined; maxSizeMB?: number | undefined; }': required, error
app-wrapper.tsx(7307,38): error TS7006: Parameter 'file' implicitly has an 'any' type.
app-wrapper.tsx(7315,16): error TS2739: Type '{ children: string; type: string; variant: string; onClick: () => void; iconLeft: Element; className: string; }' is missing the following properties from type '{ [x: string]: any; children: any; onClick: any; type?: string | undefined; variant?: string | undefined; size?: string | undefined; iconLeft: any; iconRight: any; disabled: any; className?: string | undefined; }': iconRight, disabled
app-wrapper.tsx(7325,22): error TS2739: Type '{ label: string; id: string; value: string; onChange: (e: any) => void; options: { value: string; label: string; }[]; placeholder: string; }' is missing the following properties from type '{ [x: string]: any; label: any; id: any; value: any; onChange: any; options: any; placeholder: any; required: any; error: any; className: any; }': required, error, className
app-wrapper.tsx(7329,34): error TS7006: Parameter 'e' implicitly has an 'any' type.
app-wrapper.tsx(7340,34): error TS7006: Parameter 'e' implicitly has an 'any' type.
app-wrapper.tsx(7346,24): error TS2739: Type '{ children: string; type: string; variant: string; size: string; onClick: () => void; className: string; }' is missing the following properties from type '{ [x: string]: any; children: any; onClick: any; type?: string | undefined; variant?: string | undefined; size?: string | undefined; iconLeft: any; iconRight: any; disabled: any; className?: string | undefined; }': iconLeft, iconRight, disabled
app-wrapper.tsx(7359,16): error TS2739: Type '{ children: string; type: string; variant: string; onClick: () => void; iconLeft: Element; className: string; }' is missing the following properties from type '{ [x: string]: any; children: any; onClick: any; type?: string | undefined; variant?: string | undefined; size?: string | undefined; iconLeft: any; iconRight: any; disabled: any; className?: string | undefined; }': iconRight, disabled
app-wrapper.tsx(7446,34): error TS7006: Parameter 'e' implicitly has an 'any' type.
app-wrapper.tsx(7448,37): error TS2339: Property 'envioNombreCliente' does not exist on type '{}'.
app-wrapper.tsx(7455,34): error TS7006: Parameter 'e' implicitly has an 'any' type.
app-wrapper.tsx(7465,37): error TS2339: Property 'envioContacto' does not exist on type '{}'.
app-wrapper.tsx(7467,22): error TS2741: Property 'className' is missing in type '{ label: string; id: string; name: string; value: string; onChange: (e: any) => void; options: { value: string; label: string; }[]; placeholder: string; required: true; error: any; }' but required in type '{ [x: string]: any; label: any; id: any; value: any; onChange: any; options: any; placeholder: any; required: any; error: any; className: any; }'.
app-wrapper.tsx(7476,37): error TS2339: Property 'envioTipoDocumento' does not exist on type '{}'.
app-wrapper.tsx(7485,37): error TS2339: Property 'envioNumeroDocumento' does not exist on type '{}'.
app-wrapper.tsx(7489,22): error TS2741: Property 'className' is missing in type '{ label: string; id: string; name: string; value: string; onChange: (e: any) => void; options: { value: string; label: string; }[]; placeholder: string; required: true; error: any; }' but required in type '{ [x: string]: any; label: any; id: any; value: any; onChange: any; options: any; placeholder: any; required: any; error: any; className: any; }'.
app-wrapper.tsx(7498,37): error TS2339: Property 'envioDepartamento' does not exist on type '{}'.
app-wrapper.tsx(7500,22): error TS2741: Property 'className' is missing in type '{ label: string; id: string; name: string; value: string; onChange: (e: any) => void; options: { value: string; label: string; }[]; placeholder: string; required: boolean; disabled: boolean; error: any; }' but required in type '{ [x: string]: any; label: any; id: any; value: any; onChange: any; options: any; placeholder: any; required: any; error: any; className: any; }'.
app-wrapper.tsx(7510,37): error TS2339: Property 'envioProvincia' does not exist on type '{}'.
app-wrapper.tsx(7512,22): error TS2741: Property 'className' is missing in type '{ label: string; id: string; name: string; value: string; onChange: (e: any) => void; options: { value: string; label: string; }[]; placeholder: string; required: boolean; disabled: boolean; error: any; }' but required in type '{ [x: string]: any; label: any; id: any; value: any; onChange: any; options: any; placeholder: any; required: any; error: any; className: any; }'.
app-wrapper.tsx(7522,37): error TS2339: Property 'envioDistrito' does not exist on type '{}'.
app-wrapper.tsx(7556,35): error TS2339: Property 'envioDireccionLima' does not exist on type '{}'.
app-wrapper.tsx(7580,35): error TS2339: Property 'agenciaEnvio' does not exist on type '{}'.
app-wrapper.tsx(7612,33): error TS2339: Property 'montoAdelanto' does not exist on type '{}'.
app-wrapper.tsx(7625,33): error TS2339: Property 'montoTotal' does not exist on type '{}'.
app-wrapper.tsx(7683,18): error TS2741: Property 'className' is missing in type '{ label: string; id: string; name: string; value: string; onChange: (e: any) => void; options: { value: string; label: string; }[]; placeholder: string; required: true; error: any; }' but required in type '{ [x: string]: any; label: any; id: any; value: any; onChange: any; options: any; placeholder: any; required: any; error: any; className: any; }'.
app-wrapper.tsx(7692,33): error TS2339: Property 'vendedor' does not exist on type '{}'.
app-wrapper.tsx(7727,41): error TS2339: Property 'id' does not exist on type 'never'.
app-wrapper.tsx(7730,80): error TS2339: Property 'texto' does not exist on type 'never'.
app-wrapper.tsx(7732,39): error TS2339: Property 'autor' does not exist on type 'never'.
app-wrapper.tsx(7732,60): error TS2339: Property 'fecha' does not exist on type 'never'.
app-wrapper.tsx(7753,20): error TS2739: Type '{ children: string; type: string; variant: string; size: string; onClick: () => void; }' is missing the following properties from type '{ [x: string]: any; children: any; onClick: any; type?: string | undefined; variant?: string | undefined; size?: string | undefined; iconLeft: any; iconRight: any; disabled: any; className?: string | undefined; }': iconLeft, iconRight, disabled
app-wrapper.tsx(7769,14): error TS2739: Type '{ children: string; type: string; variant: string; size: string; onClick: () => void; }' is missing the following properties from type '{ [x: string]: any; children: any; onClick: any; type?: string | undefined; variant?: string | undefined; size?: string | undefined; iconLeft: any; iconRight: any; disabled: any; className?: string | undefined; }': iconLeft, iconRight, disabled
app-wrapper.tsx(7784,12): error TS2739: Type '{ children: string; type: string; variant: string; size: string; onClick: any; }' is missing the following properties from type '{ [x: string]: any; children: any; onClick: any; type?: string | undefined; variant?: string | undefined; size?: string | undefined; iconLeft: any; iconRight: any; disabled: any; className?: string | undefined; }': iconLeft, iconRight, disabled
app-wrapper.tsx(7787,12): error TS2739: Type '{ children: string; type: string; variant: string; size: string; iconLeft: Element; }' is missing the following properties from type '{ [x: string]: any; children: any; onClick: any; type?: string | undefined; variant?: string | undefined; size?: string | undefined; iconLeft: any; iconRight: any; disabled: any; className?: string | undefined; }': onClick, iconRight, disabled
app-wrapper.tsx(7797,37): error TS7031: Binding element 'isOpen' implicitly has an 'any' type.
app-wrapper.tsx(7797,45): error TS7031: Binding element 'onClose' implicitly has an 'any' type.
app-wrapper.tsx(7797,54): error TS7031: Binding element 'etapaId' implicitly has an 'any' type.
app-wrapper.tsx(7797,63): error TS7031: Binding element 'etapaNombre' implicitly has an 'any' type.
app-wrapper.tsx(7798,11): error TS2339: Property 'isOwner' does not exist on type '{ currentUser: null; userData: null; loadingAuth: boolean; hasRole: () => boolean; isAdmin: () => boolean; hasPermission: () => boolean; hasSpecialPermission: () => boolean; isMasterAdmin: () => boolean; canAccess: () => boolean; login: () => Promise<{ success: boolean; }>; logout: () => void; registerUser: () => vo...'.
app-wrapper.tsx(7827,58): error TS7006: Parameter 'c' implicitly has an 'any' type.
app-wrapper.tsx(7840,23): error TS2345: Argument of type 'any[]' is not assignable to parameter of type 'SetStateAction<never[]>'.
  Type 'any[]' is not assignable to type 'never[]'.
    Type 'any' is not assignable to type 'never'.
app-wrapper.tsx(7844,60): error TS7006: Parameter 'c' implicitly has an 'any' type.
app-wrapper.tsx(7852,45): error TS2339: Property 'categoria' does not exist on type 'never'.
app-wrapper.tsx(7859,13): error TS2339: Property 'nombre' does not exist on type 'never'.
app-wrapper.tsx(7860,13): error TS2339: Property 'campo' does not exist on type 'never'.
app-wrapper.tsx(7861,13): error TS2339: Property 'categoria' does not exist on type 'never'.
app-wrapper.tsx(7868,26): error TS7006: Parameter 'event' implicitly has an 'any' type.
app-wrapper.tsx(7872,59): error TS2339: Property 'id' does not exist on type 'never'.
app-wrapper.tsx(7873,59): error TS2339: Property 'id' does not exist on type 'never'.
app-wrapper.tsx(7879,11): error TS2339: Property 'ordenPersonalizado' does not exist on type 'never'.
app-wrapper.tsx(7885,62): error TS2339: Property 'id' does not exist on type 'never'.
app-wrapper.tsx(7885,81): error TS2339: Property 'id' does not exist on type 'never'.
app-wrapper.tsx(7887,40): error TS2339: Property 'ordenPersonalizado' does not exist on type 'never'.
app-wrapper.tsx(7887,73): error TS2339: Property 'ordenPersonalizado' does not exist on type 'never'.
app-wrapper.tsx(7892,46): error TS2339: Property 'ordenPersonalizado' does not exist on type 'never'.
app-wrapper.tsx(7892,69): error TS2339: Property 'ordenPersonalizado' does not exist on type 'never'.
app-wrapper.tsx(7897,32): error TS7006: Parameter 'columnaId' implicitly has an 'any' type.
app-wrapper.tsx(7898,23): error TS2345: Argument of type '(prev: never[]) => any[]' is not assignable to parameter of type 'SetStateAction<never[]>'.
  Type '(prev: never[]) => any[]' is not assignable to type '(prevState: never[]) => never[]'.
    Type 'any[]' is not assignable to type 'never[]'.
      Type 'any' is not assignable to type 'never'.
app-wrapper.tsx(7900,13): error TS2339: Property 'id' does not exist on type 'never'.
app-wrapper.tsx(7900,34): error TS2698: Spread types may only be created from object types.
app-wrapper.tsx(7900,56): error TS2339: Property 'visible' does not exist on type 'never'.
app-wrapper.tsx(7908,42): error TS2339: Property 'campo' does not exist on type 'never'.
app-wrapper.tsx(7913,7): error TS7053: Element implicitly has an 'any' type because expression of type 'any' can't be used to index type '{ orden: any[]; }'.
app-wrapper.tsx(7913,18): error TS2339: Property 'campo' does not exist on type 'never'.
app-wrapper.tsx(7913,31): error TS2339: Property 'visible' does not exist on type 'never'.
app-wrapper.tsx(7935,25): error TS2345: Argument of type 'any[]' is not assignable to parameter of type 'SetStateAction<never[]>'.
  Type 'any[]' is not assignable to type 'never[]'.
    Type 'any' is not assignable to type 'never'.
app-wrapper.tsx(7964,23): error TS2322: Type 'unknown' is not assignable to type 'Key | null | undefined'.
app-wrapper.tsx(7964,33): error TS2322: Type 'unknown' is not assignable to type 'string | number | readonly string[] | undefined'.
app-wrapper.tsx(7965,18): error TS18046: 'cat' is of type 'unknown'.
app-wrapper.tsx(7965,48): error TS18046: 'cat' is of type 'unknown'.
app-wrapper.tsx(7981,68): error TS2339: Property 'id' does not exist on type 'never'.
app-wrapper.tsx(7985,34): error TS2339: Property 'id' does not exist on type 'never'.
app-wrapper.tsx(7987,38): error TS2339: Property 'visible' does not exist on type 'never'.
app-wrapper.tsx(7988,72): error TS2339: Property 'id' does not exist on type 'never'.
app-wrapper.tsx(8006,55): error TS2339: Property 'visible' does not exist on type 'never'.
app-wrapper.tsx(8007,55): error TS2339: Property 'visible' does not exist on type 'never'.
app-wrapper.tsx(8013,12): error TS2739: Type '{ children: string; variant: string; onClick: () => void; iconLeft: Element; }' is missing the following properties from type '{ [x: string]: any; children: any; onClick: any; type?: string | undefined; variant?: string | undefined; size?: string | undefined; iconLeft: any; iconRight: any; disabled: any; className?: string | undefined; }': iconRight, disabled
app-wrapper.tsx(8017,14): error TS2739: Type '{ children: string; variant: string; onClick: any; iconLeft: Element; }' is missing the following properties from type '{ [x: string]: any; children: any; onClick: any; type?: string | undefined; variant?: string | undefined; size?: string | undefined; iconLeft: any; iconRight: any; disabled: any; className?: string | undefined; }': iconRight, disabled
app-wrapper.tsx(8020,14): error TS2739: Type '{ children: string; variant: string; onClick: () => void; iconLeft: Element; }' is missing the following properties from type '{ [x: string]: any; children: any; onClick: any; type?: string | undefined; variant?: string | undefined; size?: string | undefined; iconLeft: any; iconRight: any; disabled: any; className?: string | undefined; }': iconRight, disabled
app-wrapper.tsx(8031,30): error TS7031: Binding element 'columna' implicitly has an 'any' type.
app-wrapper.tsx(8031,39): error TS7031: Binding element 'visible' implicitly has an 'any' type.
app-wrapper.tsx(8031,48): error TS7031: Binding element 'onToggleVisible' implicitly has an 'any' type.
app-wrapper.tsx(8095,40): error TS7006: Parameter 'rowData' implicitly has an 'any' type.
app-wrapper.tsx(8095,49): error TS7006: Parameter 'mapeo' implicitly has an 'any' type.
app-wrapper.tsx(8095,56): error TS7006: Parameter 'identificador' implicitly has an 'any' type.
app-wrapper.tsx(8095,71): error TS7006: Parameter 'identificadorValor' implicitly has an 'any' type.
app-wrapper.tsx(8103,38): error TS2339: Property 'get' does not exist on type 'never'.
app-wrapper.tsx(8105,59): error TS7006: Parameter 'p' implicitly has an 'any' type.
app-wrapper.tsx(8118,41): error TS7006: Parameter 'p' implicitly has an 'any' type.
app-wrapper.tsx(8129,7): error TS7034: Variable 'pedido' implicitly has type 'any' in some locations where its type cannot be determined.
app-wrapper.tsx(8145,62): error TS18046: 'config' is of type 'unknown'.
app-wrapper.tsx(8148,13): error TS18046: 'config' is of type 'unknown'.
app-wrapper.tsx(8151,13): error TS2322: Type '{}' is not assignable to type 'string | number | boolean | Date | null'.
app-wrapper.tsx(8163,17): error TS2322: Type 'string | undefined' is not assignable to type 'string | number | boolean | Date | null'.
  Type 'undefined' is not assignable to type 'string | number | boolean | Date | null'.
app-wrapper.tsx(8169,32): error TS7005: Variable 'pedido' implicitly has an 'any' type.
app-wrapper.tsx(8169,40): error TS18046: 'config' is of type 'unknown'.
app-wrapper.tsx(8200,62): error TS18046: 'config' is of type 'unknown'.
app-wrapper.tsx(8203,13): error TS18046: 'config' is of type 'unknown'.
app-wrapper.tsx(8206,13): error TS2322: Type '{}' is not assignable to type 'string | number | boolean | Date | null'.
app-wrapper.tsx(8218,17): error TS2322: Type 'string | undefined' is not assignable to type 'string | number | boolean | Date | null'.
  Type 'undefined' is not assignable to type 'string | number | boolean | Date | null'.
app-wrapper.tsx(8224,32): error TS7005: Variable 'pedido' implicitly has an 'any' type.
app-wrapper.tsx(8224,40): error TS18046: 'config' is of type 'unknown'.
app-wrapper.tsx(8235,17): error TS2339: Property 'id' does not exist on type '{ clienteNombre: string; clienteApellidos: string; clienteContacto: string; clienteContactoSecundario: string; clienteCorreo: string; clienteTipoDocumento: string; clienteNumeroDocumento: string; ... 48 more ...; historialModificaciones: never[]; }'.
app-wrapper.tsx(8235,31): error TS2339: Property 'numeroPedido' does not exist on type '{ clienteNombre: string; clienteApellidos: string; clienteContacto: string; clienteContactoSecundario: string; clienteCorreo: string; clienteTipoDocumento: string; clienteNumeroDocumento: string; ... 48 more ...; historialModificaciones: never[]; }'.
app-wrapper.tsx(8236,14): error TS2339: Property 'id' does not exist on type '{ clienteNombre: string; clienteApellidos: string; clienteContacto: string; clienteContactoSecundario: string; clienteCorreo: string; clienteTipoDocumento: string; clienteNumeroDocumento: string; ... 48 more ...; historialModificaciones: never[]; }'.
app-wrapper.tsx(8237,14): error TS2339: Property 'numeroPedido' does not exist on type '{ clienteNombre: string; clienteApellidos: string; clienteContacto: string; clienteContactoSecundario: string; clienteCorreo: string; clienteTipoDocumento: string; clienteNumeroDocumento: string; ... 48 more ...; historialModificaciones: never[]; }'.
app-wrapper.tsx(8237,36): error TS2339: Property 'id' does not exist on type '{ clienteNombre: string; clienteApellidos: string; clienteContacto: string; clienteContactoSecundario: string; clienteCorreo: string; clienteTipoDocumento: string; clienteNumeroDocumento: string; ... 48 more ...; historialModificaciones: never[]; }'.
app-wrapper.tsx(8238,24): error TS2339: Property 'id' does not exist on type '{ clienteNombre: string; clienteApellidos: string; clienteContacto: string; clienteContactoSecundario: string; clienteCorreo: string; clienteTipoDocumento: string; clienteNumeroDocumento: string; ... 48 more ...; historialModificaciones: never[]; }'.
app-wrapper.tsx(8239,14): error TS2339: Property 'id' does not exist on type '{ clienteNombre: string; clienteApellidos: string; clienteContacto: string; clienteContactoSecundario: string; clienteCorreo: string; clienteTipoDocumento: string; clienteNumeroDocumento: string; ... 48 more ...; historialModificaciones: never[]; }'.
app-wrapper.tsx(8239,26): error TS2339: Property 'numeroPedido' does not exist on type '{ clienteNombre: string; clienteApellidos: string; clienteContacto: string; clienteContactoSecundario: string; clienteCorreo: string; clienteTipoDocumento: string; clienteNumeroDocumento: string; ... 48 more ...; historialModificaciones: never[]; }'.
app-wrapper.tsx(8240,24): error TS2339: Property 'numeroPedido' does not exist on type '{ clienteNombre: string; clienteApellidos: string; clienteContacto: string; clienteContactoSecundario: string; clienteCorreo: string; clienteTipoDocumento: string; clienteNumeroDocumento: string; ... 48 more ...; historialModificaciones: never[]; }'.
app-wrapper.tsx(8241,14): error TS2339: Property 'numeroPedido' does not exist on type '{ clienteNombre: string; clienteApellidos: string; clienteContacto: string; clienteContactoSecundario: string; clienteCorreo: string; clienteTipoDocumento: string; clienteNumeroDocumento: string; ... 48 more ...; historialModificaciones: never[]; }'.
app-wrapper.tsx(8241,36): error TS2339: Property 'id' does not exist on type '{ clienteNombre: string; clienteApellidos: string; clienteContacto: string; clienteContactoSecundario: string; clienteCorreo: string; clienteTipoDocumento: string; clienteNumeroDocumento: string; ... 48 more ...; historialModificaciones: never[]; }'.
app-wrapper.tsx(8246,7): error TS2322: Type '{ timestamp: Date; usuarioId: string; usuarioEmail: string; accion: string; detalle: string; }' is not assignable to type 'never'.
app-wrapper.tsx(8264,38): error TS7006: Parameter 'pedidos' implicitly has an 'any' type.
app-wrapper.tsx(8284,20): error TS7006: Parameter 'pedido' implicitly has an 'any' type.
app-wrapper.tsx(8308,42): error TS7006: Parameter 'file' implicitly has an 'any' type.
app-wrapper.tsx(8318,24): error TS18047: 'e.target' is possibly 'null'.
app-wrapper.tsx(8319,25): error TS18047: 'text' is possibly 'null'.
app-wrapper.tsx(8319,30): error TS2339: Property 'split' does not exist on type 'string | ArrayBuffer'.
  Property 'split' does not exist on type 'ArrayBuffer'.
app-wrapper.tsx(8319,49): error TS7006: Parameter 'line' implicitly has an 'any' type.
app-wrapper.tsx(8326,54): error TS7006: Parameter 'h' implicitly has an 'any' type.
app-wrapper.tsx(8327,17): error TS7034: Variable 'headers' implicitly has type 'any[]' in some locations where its type cannot be determined.
app-wrapper.tsx(8329,30): error TS7006: Parameter 'h' implicitly has an 'any' type.
app-wrapper.tsx(8332,17): error TS7053: Element implicitly has an 'any' type because expression of type 'any' can't be used to index type '{}'.
app-wrapper.tsx(8333,15): error TS7053: Element implicitly has an 'any' type because expression of type 'any' can't be used to index type '{}'.
app-wrapper.tsx(8334,37): error TS7053: Element implicitly has an 'any' type because expression of type 'any' can't be used to index type '{}'.
app-wrapper.tsx(8336,15): error TS7053: Element implicitly has an 'any' type because expression of type 'any' can't be used to index type '{}'.
app-wrapper.tsx(8341,44): error TS7006: Parameter 'line' implicitly has an 'any' type.
app-wrapper.tsx(8341,50): error TS7006: Parameter 'index' implicitly has an 'any' type.
app-wrapper.tsx(8342,48): error TS7006: Parameter 'v' implicitly has an 'any' type.
app-wrapper.tsx(8344,13): error TS7005: Variable 'headers' implicitly has an 'any[]' type.
app-wrapper.tsx(8345,15): error TS7053: Element implicitly has an 'any' type because expression of type 'any' can't be used to index type '{}'.
app-wrapper.tsx(8348,21): error TS7006: Parameter 'row' implicitly has an 'any' type.
app-wrapper.tsx(8352,21): error TS7005: Variable 'headers' implicitly has an 'any[]' type.
app-wrapper.tsx(8362,39): error TS18047: 'e.target' is possibly 'null'.
app-wrapper.tsx(8362,39): error TS2769: No overload matches this call.
  The last overload gave the following error.
    Argument of type 'string | ArrayBuffer | null' is not assignable to parameter of type 'ArrayBuffer | ArrayLike<number>'.
      Type 'null' is not assignable to type 'ArrayBuffer | ArrayLike<number>'.
app-wrapper.tsx(8391,34): error TS18046: 'row' is of type 'unknown'.
app-wrapper.tsx(8391,45): error TS7006: Parameter 'cell' implicitly has an 'any' type.
app-wrapper.tsx(8400,44): error TS2339: Property 'some' does not exist on type '{}'.
app-wrapper.tsx(8400,49): error TS7006: Parameter 'c' implicitly has an 'any' type.
app-wrapper.tsx(8409,30): error TS2571: Object is of type 'unknown'.
app-wrapper.tsx(8409,59): error TS7006: Parameter 'h' implicitly has an 'any' type.
app-wrapper.tsx(8409,95): error TS7006: Parameter 'h' implicitly has an 'any' type.
app-wrapper.tsx(8410,17): error TS7034: Variable 'headers' implicitly has type 'any[]' in some locations where its type cannot be determined.
app-wrapper.tsx(8412,17): error TS7034: Variable 'headerOriginalIndices' implicitly has type 'any[]' in some locations where its type cannot be determined.
app-wrapper.tsx(8414,11): error TS2571: Object is of type 'unknown'.
app-wrapper.tsx(8414,45): error TS7006: Parameter 'h' implicitly has an 'any' type.
app-wrapper.tsx(8414,48): error TS7006: Parameter 'originalIndex' implicitly has an 'any' type.
app-wrapper.tsx(8419,17): error TS7053: Element implicitly has an 'any' type because expression of type 'string' can't be used to index type '{}'.
  No index signature with a parameter of type 'string' was found on type '{}'.
app-wrapper.tsx(8420,15): error TS7053: Element implicitly has an 'any' type because expression of type 'string' can't be used to index type '{}'.
  No index signature with a parameter of type 'string' was found on type '{}'.
app-wrapper.tsx(8421,44): error TS7053: Element implicitly has an 'any' type because expression of type 'string' can't be used to index type '{}'.
  No index signature with a parameter of type 'string' was found on type '{}'.
app-wrapper.tsx(8423,15): error TS7053: Element implicitly has an 'any' type because expression of type 'string' can't be used to index type '{}'.
  No index signature with a parameter of type 'string' was found on type '{}'.
app-wrapper.tsx(8437,13): error TS7005: Variable 'headers' implicitly has an 'any[]' type.
app-wrapper.tsx(8438,40): error TS7005: Variable 'headerOriginalIndices' implicitly has an 'any[]' type.
app-wrapper.tsx(8439,15): error TS7053: Element implicitly has an 'any' type because expression of type 'any' can't be used to index type '{}'.
app-wrapper.tsx(8439,33): error TS18046: 'row' is of type 'unknown'.
app-wrapper.tsx(8439,71): error TS18046: 'row' is of type 'unknown'.
app-wrapper.tsx(8447,21): error TS7005: Variable 'headers' implicitly has an 'any[]' type.
app-wrapper.tsx(8458,69): error TS2339: Property 'header' does not exist on type '{}'.
app-wrapper.tsx(8458,77): error TS2339: Property 'mapeoActual' does not exist on type '{}'.
app-wrapper.tsx(8458,90): error TS2339: Property 'onChange' does not exist on type '{}'.
app-wrapper.tsx(8458,100): error TS2339: Property 'camposAgrupados' does not exist on type '{}'.
app-wrapper.tsx(8475,58): error TS7006: Parameter 'c' implicitly has an 'any' type.
app-wrapper.tsx(8490,37): error TS7006: Parameter 'campo' implicitly has an 'any' type.
app-wrapper.tsx(8494,57): error TS7006: Parameter 'c' implicitly has an 'any' type.
app-wrapper.tsx(8516,64): error TS7006: Parameter 'campo' implicitly has an 'any' type.
app-wrapper.tsx(8523,9): error TS7053: Element implicitly has an 'any' type because expression of type 'string' can't be used to index type '{}'.
  No index signature with a parameter of type 'string' was found on type '{}'.
app-wrapper.tsx(8567,57): error TS7006: Parameter 'campo' implicitly has an 'any' type.
app-wrapper.tsx(8593,15): error TS2339: Property 'header' does not exist on type 'object'.
app-wrapper.tsx(8593,36): error TS2339: Property 'header' does not exist on type 'object'.
app-wrapper.tsx(8594,15): error TS2339: Property 'mapeoActual' does not exist on type 'object'.
app-wrapper.tsx(8594,48): error TS2339: Property 'mapeoActual' does not exist on type 'object'.
app-wrapper.tsx(8595,15): error TS2339: Property 'camposAgrupados' does not exist on type 'object'.
app-wrapper.tsx(8595,45): error TS2339: Property 'camposAgrupados' does not exist on type 'object'.
app-wrapper.tsx(8600,35): error TS7031: Binding element 'isOpen' implicitly has an 'any' type.
app-wrapper.tsx(8600,43): error TS7031: Binding element 'onClose' implicitly has an 'any' type.
app-wrapper.tsx(8629,35): error TS7006: Parameter 'e' implicitly has an 'any' type.
app-wrapper.tsx(8644,22): error TS2345: Argument of type 'unknown' is not assignable to parameter of type 'SetStateAction<null>'.
app-wrapper.tsx(8652,9): error TS7006: Parameter 'm' implicitly has an 'any' type.
app-wrapper.tsx(8658,99): error TS18046: 'data' is of type 'unknown'.
app-wrapper.tsx(8660,21): error TS2345: Argument of type 'any[]' is not assignable to parameter of type 'SetStateAction<never[]>'.
  Type 'any[]' is not assignable to type 'never[]'.
    Type 'any' is not assignable to type 'never'.
app-wrapper.tsx(8664,48): error TS18046: 'error' is of type 'unknown'.
app-wrapper.tsx(8671,38): error TS2339: Property 'rows' does not exist on type 'never'.
app-wrapper.tsx(8677,49): error TS2339: Property 'rows' does not exist on type 'never'.
app-wrapper.tsx(8691,38): error TS7006: Parameter 'p' implicitly has an 'any' type.
app-wrapper.tsx(8698,57): error TS2339: Property 'rows' does not exist on type 'never'.
app-wrapper.tsx(8699,72): error TS2339: Property 'rows' does not exist on type 'never'.
app-wrapper.tsx(8700,35): error TS2339: Property 'rows' does not exist on type 'never'.
app-wrapper.tsx(8710,17): error TS7053: Element implicitly has an 'any' type because expression of type 'string' can't be used to index type '{}'.
  No index signature with a parameter of type 'string' was found on type '{}'.
app-wrapper.tsx(8710,44): error TS7053: Element implicitly has an 'any' type because expression of type 'string' can't be used to index type '{}'.
  No index signature with a parameter of type 'string' was found on type '{}'.
app-wrapper.tsx(8715,113): error TS2345: Argument of type 'Map<any, any>' is not assignable to parameter of type 'null | undefined'.
app-wrapper.tsx(8728,22): error TS18046: 'error' is of type 'unknown'.
app-wrapper.tsx(8735,83): error TS2339: Property 'rows' does not exist on type 'never'.
app-wrapper.tsx(8736,62): error TS2339: Property 'rows' does not exist on type 'never'.
app-wrapper.tsx(8745,19): error TS2345: Argument of type '{ total: any; porEtapa: { dise├▒o: number; cobranza: number; preparacion: number; estampado: number; empaquetado: number; reparto: number; finalizados: number; anulados: number; }; monetarios: { montoTotal: number; montoAdelanto: number; montoPendiente: number; }; }' is not assignable to parameter of type 'SetStateAction<null>'.
  Type '{ total: any; porEtapa: { dise├▒o: number; cobranza: number; preparacion: number; estampado: number; empaquetado: number; reparto: number; finalizados: number; anulados: number; }; monetarios: { montoTotal: number; montoAdelanto: number; montoPendiente: number; }; }' provides no match for the signature '(prevState: null): null'.
app-wrapper.tsx(8751,9): error TS2353: Object literal may only specify known properties, and 'total' does not exist in type '(prevState: null) => null'.
app-wrapper.tsx(8751,28): error TS2339: Property 'rows' does not exist on type 'never'.
app-wrapper.tsx(8757,18): error TS2345: Argument of type '{ fila: any; error: any; datos: any; }[]' is not assignable to parameter of type 'SetStateAction<never[]>'.
  Type '{ fila: any; error: any; datos: any; }[]' is not assignable to type 'never[]'.
    Type '{ fila: any; error: any; datos: any; }' is not assignable to type 'never'.
app-wrapper.tsx(8762,70): error TS7006: Parameter 'm' implicitly has an 'any' type.
app-wrapper.tsx(8762,103): error TS2339: Property 'name' does not exist on type 'never'.
app-wrapper.tsx(8769,38): error TS2339: Property 'name' does not exist on type 'never'.
app-wrapper.tsx(8782,48): error TS18046: 'error' is of type 'unknown'.
app-wrapper.tsx(8793,42): error TS7006: Parameter 'header' implicitly has an 'any' type.
app-wrapper.tsx(8793,50): error TS7006: Parameter 'nuevoMapeo' implicitly has an 'any' type.
app-wrapper.tsx(8799,16): error TS7053: Element implicitly has an 'any' type because expression of type 'any' can't be used to index type '{}'.
app-wrapper.tsx(8800,9): error TS7053: Element implicitly has an 'any' type because expression of type 'any' can't be used to index type '{}'.
app-wrapper.tsx(8802,9): error TS7053: Element implicitly has an 'any' type because expression of type 'any' can't be used to index type '{}'.
app-wrapper.tsx(8803,9): error TS7053: Element implicitly has an 'any' type because expression of type 'any' can't be used to index type '{}'.
app-wrapper.tsx(8810,46): error TS2339: Property 'headers' does not exist on type 'never'.
app-wrapper.tsx(8810,61): error TS7006: Parameter 'h' implicitly has an 'any' type.
app-wrapper.tsx(8811,12): error TS7053: Element implicitly has an 'any' type because expression of type 'any' can't be used to index type '{}'.
app-wrapper.tsx(8811,31): error TS7053: Element implicitly has an 'any' type because expression of type 'any' can't be used to index type '{}'.
app-wrapper.tsx(8823,53): error TS7053: Element implicitly has an 'any' type because expression of type 'string' can't be used to index type '{}'.
  No index signature with a parameter of type 'string' was found on type '{}'.
app-wrapper.tsx(8823,65): error TS7053: Element implicitly has an 'any' type because expression of type 'string' can't be used to index type '{}'.
  No index signature with a parameter of type 'string' was found on type '{}'.
app-wrapper.tsx(8824,36): error TS2339: Property 'headers' does not exist on type 'never'.
app-wrapper.tsx(8824,51): error TS7006: Parameter 'h' implicitly has an 'any' type.
app-wrapper.tsx(8824,57): error TS7053: Element implicitly has an 'any' type because expression of type 'any' can't be used to index type '{}'.
app-wrapper.tsx(8824,69): error TS7053: Element implicitly has an 'any' type because expression of type 'any' can't be used to index type '{}'.
app-wrapper.tsx(8842,28): error TS2339: Property 'value' does not exist on type 'never'.
app-wrapper.tsx(8886,44): error TS2339: Property 'name' does not exist on type 'never'.
app-wrapper.tsx(8889,53): error TS2339: Property 'headers' does not exist on type 'never'.
app-wrapper.tsx(8889,110): error TS2339: Property 'rows' does not exist on type 'never'.
app-wrapper.tsx(8918,34): error TS2339: Property 'headers' does not exist on type 'never'.
app-wrapper.tsx(8918,47): error TS7006: Parameter 'header' implicitly has an 'any' type.
app-wrapper.tsx(8918,55): error TS7006: Parameter 'index' implicitly has an 'any' type.
app-wrapper.tsx(8919,41): error TS7053: Element implicitly has an 'any' type because expression of type 'any' can't be used to index type '{}'.
app-wrapper.tsx(8929,31): error TS2322: Type '{ header: any; mapeoActual: any; onChange: (nuevoMapeo: any) => void; camposAgrupados: {}; }' is not assignable to type 'IntrinsicAttributes & object'.
  Property 'header' does not exist on type 'IntrinsicAttributes & object'.
app-wrapper.tsx(8931,42): error TS7006: Parameter 'nuevoMapeo' implicitly has an 'any' type.
app-wrapper.tsx(8993,21): error TS7034: Variable 'duplicados' implicitly has type 'any[]' in some locations where its type cannot be determined.
app-wrapper.tsx(8995,44): error TS2339: Property 'campo' does not exist on type '{}'.
app-wrapper.tsx(8995,63): error TS2339: Property 'campo' does not exist on type '{}'.
app-wrapper.tsx(8996,23): error TS7053: Element implicitly has an 'any' type because expression of type 'any' can't be used to index type '{}'.
app-wrapper.tsx(8996,48): error TS2339: Property 'campo' does not exist on type '{}'.
app-wrapper.tsx(8997,26): error TS7005: Variable 'duplicados' implicitly has an 'any[]' type.
app-wrapper.tsx(8997,56): error TS2339: Property 'campo' does not exist on type '{}'.
app-wrapper.tsx(8998,49): error TS2339: Property 'campo' does not exist on type '{}'.
app-wrapper.tsx(9001,21): error TS7053: Element implicitly has an 'any' type because expression of type 'any' can't be used to index type '{}'.
app-wrapper.tsx(9001,46): error TS2339: Property 'campo' does not exist on type '{}'.
app-wrapper.tsx(9017,24): error TS7005: Variable 'duplicados' implicitly has an 'any[]' type.
app-wrapper.tsx(9018,72): error TS7053: Element implicitly has an 'any' type because expression of type 'string' can't be used to index type '{}'.
  No index signature with a parameter of type 'string' was found on type '{}'.
app-wrapper.tsx(9021,80): error TS7006: Parameter 'c' implicitly has an 'any' type.
app-wrapper.tsx(9067,16): error TS2741: Property 'iconRight' is missing in type '{ children: string; variant: string; onClick: () => Promise<void>; disabled: boolean; iconLeft: Element; }' but required in type '{ [x: string]: any; children: any; onClick: any; type?: string | undefined; variant?: string | undefined; size?: string | undefined; iconLeft: any; iconRight: any; disabled: any; className?: string | undefined; }'.
app-wrapper.tsx(9075,16): error TS2739: Type '{ children: string; variant: string; onClick: () => void; disabled: boolean; }' is missing the following properties from type '{ [x: string]: any; children: any; onClick: any; type?: string | undefined; variant?: string | undefined; size?: string | undefined; iconLeft: any; iconRight: any; disabled: any; className?: string | undefined; }': iconLeft, iconRight
app-wrapper.tsx(9105,82): error TS2339: Property 'total' does not exist on type 'never'.
app-wrapper.tsx(9109,82): error TS2339: Property 'creados' does not exist on type 'never'.
app-wrapper.tsx(9113,81): error TS2339: Property 'actualizados' does not exist on type 'never'.
app-wrapper.tsx(9117,80): error TS2339: Property 'errores' does not exist on type 'never'.
app-wrapper.tsx(9132,85): error TS2339: Property 'porEtapa' does not exist on type 'never'.
app-wrapper.tsx(9143,85): error TS2339: Property 'porEtapa' does not exist on type 'never'.
app-wrapper.tsx(9154,88): error TS2339: Property 'porEtapa' does not exist on type 'never'.
app-wrapper.tsx(9165,86): error TS2339: Property 'porEtapa' does not exist on type 'never'.
app-wrapper.tsx(9176,86): error TS2339: Property 'porEtapa' does not exist on type 'never'.
app-wrapper.tsx(9187,89): error TS2339: Property 'porEtapa' does not exist on type 'never'.
app-wrapper.tsx(9198,87): error TS2339: Property 'porEtapa' does not exist on type 'never'.
app-wrapper.tsx(9209,87): error TS2339: Property 'total' does not exist on type 'never'.
app-wrapper.tsx(9227,90): error TS2339: Property 'monetarios' does not exist on type 'never'.
app-wrapper.tsx(9239,90): error TS2339: Property 'monetarios' does not exist on type 'never'.
app-wrapper.tsx(9251,90): error TS2339: Property 'monetarios' does not exist on type 'never'.
app-wrapper.tsx(9279,39): error TS2339: Property 'fila' does not exist on type 'never'.
app-wrapper.tsx(9282,34): error TS2339: Property 'error' does not exist on type 'never'.
app-wrapper.tsx(9284,32): error TS2339: Property 'datos' does not exist on type 'never'.
app-wrapper.tsx(9284,59): error TS2339: Property 'datos' does not exist on type 'never'.
app-wrapper.tsx(9290,53): error TS2339: Property 'datos' does not exist on type 'never'.
app-wrapper.tsx(9312,16): error TS2739: Type '{ children: string; variant: string; onClick: any; }' is missing the following properties from type '{ [x: string]: any; children: any; onClick: any; type?: string | undefined; variant?: string | undefined; size?: string | undefined; iconLeft: any; iconRight: any; disabled: any; className?: string | undefined; }': iconLeft, iconRight, disabled
app-wrapper.tsx(9315,16): error TS2739: Type '{ children: string; variant: string; onClick: () => void; }' is missing the following properties from type '{ [x: string]: any; children: any; onClick: any; type?: string | undefined; variant?: string | undefined; size?: string | undefined; iconLeft: any; iconRight: any; disabled: any; className?: string | undefined; }': iconLeft, iconRight, disabled
app-wrapper.tsx(9339,3): error TS2304: Cannot find name 'activeTab'.
app-wrapper.tsx(9384,73): error TS7006: Parameter 'snapshot' implicitly has an 'any' type.
app-wrapper.tsx(9385,46): error TS7006: Parameter 'doc' implicitly has an 'any' type.
app-wrapper.tsx(9389,52): error TS7006: Parameter 'p' implicitly has an 'any' type.
app-wrapper.tsx(9398,35): error TS7006: Parameter 'pedidoData' implicitly has an 'any' type.
app-wrapper.tsx(9401,18): error TS2345: Argument of type 'any[]' is not assignable to parameter of type 'SetStateAction<never[]>'.
  Type 'any[]' is not assignable to type 'never[]'.
    Type 'any' is not assignable to type 'never'.
app-wrapper.tsx(9409,37): error TS7006: Parameter 'pedidoId' implicitly has an 'any' type.
app-wrapper.tsx(9410,24): error TS2554: Expected 0 arguments, but got 2.
app-wrapper.tsx(9421,20): error TS2345: Argument of type 'any[]' is not assignable to parameter of type 'SetStateAction<never[]>'.
  Type 'any[]' is not assignable to type 'never[]'.
    Type 'any' is not assignable to type 'never'.
app-wrapper.tsx(9425,49): error TS18046: 'error' is of type 'unknown'.
app-wrapper.tsx(9431,31): error TS7006: Parameter 'e' implicitly has an 'any' type.
app-wrapper.tsx(9521,30): error TS2339: Property 'createdAt' does not exist on type 'never'.
app-wrapper.tsx(9544,44): error TS2339: Property 'canalVenta' does not exist on type 'never'.
app-wrapper.tsx(9545,52): error TS2339: Property 'lineaProducto' does not exist on type 'never'.
app-wrapper.tsx(9546,56): error TS2339: Property 'whatsappOrigen' does not exist on type 'never'.
app-wrapper.tsx(9547,50): error TS2339: Property 'vendedor' does not exist on type 'never'.
app-wrapper.tsx(9548,52): error TS2339: Property 'activador' does not exist on type 'never'.
app-wrapper.tsx(9550,13): error TS2339: Property 'productos' does not exist on type 'never'.
app-wrapper.tsx(9550,28): error TS2339: Property 'productos' does not exist on type 'never'.
app-wrapper.tsx(9550,44): error TS7006: Parameter 'prod' implicitly has an 'any' type.
app-wrapper.tsx(9554,18): error TS2339: Property 'createdAt' does not exist on type 'never'.
app-wrapper.tsx(9555,35): error TS2339: Property 'createdAt' does not exist on type 'never'.
app-wrapper.tsx(9573,58): error TS2339: Property 'departamento' does not exist on type 'never'.
app-wrapper.tsx(9574,52): error TS2339: Property 'provincia' does not exist on type 'never'.
app-wrapper.tsx(9575,50): error TS2339: Property 'distrito' does not exist on type 'never'.
app-wrapper.tsx(9579,13): error TS2339: Property 'clienteNombre' does not exist on type 'never'.
app-wrapper.tsx(9580,11): error TS2339: Property 'clienteContacto' does not exist on type 'never'.
app-wrapper.tsx(9581,11): error TS2339: Property 'id' does not exist on type 'never'.
app-wrapper.tsx(9618,77): error TS2339: Property 'montoTotal' does not exist on type 'never'.
app-wrapper.tsx(9624,77): error TS2339: Property 'montoAdelanto' does not exist on type 'never'.
app-wrapper.tsx(9631,44): error TS2339: Property 'montoTotal' does not exist on type 'never'.
app-wrapper.tsx(9632,47): error TS2339: Property 'montoAdelanto' does not exist on type 'never'.
app-wrapper.tsx(9633,45): error TS2339: Property 'cobranza' does not exist on type 'never'.
app-wrapper.tsx(9633,85): error TS2339: Property 'cobranza' does not exist on type 'never'.
app-wrapper.tsx(9634,31): error TS2339: Property 'montoPendiente' does not exist on type 'never'.
app-wrapper.tsx(9634,81): error TS2339: Property 'montoPendiente' does not exist on type 'never'.
app-wrapper.tsx(9644,22): error TS2339: Property 'productos' does not exist on type 'never'.
app-wrapper.tsx(9644,56): error TS2339: Property 'productos' does not exist on type 'never'.
app-wrapper.tsx(9644,77): error TS2339: Property 'productos' does not exist on type 'never'.
app-wrapper.tsx(9645,28): error TS2339: Property 'productos' does not exist on type 'never'.
app-wrapper.tsx(9645,46): error TS7006: Parameter 'subSum' implicitly has an 'any' type.
app-wrapper.tsx(9645,54): error TS7006: Parameter 'productoEnPedido' implicitly has an 'any' type.
app-wrapper.tsx(9646,65): error TS7006: Parameter 'p' implicitly has an 'any' type.
app-wrapper.tsx(9651,22): error TS7006: Parameter 'count' implicitly has an 'any' type.
app-wrapper.tsx(9651,29): error TS7006: Parameter 'componente' implicitly has an 'any' type.
app-wrapper.tsx(9662,45): error TS2339: Property 'cantidad' does not exist on type 'never'.
app-wrapper.tsx(9673,19): error TS2339: Property 'productos' does not exist on type 'never'.
app-wrapper.tsx(9673,48): error TS2339: Property 'productos' does not exist on type 'never'.
app-wrapper.tsx(9673,64): error TS2339: Property 'productos' does not exist on type 'never'.
app-wrapper.tsx(9674,30): error TS2339: Property 'productos' does not exist on type 'never'.
app-wrapper.tsx(9674,48): error TS7006: Parameter 's' implicitly has an 'any' type.
app-wrapper.tsx(9674,51): error TS7006: Parameter 'item' implicitly has an 'any' type.
app-wrapper.tsx(9676,46): error TS2339: Property 'cantidad' does not exist on type 'never'.
app-wrapper.tsx(9692,28): error TS2339: Property 'lineaProducto' does not exist on type 'never'.
app-wrapper.tsx(9693,12): error TS7053: Element implicitly has an 'any' type because expression of type 'any' can't be used to index type '{}'.
app-wrapper.tsx(9694,9): error TS7053: Element implicitly has an 'any' type because expression of type 'any' can't be used to index type '{}'.
app-wrapper.tsx(9705,7): error TS7053: Element implicitly has an 'any' type because expression of type 'any' can't be used to index type '{}'.
app-wrapper.tsx(9706,7): error TS7053: Element implicitly has an 'any' type because expression of type 'any' can't be used to index type '{}'.
app-wrapper.tsx(9706,59): error TS2339: Property 'montoTotal' does not exist on type 'never'.
app-wrapper.tsx(9707,7): error TS7053: Element implicitly has an 'any' type because expression of type 'any' can't be used to index type '{}'.
app-wrapper.tsx(9707,60): error TS2339: Property 'montoAdelanto' does not exist on type 'never'.
app-wrapper.tsx(9708,45): error TS2339: Property 'montoTotal' does not exist on type 'never'.
app-wrapper.tsx(9709,48): error TS2339: Property 'montoAdelanto' does not exist on type 'never'.
app-wrapper.tsx(9710,46): error TS2339: Property 'cobranza' does not exist on type 'never'.
app-wrapper.tsx(9710,91): error TS2339: Property 'cobranza' does not exist on type 'never'.
app-wrapper.tsx(9711,32): error TS2339: Property 'montoPendiente' does not exist on type 'never'.
app-wrapper.tsx(9711,87): error TS2339: Property 'montoPendiente' does not exist on type 'never'.
app-wrapper.tsx(9712,7): error TS7053: Element implicitly has an 'any' type because expression of type 'any' can't be used to index type '{}'.
app-wrapper.tsx(9715,14): error TS2339: Property 'productos' does not exist on type 'never'.
app-wrapper.tsx(9715,34): error TS7006: Parameter 'productoEnPedido' implicitly has an 'any' type.
app-wrapper.tsx(9716,59): error TS7006: Parameter 'p' implicitly has an 'any' type.
app-wrapper.tsx(9721,16): error TS7006: Parameter 'count' implicitly has an 'any' type.
app-wrapper.tsx(9721,23): error TS7006: Parameter 'componente' implicitly has an 'any' type.
app-wrapper.tsx(9728,9): error TS7053: Element implicitly has an 'any' type because expression of type 'any' can't be used to index type '{}'.
app-wrapper.tsx(9729,9): error TS7053: Element implicitly has an 'any' type because expression of type 'any' can't be used to index type '{}'.
app-wrapper.tsx(9731,19): error TS2339: Property 'productos' does not exist on type 'never'.
app-wrapper.tsx(9731,39): error TS2339: Property 'productos' does not exist on type 'never'.
app-wrapper.tsx(9732,9): error TS7053: Element implicitly has an 'any' type because expression of type 'any' can't be used to index type '{}'.
app-wrapper.tsx(9732,61): error TS2339: Property 'cantidad' does not exist on type 'never'.
app-wrapper.tsx(9733,9): error TS7053: Element implicitly has an 'any' type because expression of type 'any' can't be used to index type '{}'.
app-wrapper.tsx(9733,63): error TS2339: Property 'cantidad' does not exist on type 'never'.
app-wrapper.tsx(9737,52): error TS18046: 'a' is of type 'unknown'.
app-wrapper.tsx(9737,74): error TS18046: 'b' is of type 'unknown'.
app-wrapper.tsx(9745,31): error TS2339: Property 'vendedor' does not exist on type 'never'.
app-wrapper.tsx(9746,12): error TS7053: Element implicitly has an 'any' type because expression of type 'any' can't be used to index type '{}'.
app-wrapper.tsx(9747,9): error TS7053: Element implicitly has an 'any' type because expression of type 'any' can't be used to index type '{}'.
app-wrapper.tsx(9758,7): error TS7053: Element implicitly has an 'any' type because expression of type 'any' can't be used to index type '{}'.
app-wrapper.tsx(9759,7): error TS7053: Element implicitly has an 'any' type because expression of type 'any' can't be used to index type '{}'.
app-wrapper.tsx(9759,66): error TS2339: Property 'montoTotal' does not exist on type 'never'.
app-wrapper.tsx(9760,7): error TS7053: Element implicitly has an 'any' type because expression of type 'any' can't be used to index type '{}'.
app-wrapper.tsx(9760,67): error TS2339: Property 'montoAdelanto' does not exist on type 'never'.
app-wrapper.tsx(9761,45): error TS2339: Property 'montoTotal' does not exist on type 'never'.
app-wrapper.tsx(9762,48): error TS2339: Property 'montoAdelanto' does not exist on type 'never'.
app-wrapper.tsx(9763,46): error TS2339: Property 'cobranza' does not exist on type 'never'.
app-wrapper.tsx(9763,91): error TS2339: Property 'cobranza' does not exist on type 'never'.
app-wrapper.tsx(9764,32): error TS2339: Property 'montoPendiente' does not exist on type 'never'.
app-wrapper.tsx(9764,87): error TS2339: Property 'montoPendiente' does not exist on type 'never'.
app-wrapper.tsx(9765,7): error TS7053: Element implicitly has an 'any' type because expression of type 'any' can't be used to index type '{}'.
app-wrapper.tsx(9768,14): error TS2339: Property 'productos' does not exist on type 'never'.
app-wrapper.tsx(9768,34): error TS7006: Parameter 'productoEnPedido' implicitly has an 'any' type.
app-wrapper.tsx(9769,59): error TS7006: Parameter 'p' implicitly has an 'any' type.
app-wrapper.tsx(9774,16): error TS7006: Parameter 'count' implicitly has an 'any' type.
app-wrapper.tsx(9774,23): error TS7006: Parameter 'componente' implicitly has an 'any' type.
app-wrapper.tsx(9781,9): error TS7053: Element implicitly has an 'any' type because expression of type 'any' can't be used to index type '{}'.
app-wrapper.tsx(9782,9): error TS7053: Element implicitly has an 'any' type because expression of type 'any' can't be used to index type '{}'.
app-wrapper.tsx(9784,19): error TS2339: Property 'productos' does not exist on type 'never'.
app-wrapper.tsx(9784,39): error TS2339: Property 'productos' does not exist on type 'never'.
app-wrapper.tsx(9785,9): error TS7053: Element implicitly has an 'any' type because expression of type 'any' can't be used to index type '{}'.
app-wrapper.tsx(9785,68): error TS2339: Property 'cantidad' does not exist on type 'never'.
app-wrapper.tsx(9786,9): error TS7053: Element implicitly has an 'any' type because expression of type 'any' can't be used to index type '{}'.
app-wrapper.tsx(9786,70): error TS2339: Property 'cantidad' does not exist on type 'never'.
app-wrapper.tsx(9790,56): error TS18046: 'a' is of type 'unknown'.
app-wrapper.tsx(9790,81): error TS18046: 'b' is of type 'unknown'.
app-wrapper.tsx(9803,26): error TS2554: Expected 0 arguments, but got 2.
app-wrapper.tsx(9804,14): error TS2739: Type '{ children: string; onClick: () => void; iconLeft: Element; }' is missing the following properties from type '{ [x: string]: any; children: any; onClick: any; type?: string | undefined; variant?: string | undefined; size?: string | undefined; iconLeft: any; iconRight: any; disabled: any; className?: string | undefined; }': iconRight, disabled
app-wrapper.tsx(9810,16): error TS2739: Type '{ children: string; variant: string; onClick: () => void; iconLeft: Element; }' is missing the following properties from type '{ [x: string]: any; children: any; onClick: any; type?: string | undefined; variant?: string | undefined; size?: string | undefined; iconLeft: any; iconRight: any; disabled: any; className?: string | undefined; }': iconRight, disabled
app-wrapper.tsx(9814,44): error TS2345: Argument of type 'string' is not assignable to parameter of type 'number'.
app-wrapper.tsx(9823,16): error TS2739: Type '{ children: string; variant: string; onClick: () => Promise<void>; iconLeft: Element; }' is missing the following properties from type '{ [x: string]: any; children: any; onClick: any; type?: string | undefined; variant?: string | undefined; size?: string | undefined; iconLeft: any; iconRight: any; disabled: any; className?: string | undefined; }': iconRight, disabled
app-wrapper.tsx(9940,66): error TS18046: 'error' is of type 'unknown'.
app-wrapper.tsx(10051,16): error TS2739: Type '{ label: string; name: string; value: string; onChange: (e: any) => void; options: { value: string; label: string; }[]; placeholder: string; className: string; }' is missing the following properties from type '{ [x: string]: any; label: any; id: any; value: any; onChange: any; options: any; placeholder: any; required: any; error: any; className: any; }': id, required, error
app-wrapper.tsx(10060,16): error TS2739: Type '{ label: string; name: string; value: string; onChange: (e: any) => void; options: { value: string; label: string; }[]; placeholder: string; className: string; }' is missing the following properties from type '{ [x: string]: any; label: any; id: any; value: any; onChange: any; options: any; placeholder: any; required: any; error: any; className: any; }': id, required, error
app-wrapper.tsx(10069,16): error TS2739: Type '{ label: string; name: string; value: string; onChange: (e: any) => void; options: any; placeholder: string; disabled: boolean; className: string; }' is missing the following properties from type '{ [x: string]: any; label: any; id: any; value: any; onChange: any; options: any; placeholder: any; required: any; error: any; className: any; }': id, required, error
app-wrapper.tsx(10075,44): error TS7053: Element implicitly has an 'any' type because expression of type 'string' can't be used to index type '{ PAREJAS: string[]; "CASACAS DE EQUIPOS": string[]; "CASACAS GEEKS": string[]; PIJAMAS: string[]; "POR MAYOR": string[]; }'.
  No index signature with a parameter of type 'string' was found on type '{ PAREJAS: string[]; "CASACAS DE EQUIPOS": string[]; "CASACAS GEEKS": string[]; PIJAMAS: string[]; "POR MAYOR": string[]; }'.
app-wrapper.tsx(10076,23): error TS7053: Element implicitly has an 'any' type because expression of type 'string' can't be used to index type '{ PAREJAS: string[]; "CASACAS DE EQUIPOS": string[]; "CASACAS GEEKS": string[]; PIJAMAS: string[]; "POR MAYOR": string[]; }'.
  No index signature with a parameter of type 'string' was found on type '{ PAREJAS: string[]; "CASACAS DE EQUIPOS": string[]; "CASACAS GEEKS": string[]; PIJAMAS: string[]; "POR MAYOR": string[]; }'.
app-wrapper.tsx(10076,64): error TS7006: Parameter 'w' implicitly has an 'any' type.
app-wrapper.tsx(10083,16): error TS2739: Type '{ label: string; name: string; value: string; onChange: (e: any) => void; options: { value: string; label: string; }[]; placeholder: string; className: string; }' is missing the following properties from type '{ [x: string]: any; label: any; id: any; value: any; onChange: any; options: any; placeholder: any; required: any; error: any; className: any; }': id, required, error
app-wrapper.tsx(10092,16): error TS2739: Type '{ label: string; name: string; value: string; onChange: (e: any) => void; options: { value: string; label: string; }[]; placeholder: string; className: string; }' is missing the following properties from type '{ [x: string]: any; label: any; id: any; value: any; onChange: any; options: any; placeholder: any; required: any; error: any; className: any; }': id, required, error
app-wrapper.tsx(10101,16): error TS2739: Type '{ label: string; name: string; value: string; onChange: (e: any) => void; options: any; placeholder: string; className: string; }' is missing the following properties from type '{ [x: string]: any; label: any; id: any; value: any; onChange: any; options: any; placeholder: any; required: any; error: any; className: any; }': id, required, error
app-wrapper.tsx(10106,56): error TS7006: Parameter 'p' implicitly has an 'any' type.
app-wrapper.tsx(10106,76): error TS7006: Parameter 'p' implicitly has an 'any' type.
app-wrapper.tsx(10110,16): error TS2739: Type '{ label: string; name: string; value: string; onChange: (e: any) => void; options: { value: string; label: string; }[]; placeholder: string; className: string; }' is missing the following properties from type '{ [x: string]: any; label: any; id: any; value: any; onChange: any; options: any; placeholder: any; required: any; error: any; className: any; }': id, required, error
app-wrapper.tsx(10119,16): error TS2739: Type '{ label: string; name: string; value: string; onChange: (e: any) => void; options: { value: string; label: string; }[]; placeholder: string; className: string; }' is missing the following properties from type '{ [x: string]: any; label: any; id: any; value: any; onChange: any; options: any; placeholder: any; required: any; error: any; className: any; }': id, required, error
app-wrapper.tsx(10128,16): error TS2739: Type '{ label: string; name: string; value: string; onChange: (e: any) => void; options: { value: string; label: string; }[]; placeholder: string; disabled: boolean; className: string; }' is missing the following properties from type '{ [x: string]: any; label: any; id: any; value: any; onChange: any; options: any; placeholder: any; required: any; error: any; className: any; }': id, required, error
app-wrapper.tsx(10138,16): error TS2739: Type '{ label: string; name: string; value: string; onChange: (e: any) => void; options: { value: string; label: string; }[]; placeholder: string; disabled: boolean; className: string; }' is missing the following properties from type '{ [x: string]: any; label: any; id: any; value: any; onChange: any; options: any; placeholder: any; required: any; error: any; className: any; }': id, required, error
app-wrapper.tsx(10382,21): error TS2322: Type 'string' is not assignable to type 'number'.
app-wrapper.tsx(10398,29): error TS7006: Parameter 'p' implicitly has an 'any' type.
app-wrapper.tsx(10399,67): error TS7006: Parameter 'po' implicitly has an 'any' type.
app-wrapper.tsx(10431,36): error TS2554: Expected 0 arguments, but got 2.
app-wrapper.tsx(10432,24): error TS2739: Type '{ variant: string; size: string; onClick: () => Promise<void>; iconLeft: Element; }' is missing the following properties from type '{ [x: string]: any; children: any; onClick: any; type?: string | undefined; variant?: string | undefined; size?: string | undefined; iconLeft: any; iconRight: any; disabled: any; className?: string | undefined; }': children, iconRight, disabled
app-wrapper.tsx(10452,12): error TS2741: Property 'iconRight' is missing in type '{ children: string; variant: string; size: string; onClick: () => void; disabled: boolean; iconLeft: Element; }' but required in type '{ [x: string]: any; children: any; onClick: any; type?: string | undefined; variant?: string | undefined; size?: string | undefined; iconLeft: any; iconRight: any; disabled: any; className?: string | undefined; }'.
app-wrapper.tsx(10464,12): error TS2741: Property 'iconLeft' is missing in type '{ children: string; variant: string; size: string; onClick: () => void; disabled: boolean; iconRight: Element; }' but required in type '{ [x: string]: any; children: any; onClick: any; type?: string | undefined; variant?: string | undefined; size?: string | undefined; iconLeft: any; iconRight: any; disabled: any; className?: string | undefined; }'.
app-wrapper.tsx(10573,47): error TS7006: Parameter 'item' implicitly has an 'any' type.
app-wrapper.tsx(10580,48): error TS7006: Parameter 'item' implicitly has an 'any' type.
app-wrapper.tsx(10587,47): error TS7006: Parameter 'item' implicitly has an 'any' type.
app-wrapper.tsx(10590,38): error TS2345: Argument of type 'unknown' is not assignable to parameter of type 'string'.
app-wrapper.tsx(10591,38): error TS2345: Argument of type 'unknown' is not assignable to parameter of type 'string'.
app-wrapper.tsx(10595,16): error TS18046: 'a' is of type 'unknown'.
app-wrapper.tsx(10601,50): error TS7006: Parameter 'item' implicitly has an 'any' type.
app-wrapper.tsx(10608,51): error TS2538: Type 'unknown' cannot be used as an index type.
app-wrapper.tsx(10609,29): error TS7006: Parameter 'item' implicitly has an 'any' type.
app-wrapper.tsx(10610,11): error TS7053: Element implicitly has an 'any' type because expression of type 'any' can't be used to index type '{}'.
app-wrapper.tsx(10611,9): error TS7053: Element implicitly has an 'any' type because expression of type 'any' can't be used to index type '{}'.
app-wrapper.tsx(10615,5): error TS7053: Element implicitly has an 'any' type because expression of type '"TOTAL PREN."' can't be used to index type '{}'.
  Property 'TOTAL PREN.' does not exist on type '{}'.
app-wrapper.tsx(10619,38): error TS7006: Parameter 'e' implicitly has an 'any' type.
app-wrapper.tsx(10645,33): error TS2345: Argument of type 'number' is not assignable to parameter of type 'string'.
app-wrapper.tsx(10649,42): error TS2322: Type '{ tipoPrenda: string; color: string; talla: string; cantidad: number; costoUnitario: number; }' is not assignable to type 'null'.
app-wrapper.tsx(10656,41): error TS2339: Property 'tipoPrenda' does not exist on type 'never'.
app-wrapper.tsx(10656,88): error TS2339: Property 'color' does not exist on type 'never'.
app-wrapper.tsx(10656,130): error TS2339: Property 'talla' does not exist on type 'never'.
app-wrapper.tsx(10660,8): error TS7006: Parameter 'item' implicitly has an 'any' type.
app-wrapper.tsx(10661,41): error TS2339: Property 'tipoPrenda' does not exist on type 'never'.
app-wrapper.tsx(10662,36): error TS2339: Property 'color' does not exist on type 'never'.
app-wrapper.tsx(10663,36): error TS2339: Property 'talla' does not exist on type 'never'.
app-wrapper.tsx(10678,9): error TS2698: Spread types may only be created from object types.
app-wrapper.tsx(10680,31): error TS2339: Property 'cantidad' does not exist on type 'never'.
app-wrapper.tsx(10694,44): error TS18046: 'error' is of type 'unknown'.
app-wrapper.tsx(10699,40): error TS7006: Parameter 'e' implicitly has an 'any' type.
app-wrapper.tsx(10709,26): error TS2554: Expected 0 arguments, but got 2.
app-wrapper.tsx(10711,16): error TS2739: Type '{ children: string; variant: string; iconLeft: Element; }' is missing the following properties from type '{ [x: string]: any; children: any; onClick: any; type?: string | undefined; variant?: string | undefined; size?: string | undefined; iconLeft: any; iconRight: any; disabled: any; className?: string | undefined; }': onClick, iconRight, disabled
app-wrapper.tsx(10714,16): error TS2739: Type '{ children: string; variant: string; iconLeft: Element; }' is missing the following properties from type '{ [x: string]: any; children: any; onClick: any; type?: string | undefined; variant?: string | undefined; size?: string | undefined; iconLeft: any; iconRight: any; disabled: any; className?: string | undefined; }': onClick, iconRight, disabled
app-wrapper.tsx(10719,26): error TS2554: Expected 0 arguments, but got 2.
app-wrapper.tsx(10720,14): error TS2739: Type '{ children: string; onClick: () => void; iconLeft: Element; className: string; }' is missing the following properties from type '{ [x: string]: any; children: any; onClick: any; type?: string | undefined; variant?: string | undefined; size?: string | undefined; iconLeft: any; iconRight: any; disabled: any; className?: string | undefined; }': iconRight, disabled
app-wrapper.tsx(10738,12): error TS2739: Type '{ children: string; variant: string; size: string; onClick: () => void; iconLeft: Element; }' is missing the following properties from type '{ [x: string]: any; children: any; onClick: any; type?: string | undefined; variant?: string | undefined; size?: string | undefined; iconLeft: any; iconRight: any; disabled: any; className?: string | undefined; }': iconRight, disabled
app-wrapper.tsx(10752,21): error TS2322: Type 'unknown' is not assignable to type 'Key | null | undefined'.
app-wrapper.tsx(10753,19): error TS2322: Type 'unknown' is not assignable to type 'ReactNode'.
app-wrapper.tsx(10763,21): error TS2322: Type 'unknown' is not assignable to type 'Key | null | undefined'.
app-wrapper.tsx(10764,38): error TS2538: Type 'unknown' cannot be used as an index type.
app-wrapper.tsx(10767,77): error TS7053: Element implicitly has an 'any' type because expression of type '"TOTAL PREN."' can't be used to index type '{}'.
  Property 'TOTAL PREN.' does not exist on type '{}'.
app-wrapper.tsx(10777,12): error TS2739: Type '{ label: string; name: string; value: string; onChange: (e: any) => void; options: { value: unknown; label: unknown; }[]; placeholder: string; }' is missing the following properties from type '{ [x: string]: any; label: any; id: any; value: any; onChange: any; options: any; placeholder: any; required: any; error: any; className: any; }': id, required, error, className
app-wrapper.tsx(10785,12): error TS2739: Type '{ label: string; name: string; value: string; onChange: (e: any) => void; options: { value: unknown; label: unknown; }[]; placeholder: string; }' is missing the following properties from type '{ [x: string]: any; label: any; id: any; value: any; onChange: any; options: any; placeholder: any; required: any; error: any; className: any; }': id, required, error, className
app-wrapper.tsx(10793,12): error TS2739: Type '{ label: string; name: string; value: string; onChange: (e: any) => void; options: { value: unknown; label: unknown; }[]; placeholder: string; }' is missing the following properties from type '{ [x: string]: any; label: any; id: any; value: any; onChange: any; options: any; placeholder: any; required: any; error: any; className: any; }': id, required, error, className
app-wrapper.tsx(10805,24): error TS7006: Parameter 'e' implicitly has an 'any' type.
app-wrapper.tsx(10845,34): error TS2554: Expected 0 arguments, but got 2.
app-wrapper.tsx(10847,24): error TS2739: Type '{ size: string; variant: string; iconLeft: Element; }' is missing the following properties from type '{ [x: string]: any; children: any; onClick: any; type?: string | undefined; variant?: string | undefined; size?: string | undefined; iconLeft: any; iconRight: any; disabled: any; className?: string | undefined; }': children, onClick, iconRight, disabled
app-wrapper.tsx(10848,24): error TS2739: Type '{ size: string; variant: string; iconLeft: Element; disabled: boolean; }' is missing the following properties from type '{ [x: string]: any; children: any; onClick: any; type?: string | undefined; variant?: string | undefined; size?: string | undefined; iconLeft: any; iconRight: any; disabled: any; className?: string | undefined; }': children, onClick, iconRight
app-wrapper.tsx(10874,12): error TS2739: Type '{ label: string; name: string; value: string; onChange: (e: any) => void; options: { value: string; label: string; }[]; placeholder: string; required: true; }' is missing the following properties from type '{ [x: string]: any; label: any; id: any; value: any; onChange: any; options: any; placeholder: any; required: any; error: any; className: any; }': id, error, className
app-wrapper.tsx(10891,12): error TS2739: Type '{ label: string; name: string; value: string; onChange: (e: any) => void; options: { value: string; label: string; }[]; placeholder: string; required: true; }' is missing the following properties from type '{ [x: string]: any; label: any; id: any; value: any; onChange: any; options: any; placeholder: any; required: any; error: any; className: any; }': id, error, className
app-wrapper.tsx(10920,14): error TS2739: Type '{ children: string; variant: string; onClick: () => void; }' is missing the following properties from type '{ [x: string]: any; children: any; onClick: any; type?: string | undefined; variant?: string | undefined; size?: string | undefined; iconLeft: any; iconRight: any; disabled: any; className?: string | undefined; }': iconLeft, iconRight, disabled
app-wrapper.tsx(10923,14): error TS2739: Type '{ children: string; onClick: () => Promise<void>; }' is missing the following properties from type '{ [x: string]: any; children: any; onClick: any; type?: string | undefined; variant?: string | undefined; size?: string | undefined; iconLeft: any; iconRight: any; disabled: any; className?: string | undefined; }': iconLeft, iconRight, disabled
app-wrapper.tsx(10933,95): error TS2339: Property 'tipoPrenda' does not exist on type 'never'.
app-wrapper.tsx(10933,140): error TS2339: Property 'color' does not exist on type 'never'.
app-wrapper.tsx(10933,186): error TS2339: Property 'talla' does not exist on type 'never'.
app-wrapper.tsx(10933,239): error TS2339: Property 'cantidad' does not exist on type 'never'.
app-wrapper.tsx(10990,9): error TS7034: Variable 'condicionesSalida' implicitly has type 'any[]' in some locations where its type cannot be determined.
app-wrapper.tsx(10991,9): error TS7034: Variable 'condicionesEntrada' implicitly has type 'any[]' in some locations where its type cannot be determined.
app-wrapper.tsx(11141,14): error TS7053: Element implicitly has an 'any' type because expression of type 'string' can't be used to index type '{ ventas: string; dise├▒o: string; cobranza: string; pre_estampado: string; estampado: string; empaquetado: string; reparto: string; finalizados: string; corte: string; confeccion: string; limpieza: string; registro: string; }'.
  No index signature with a parameter of type 'string' was found on type '{ ventas: string; dise├▒o: string; cobranza: string; pre_estampado: string; estampado: string; empaquetado: string; reparto: string; finalizados: string; corte: string; confeccion: string; limpieza: string; registro: string; }'.
app-wrapper.tsx(11144,23): error TS7053: Element implicitly has an 'any' type because expression of type 'string' can't be used to index type '{ ventas: string; dise├▒o: string; cobranza: string; pre_estampado: string; estampado: string; empaquetado: string; reparto: string; finalizados: string; }'.
  No index signature with a parameter of type 'string' was found on type '{ ventas: string; dise├▒o: string; cobranza: string; pre_estampado: string; estampado: string; empaquetado: string; reparto: string; finalizados: string; }'.
app-wrapper.tsx(11147,26): error TS7005: Variable 'condicionesSalida' implicitly has an 'any[]' type.
app-wrapper.tsx(11148,27): error TS7005: Variable 'condicionesEntrada' implicitly has an 'any[]' type.
app-wrapper.tsx(11180,14): error TS7053: Element implicitly has an 'any' type because expression of type 'string' can't be used to index type '{ ventas: string; dise├▒o: string; cobranza: string; pre_estampado: string; estampado: string; empaquetado: string; reparto: string; finalizados: string; corte: string; confeccion: string; limpieza: string; registro: string; }'.
  No index signature with a parameter of type 'string' was found on type '{ ventas: string; dise├▒o: string; cobranza: string; pre_estampado: string; estampado: string; empaquetado: string; reparto: string; finalizados: string; corte: string; confeccion: string; limpieza: string; registro: string; }'.
app-wrapper.tsx(11212,35): error TS7006: Parameter 'f' implicitly has an 'any' type.
app-wrapper.tsx(11218,35): error TS7006: Parameter 'e' implicitly has an 'any' type.
app-wrapper.tsx(11238,25): error TS7031: Binding element 'selectedIcon' implicitly has an 'any' type.
app-wrapper.tsx(11238,39): error TS7031: Binding element 'onSelect' implicitly has an 'any' type.
app-wrapper.tsx(11246,29): error TS7006: Parameter 'iconName' implicitly has an 'any' type.
app-wrapper.tsx(11257,27): error TS7053: Element implicitly has an 'any' type because expression of type 'any' can't be used to index type '{ ShoppingCart: ForwardRefExoticComponent<Omit<LucideProps, "ref"> & RefAttributes<SVGSVGElement>>; ... 60 more ...; TrendingUp: ForwardRefExoticComponent<...>; }'.
app-wrapper.tsx(11330,26): error TS7031: Binding element 'selectedColor' implicitly has an 'any' type.
app-wrapper.tsx(11330,41): error TS7031: Binding element 'onSelect' implicitly has an 'any' type.
app-wrapper.tsx(11359,30): error TS7031: Binding element 'etapa' implicitly has an 'any' type.
app-wrapper.tsx(11359,37): error TS7031: Binding element 'onEdit' implicitly has an 'any' type.
app-wrapper.tsx(11359,45): error TS7031: Binding element 'onDelete' implicitly has an 'any' type.
app-wrapper.tsx(11359,55): error TS7031: Binding element 'flujoId' implicitly has an 'any' type.
app-wrapper.tsx(11368,29): error TS7006: Parameter 'iconName' implicitly has an 'any' type.
app-wrapper.tsx(11379,27): error TS7053: Element implicitly has an 'any' type because expression of type 'any' can't be used to index type '{ ShoppingCart: ForwardRefExoticComponent<Omit<LucideProps, "ref"> & RefAttributes<SVGSVGElement>>; ... 60 more ...; TrendingUp: ForwardRefExoticComponent<...>; }'.
app-wrapper.tsx(11433,31): error TS7031: Binding element 'etapas' implicitly has an 'any' type.
app-wrapper.tsx(11433,39): error TS7031: Binding element 'onReorder' implicitly has an 'any' type.
app-wrapper.tsx(11433,50): error TS7031: Binding element 'onEdit' implicitly has an 'any' type.
app-wrapper.tsx(11433,58): error TS7031: Binding element 'onDelete' implicitly has an 'any' type.
app-wrapper.tsx(11433,68): error TS7031: Binding element 'flujoId' implicitly has an 'any' type.
app-wrapper.tsx(11441,26): error TS7006: Parameter 'event' implicitly has an 'any' type.
app-wrapper.tsx(11445,42): error TS7006: Parameter 'e' implicitly has an 'any' type.
app-wrapper.tsx(11446,42): error TS7006: Parameter 'e' implicitly has an 'any' type.
app-wrapper.tsx(11451,9): error TS2698: Spread types may only be created from object types.
app-wrapper.tsx(11461,42): error TS7006: Parameter 'e' implicitly has an 'any' type.
app-wrapper.tsx(11462,22): error TS7006: Parameter 'etapa' implicitly has an 'any' type.
app-wrapper.tsx(11477,31): error TS7031: Binding element 'isOpen' implicitly has an 'any' type.
app-wrapper.tsx(11477,39): error TS7031: Binding element 'onClose' implicitly has an 'any' type.
app-wrapper.tsx(11477,48): error TS7031: Binding element 'condicion' implicitly has an 'any' type.
app-wrapper.tsx(11477,59): error TS7031: Binding element 'tipoCondicion' implicitly has an 'any' type.
app-wrapper.tsx(11477,74): error TS7031: Binding element 'flujoId' implicitly has an 'any' type.
app-wrapper.tsx(11477,83): error TS7031: Binding element 'etapaId' implicitly has an 'any' type.
app-wrapper.tsx(11477,92): error TS7031: Binding element 'onSave' implicitly has an 'any' type.
app-wrapper.tsx(11493,17): error TS7006: Parameter 'e' implicitly has an 'any' type.
app-wrapper.tsx(11494,16): error TS7006: Parameter 'a' implicitly has an 'any' type.
app-wrapper.tsx(11494,19): error TS7006: Parameter 'b' implicitly has an 'any' type.
app-wrapper.tsx(11502,15): error TS7006: Parameter 'inv' implicitly has an 'any' type.
app-wrapper.tsx(11503,14): error TS7006: Parameter 'a' implicitly has an 'any' type.
app-wrapper.tsx(11503,17): error TS7006: Parameter 'b' implicitly has an 'any' type.
app-wrapper.tsx(11528,31): error TS7006: Parameter 'e' implicitly has an 'any' type.
app-wrapper.tsx(11533,17): error TS2339: Property 'tipo' does not exist on type '{}'.
app-wrapper.tsx(11538,17): error TS2339: Property 'inventarioId' does not exist on type '{}'.
app-wrapper.tsx(11542,17): error TS2339: Property 'etapaDestinoId' does not exist on type '{}'.
app-wrapper.tsx(11558,32): error TS2339: Property 'inventarioId' does not exist on type '{}'.
app-wrapper.tsx(11562,32): error TS2339: Property 'saltarAutomatico' does not exist on type '{}'.
app-wrapper.tsx(11564,34): error TS2339: Property 'etapaDestinoId' does not exist on type '{}'.
app-wrapper.tsx(11592,19): error TS2339: Property 'tipo' does not exist on type '{}'.
app-wrapper.tsx(11592,76): error TS2339: Property 'tipo' does not exist on type '{}'.
app-wrapper.tsx(11621,34): error TS2339: Property 'id' does not exist on type 'never'.
app-wrapper.tsx(11621,49): error TS2339: Property 'id' does not exist on type 'never'.
app-wrapper.tsx(11622,24): error TS2339: Property 'nombre' does not exist on type 'never'.
app-wrapper.tsx(11626,21): error TS2339: Property 'inventarioId' does not exist on type '{}'.
app-wrapper.tsx(11626,86): error TS2339: Property 'inventarioId' does not exist on type '{}'.
app-wrapper.tsx(11660,40): error TS2339: Property 'id' does not exist on type 'never'.
app-wrapper.tsx(11660,57): error TS2339: Property 'id' does not exist on type 'never'.
app-wrapper.tsx(11660,68): error TS2339: Property 'nombre' does not exist on type 'never'.
app-wrapper.tsx(11663,25): error TS2339: Property 'etapaDestinoId' does not exist on type '{}'.
app-wrapper.tsx(11663,92): error TS2339: Property 'etapaDestinoId' does not exist on type '{}'.
app-wrapper.tsx(11670,12): error TS2739: Type '{ children: string; type: string; variant: string; onClick: any; }' is missing the following properties from type '{ [x: string]: any; children: any; onClick: any; type?: string | undefined; variant?: string | undefined; size?: string | undefined; iconLeft: any; iconRight: any; disabled: any; className?: string | undefined; }': iconLeft, iconRight, disabled
app-wrapper.tsx(11673,12): error TS2739: Type '{ children: string; type: string; }' is missing the following properties from type '{ [x: string]: any; children: any; onClick: any; type?: string | undefined; variant?: string | undefined; size?: string | undefined; iconLeft: any; iconRight: any; disabled: any; className?: string | undefined; }': onClick, iconLeft, iconRight, disabled
app-wrapper.tsx(11683,28): error TS7031: Binding element 'condiciones' implicitly has an 'any' type.
app-wrapper.tsx(11683,41): error TS7031: Binding element 'tipoCondicion' implicitly has an 'any' type.
app-wrapper.tsx(11683,56): error TS7031: Binding element 'flujoId' implicitly has an 'any' type.
app-wrapper.tsx(11683,65): error TS7031: Binding element 'etapaId' implicitly has an 'any' type.
app-wrapper.tsx(11683,74): error TS7031: Binding element 'onAdd' implicitly has an 'any' type.
app-wrapper.tsx(11683,81): error TS7031: Binding element 'onEdit' implicitly has an 'any' type.
app-wrapper.tsx(11683,89): error TS7031: Binding element 'onDelete' implicitly has an 'any' type.
app-wrapper.tsx(11684,26): error TS7006: Parameter 'tipoId' implicitly has an 'any' type.
app-wrapper.tsx(11693,10): error TS2739: Type '{ children: string; type: string; variant: string; size: string; onClick: () => any; className: string; iconLeft: Element; }' is missing the following properties from type '{ [x: string]: any; children: any; onClick: any; type?: string | undefined; variant?: string | undefined; size?: string | undefined; iconLeft: any; iconRight: any; disabled: any; className?: string | undefined; }': iconRight, disabled
app-wrapper.tsx(11709,25): error TS7006: Parameter 'condicion' implicitly has an 'any' type.
app-wrapper.tsx(11726,56): error TS7006: Parameter 'e' implicitly has an 'any' type.
app-wrapper.tsx(11757,8): error TS2739: Type '{ children: string; type: string; variant: string; size: string; onClick: () => any; iconLeft: Element; className: string; }' is missing the following properties from type '{ [x: string]: any; children: any; onClick: any; type?: string | undefined; variant?: string | undefined; size?: string | undefined; iconLeft: any; iconRight: any; disabled: any; className?: string | undefined; }': iconRight, disabled
app-wrapper.tsx(11772,27): error TS7031: Binding element 'isOpen' implicitly has an 'any' type.
app-wrapper.tsx(11772,35): error TS7031: Binding element 'onClose' implicitly has an 'any' type.
app-wrapper.tsx(11772,44): error TS7031: Binding element 'etapa' implicitly has an 'any' type.
app-wrapper.tsx(11772,51): error TS7031: Binding element 'flujoId' implicitly has an 'any' type.
app-wrapper.tsx(11772,60): error TS7031: Binding element 'onSave' implicitly has an 'any' type.
app-wrapper.tsx(11803,57): error TS7006: Parameter 'e' implicitly has an 'any' type.
app-wrapper.tsx(11812,9): error TS2353: Object literal may only specify known properties, and 'orden' does not exist in type 'SetStateAction<{ nombre: string; descripcion: string; icono: string; color: string; moduloPermisos: string; obligatoria: boolean; tipoObligatoria: null; }>'.
app-wrapper.tsx(11820,31): error TS7006: Parameter 'e' implicitly has an 'any' type.
app-wrapper.tsx(11825,17): error TS2339: Property 'nombre' does not exist on type '{}'.
app-wrapper.tsx(11829,9): error TS7006: Parameter 'e' implicitly has an 'any' type.
app-wrapper.tsx(11834,19): error TS2339: Property 'nombre' does not exist on type '{}'.
app-wrapper.tsx(11840,57): error TS7006: Parameter 'e' implicitly has an 'any' type.
app-wrapper.tsx(11841,46): error TS7006: Parameter 'e' implicitly has an 'any' type.
app-wrapper.tsx(11843,19): error TS2339: Property 'tipoObligatoria' does not exist on type '{}'.
app-wrapper.tsx(11867,19): error TS2339: Property 'flujoId' does not exist on type '{ nombre: string; descripcion: string; icono: string; color: string; moduloPermisos: string; obligatoria: boolean; tipoObligatoria: null; condicionesSalida: any[]; condicionesEntrada: any[]; fechaModificacion: Date; }'.
app-wrapper.tsx(11868,19): error TS2339: Property 'orden' does not exist on type '{ nombre: string; descripcion: string; icono: string; color: string; moduloPermisos: string; obligatoria: boolean; tipoObligatoria: null; condicionesSalida: any[]; condicionesEntrada: any[]; fechaModificacion: Date; }'.
app-wrapper.tsx(11869,19): error TS2339: Property 'fechaCreacion' does not exist on type '{ nombre: string; descripcion: string; icono: string; color: string; moduloPermisos: string; obligatoria: boolean; tipoObligatoria: null; condicionesSalida: any[]; condicionesEntrada: any[]; fechaModificacion: Date; }'.
app-wrapper.tsx(11872,19): error TS2339: Property 'id' does not exist on type '{ nombre: string; descripcion: string; icono: string; color: string; moduloPermisos: string; obligatoria: boolean; tipoObligatoria: null; condicionesSalida: any[]; condicionesEntrada: any[]; fechaModificacion: Date; }'.
app-wrapper.tsx(11873,19): error TS2339: Property 'flujoId' does not exist on type '{ nombre: string; descripcion: string; icono: string; color: string; moduloPermisos: string; obligatoria: boolean; tipoObligatoria: null; condicionesSalida: any[]; condicionesEntrada: any[]; fechaModificacion: Date; }'.
app-wrapper.tsx(11874,19): error TS2339: Property 'orden' does not exist on type '{ nombre: string; descripcion: string; icono: string; color: string; moduloPermisos: string; obligatoria: boolean; tipoObligatoria: null; condicionesSalida: any[]; condicionesEntrada: any[]; fechaModificacion: Date; }'.
app-wrapper.tsx(11874,36): error TS2339: Property 'orden' does not exist on type '{ nombre: string; descripcion: string; icono: string; color: string; moduloPermisos: string; obligatoria: boolean; tipoObligatoria: null; }'.
app-wrapper.tsx(11874,72): error TS7006: Parameter 'e' implicitly has an 'any' type.
app-wrapper.tsx(11875,19): error TS2339: Property 'fechaCreacion' does not exist on type '{ nombre: string; descripcion: string; icono: string; color: string; moduloPermisos: string; obligatoria: boolean; tipoObligatoria: null; condicionesSalida: any[]; condicionesEntrada: any[]; fechaModificacion: Date; }'.
app-wrapper.tsx(11895,22): error TS7006: Parameter 'e' implicitly has an 'any' type.
app-wrapper.tsx(11897,25): error TS2339: Property 'nombre' does not exist on type '{}'.
app-wrapper.tsx(11911,24): error TS7006: Parameter 'color' implicitly has an 'any' type.
app-wrapper.tsx(11915,24): error TS7006: Parameter 'icono' implicitly has an 'any' type.
app-wrapper.tsx(11938,46): error TS2345: Argument of type '(prev: { nombre: string; descripcion: string; icono: string; color: string; moduloPermisos: string; obligatoria: boolean; tipoObligatoria: null; }) => { tipoObligatoria: string | null; obligatoria: boolean; ... 4 more ...; moduloPermisos: string; }' is not assignable to parameter of type 'SetStateAction<{ nombre: string; descripcion: string; icono: string; color: string; moduloPermisos: string; obligatoria: boolean; tipoObligatoria: null; }>'.
  Type '(prev: { nombre: string; descripcion: string; icono: string; color: string; moduloPermisos: string; obligatoria: boolean; tipoObligatoria: null; }) => { tipoObligatoria: string | null; obligatoria: boolean; ... 4 more ...; moduloPermisos: string; }' is not assignable to type '(prevState: { nombre: string; descripcion: string; icono: string; color: string; moduloPermisos: string; obligatoria: boolean; tipoObligatoria: null; }) => { nombre: string; descripcion: string; ... 4 more ...; tipoObligatoria: null; }'.
    Call signature return types '{ tipoObligatoria: string | null; obligatoria: boolean; nombre: string; descripcion: string; icono: string; color: string; moduloPermisos: string; }' and '{ nombre: string; descripcion: string; icono: string; color: string; moduloPermisos: string; obligatoria: boolean; tipoObligatoria: null; }' are incompatible.
      The types of 'tipoObligatoria' are incompatible between these types.
        Type 'string | null' is not assignable to type 'null'.
          Type 'string' is not assignable to type 'null'.
app-wrapper.tsx(11951,46): error TS2345: Argument of type '(prev: { nombre: string; descripcion: string; icono: string; color: string; moduloPermisos: string; obligatoria: boolean; tipoObligatoria: null; }) => { tipoObligatoria: string | null; obligatoria: boolean; ... 4 more ...; moduloPermisos: string; }' is not assignable to parameter of type 'SetStateAction<{ nombre: string; descripcion: string; icono: string; color: string; moduloPermisos: string; obligatoria: boolean; tipoObligatoria: null; }>'.
  Type '(prev: { nombre: string; descripcion: string; icono: string; color: string; moduloPermisos: string; obligatoria: boolean; tipoObligatoria: null; }) => { tipoObligatoria: string | null; obligatoria: boolean; ... 4 more ...; moduloPermisos: string; }' is not assignable to type '(prevState: { nombre: string; descripcion: string; icono: string; color: string; moduloPermisos: string; obligatoria: boolean; tipoObligatoria: null; }) => { nombre: string; descripcion: string; ... 4 more ...; tipoObligatoria: null; }'.
    Call signature return types '{ tipoObligatoria: string | null; obligatoria: boolean; nombre: string; descripcion: string; icono: string; color: string; moduloPermisos: string; }' and '{ nombre: string; descripcion: string; icono: string; color: string; moduloPermisos: string; obligatoria: boolean; tipoObligatoria: null; }' are incompatible.
      The types of 'tipoObligatoria' are incompatible between these types.
        Type 'string | null' is not assignable to type 'null'.
          Type 'string' is not assignable to type 'null'.
app-wrapper.tsx(11961,19): error TS2339: Property 'tipoObligatoria' does not exist on type '{}'.
app-wrapper.tsx(11962,57): error TS2339: Property 'tipoObligatoria' does not exist on type '{}'.
app-wrapper.tsx(11977,21): error TS7006: Parameter 'cond' implicitly has an 'any' type.
app-wrapper.tsx(11979,37): error TS2345: Argument of type '"salida"' is not assignable to parameter of type 'SetStateAction<null>'.
app-wrapper.tsx(11982,22): error TS7006: Parameter 'cond' implicitly has an 'any' type.
app-wrapper.tsx(11984,37): error TS2345: Argument of type '"salida"' is not assignable to parameter of type 'SetStateAction<null>'.
app-wrapper.tsx(11987,24): error TS7006: Parameter 'cond' implicitly has an 'any' type.
app-wrapper.tsx(12004,21): error TS7006: Parameter 'cond' implicitly has an 'any' type.
app-wrapper.tsx(12006,37): error TS2345: Argument of type '"entrada"' is not assignable to parameter of type 'SetStateAction<null>'.
app-wrapper.tsx(12009,22): error TS7006: Parameter 'cond' implicitly has an 'any' type.
app-wrapper.tsx(12011,37): error TS2345: Argument of type '"entrada"' is not assignable to parameter of type 'SetStateAction<null>'.
app-wrapper.tsx(12014,24): error TS7006: Parameter 'cond' implicitly has an 'any' type.
app-wrapper.tsx(12021,12): error TS2739: Type '{ children: string; type: string; variant: string; onClick: any; }' is missing the following properties from type '{ [x: string]: any; children: any; onClick: any; type?: string | undefined; variant?: string | undefined; size?: string | undefined; iconLeft: any; iconRight: any; disabled: any; className?: string | undefined; }': iconLeft, iconRight, disabled
app-wrapper.tsx(12024,12): error TS2739: Type '{ children: string; type: string; iconLeft: Element; }' is missing the following properties from type '{ [x: string]: any; children: any; onClick: any; type?: string | undefined; variant?: string | undefined; size?: string | undefined; iconLeft: any; iconRight: any; disabled: any; className?: string | undefined; }': onClick, iconRight, disabled
app-wrapper.tsx(12042,18): error TS7006: Parameter 'condicionData' implicitly has an 'any' type.
app-wrapper.tsx(12066,27): error TS7031: Binding element 'isOpen' implicitly has an 'any' type.
app-wrapper.tsx(12066,35): error TS7031: Binding element 'onClose' implicitly has an 'any' type.
app-wrapper.tsx(12066,44): error TS7031: Binding element 'flujo' implicitly has an 'any' type.
app-wrapper.tsx(12066,51): error TS7031: Binding element 'onSave' implicitly has an 'any' type.
app-wrapper.tsx(12101,31): error TS7006: Parameter 'e' implicitly has an 'any' type.
app-wrapper.tsx(12106,17): error TS2339: Property 'nombre' does not exist on type '{}'.
app-wrapper.tsx(12110,9): error TS7006: Parameter 'f' implicitly has an 'any' type.
app-wrapper.tsx(12113,19): error TS2339: Property 'nombre' does not exist on type '{}'.
app-wrapper.tsx(12134,19): error TS2339: Property 'fechaCreacion' does not exist on type '{ nombre: string; descripcion: string; activo: boolean; orden: number; color: string; icono: string; fechaModificacion: Date; }'.
app-wrapper.tsx(12135,19): error TS2339: Property 'creadoPor' does not exist on type '{ nombre: string; descripcion: string; activo: boolean; orden: number; color: string; icono: string; fechaModificacion: Date; }'.
app-wrapper.tsx(12138,19): error TS2339: Property 'id' does not exist on type '{ nombre: string; descripcion: string; activo: boolean; orden: number; color: string; icono: string; fechaModificacion: Date; }'.
app-wrapper.tsx(12139,19): error TS2339: Property 'fechaCreacion' does not exist on type '{ nombre: string; descripcion: string; activo: boolean; orden: number; color: string; icono: string; fechaModificacion: Date; }'.
app-wrapper.tsx(12140,19): error TS2339: Property 'creadoPor' does not exist on type '{ nombre: string; descripcion: string; activo: boolean; orden: number; color: string; icono: string; fechaModificacion: Date; }'.
app-wrapper.tsx(12140,44): error TS2339: Property 'uid' does not exist on type 'never'.
app-wrapper.tsx(12141,19): error TS2339: Property 'etapas' does not exist on type '{ nombre: string; descripcion: string; activo: boolean; orden: number; color: string; icono: string; fechaModificacion: Date; }'.
app-wrapper.tsx(12161,22): error TS7006: Parameter 'e' implicitly has an 'any' type.
app-wrapper.tsx(12163,25): error TS2339: Property 'nombre' does not exist on type '{}'.
app-wrapper.tsx(12200,22): error TS7006: Parameter 'color' implicitly has an 'any' type.
app-wrapper.tsx(12204,22): error TS7006: Parameter 'icono' implicitly has an 'any' type.
app-wrapper.tsx(12207,12): error TS2739: Type '{ children: string; type: string; variant: string; onClick: any; }' is missing the following properties from type '{ [x: string]: any; children: any; onClick: any; type?: string | undefined; variant?: string | undefined; size?: string | undefined; iconLeft: any; iconRight: any; disabled: any; className?: string | undefined; }': iconLeft, iconRight, disabled
app-wrapper.tsx(12210,12): error TS2739: Type '{ children: string; type: string; iconLeft: Element; }' is missing the following properties from type '{ [x: string]: any; children: any; onClick: any; type?: string | undefined; variant?: string | undefined; size?: string | undefined; iconLeft: any; iconRight: any; disabled: any; className?: string | undefined; }': onClick, iconRight, disabled
app-wrapper.tsx(12222,11): error TS2339: Property 'isOwner' does not exist on type '{ currentUser: null; userData: null; loadingAuth: boolean; hasRole: () => boolean; isAdmin: () => boolean; hasPermission: () => boolean; hasSpecialPermission: () => boolean; isMasterAdmin: () => boolean; canAccess: () => boolean; login: () => Promise<{ success: boolean; }>; logout: () => void; registerUser: () => vo...'.
app-wrapper.tsx(12232,78): error TS7006: Parameter 'snapshot' implicitly has an 'any' type.
app-wrapper.tsx(12233,45): error TS7006: Parameter 'doc' implicitly has an 'any' type.
app-wrapper.tsx(12234,34): error TS7006: Parameter 'a' implicitly has an 'any' type.
app-wrapper.tsx(12234,37): error TS7006: Parameter 'b' implicitly has an 'any' type.
app-wrapper.tsx(12236,78): error TS7006: Parameter 'snapshot' implicitly has an 'any' type.
app-wrapper.tsx(12237,45): error TS7006: Parameter 'doc' implicitly has an 'any' type.
app-wrapper.tsx(12258,28): error TS2339: Property 'flujoId' does not exist on type 'never'.
app-wrapper.tsx(12258,54): error TS2339: Property 'id' does not exist on type 'never'.
app-wrapper.tsx(12258,76): error TS2339: Property 'orden' does not exist on type 'never'.
app-wrapper.tsx(12258,93): error TS2339: Property 'orden' does not exist on type 'never'.
app-wrapper.tsx(12266,28): error TS7006: Parameter 'flujo' implicitly has an 'any' type.
app-wrapper.tsx(12271,36): error TS7006: Parameter 'flujo' implicitly has an 'any' type.
app-wrapper.tsx(12282,36): error TS7006: Parameter 'flujo' implicitly has an 'any' type.
app-wrapper.tsx(12300,28): error TS7006: Parameter 'etapa' implicitly has an 'any' type.
app-wrapper.tsx(12305,36): error TS7006: Parameter 'etapa' implicitly has an 'any' type.
app-wrapper.tsx(12320,38): error TS7006: Parameter 'nuevasEtapas' implicitly has an 'any' type.
app-wrapper.tsx(12331,29): error TS7006: Parameter 'iconName' implicitly has an 'any' type.
app-wrapper.tsx(12342,27): error TS7053: Element implicitly has an 'any' type because expression of type 'any' can't be used to index type '{ ShoppingCart: ForwardRefExoticComponent<Omit<LucideProps, "ref"> & RefAttributes<SVGSVGElement>>; ... 60 more ...; TrendingUp: ForwardRefExoticComponent<...>; }'.
app-wrapper.tsx(12350,10): error TS2739: Type '{ children: string; onClick: () => void; iconLeft: Element; }' is missing the following properties from type '{ [x: string]: any; children: any; onClick: any; type?: string | undefined; variant?: string | undefined; size?: string | undefined; iconLeft: any; iconRight: any; disabled: any; className?: string | undefined; }': iconRight, disabled
app-wrapper.tsx(12362,62): error TS2339: Property 'icono' does not exist on type 'never'.
app-wrapper.tsx(12363,56): error TS2339: Property 'flujoId' does not exist on type 'never'.
app-wrapper.tsx(12363,74): error TS2339: Property 'id' does not exist on type 'never'.
app-wrapper.tsx(12366,32): error TS2339: Property 'id' does not exist on type 'never'.
app-wrapper.tsx(12368,104): error TS2339: Property 'id' does not exist on type 'never'.
app-wrapper.tsx(12368,117): error TS2339: Property 'id' does not exist on type 'never'.
app-wrapper.tsx(12371,34): error TS2339: Property 'activo' does not exist on type 'never'.
app-wrapper.tsx(12374,68): error TS2339: Property 'color' does not exist on type 'never'.
app-wrapper.tsx(12376,76): error TS2339: Property 'nombre' does not exist on type 'never'.
app-wrapper.tsx(12377,33): error TS2339: Property 'activo' does not exist on type 'never'.
app-wrapper.tsx(12382,28): error TS2339: Property 'descripcion' does not exist on type 'never'.
app-wrapper.tsx(12383,73): error TS2339: Property 'descripcion' does not exist on type 'never'.
app-wrapper.tsx(12404,40): error TS2339: Property 'activo' does not exist on type 'never'.
app-wrapper.tsx(12406,34): error TS2339: Property 'activo' does not exist on type 'never'.
app-wrapper.tsx(12429,51): error TS2339: Property 'icono' does not exist on type 'never'.
app-wrapper.tsx(12430,56): error TS2339: Property 'color' does not exist on type 'never'.
app-wrapper.tsx(12431,55): error TS2339: Property 'icono' does not exist on type 'never'.
app-wrapper.tsx(12435,86): error TS2339: Property 'nombre' does not exist on type 'never'.
app-wrapper.tsx(12436,36): error TS2339: Property 'descripcion' does not exist on type 'never'.
app-wrapper.tsx(12437,76): error TS2339: Property 'descripcion' does not exist on type 'never'.
app-wrapper.tsx(12441,18): error TS2739: Type '{ children: string; onClick: () => void; iconLeft: Element; size: string; }' is missing the following properties from type '{ [x: string]: any; children: any; onClick: any; type?: string | undefined; variant?: string | undefined; size?: string | undefined; iconLeft: any; iconRight: any; disabled: any; className?: string | undefined; }': iconRight, disabled
app-wrapper.tsx(12454,44): error TS2339: Property 'id' does not exist on type 'never'.
app-wrapper.tsx(12460,36): error TS2339: Property 'id' does not exist on type 'never'.
app-wrapper.tsx(12463,49): error TS2339: Property 'icono' does not exist on type 'never'.
app-wrapper.tsx(12464,54): error TS2339: Property 'color' does not exist on type 'never'.
app-wrapper.tsx(12464,87): error TS2339: Property 'icono' does not exist on type 'never'.
app-wrapper.tsx(12467,78): error TS2339: Property 'nombre' does not exist on type 'never'.
app-wrapper.tsx(12468,34): error TS2339: Property 'descripcion' does not exist on type 'never'.
app-wrapper.tsx(12469,76): error TS2339: Property 'descripcion' does not exist on type 'never'.
app-wrapper.tsx(12479,35): error TS2339: Property 'obligatoria' does not exist on type 'never'.
app-wrapper.tsx(12535,33): error TS2339: Property 'id' does not exist on type 'never'.
app-wrapper.tsx(12561,22): error TS7053: Element implicitly has an 'any' type because expression of type 'string' can't be used to index type '{ ventas: string; dise├▒o: string; cobranza: string; pre_estampado: string; estampado: string; empaquetado: string; reparto: string; finalizados: string; }'.
  No index signature with a parameter of type 'string' was found on type '{ ventas: string; dise├▒o: string; cobranza: string; pre_estampado: string; estampado: string; empaquetado: string; reparto: string; finalizados: string; }'.
app-wrapper.tsx(12562,37): error TS2554: Expected 0 arguments, but got 2.
app-wrapper.tsx(12596,74): error TS2339: Property 'preparacion' does not exist on type '{}'.
app-wrapper.tsx(12596,88): error TS7053: Element implicitly has an 'any' type because expression of type 'string' can't be used to index type '{}'.
  No index signature with a parameter of type 'string' was found on type '{}'.
app-wrapper.tsx(12633,31): error TS7031: Binding element 'flujoId' implicitly has an 'any' type.
app-wrapper.tsx(12641,78): error TS7006: Parameter 'snapshot' implicitly has an 'any' type.
app-wrapper.tsx(12642,45): error TS7006: Parameter 'doc' implicitly has an 'any' type.
app-wrapper.tsx(12644,17): error TS7006: Parameter 'e' implicitly has an 'any' type.
app-wrapper.tsx(12645,16): error TS7006: Parameter 'a' implicitly has an 'any' type.
app-wrapper.tsx(12645,19): error TS7006: Parameter 'b' implicitly has an 'any' type.
app-wrapper.tsx(12654,77): error TS7006: Parameter 'snapshot' implicitly has an 'any' type.
app-wrapper.tsx(12655,45): error TS7006: Parameter 'doc' implicitly has an 'any' type.
app-wrapper.tsx(12656,43): error TS7006: Parameter 'f' implicitly has an 'any' type.
app-wrapper.tsx(12667,29): error TS7006: Parameter 'iconName' implicitly has an 'any' type.
app-wrapper.tsx(12678,27): error TS7053: Element implicitly has an 'any' type because expression of type 'any' can't be used to index type '{ ShoppingCart: ForwardRefExoticComponent<Omit<LucideProps, "ref"> & RefAttributes<SVGSVGElement>>; ... 60 more ...; TrendingUp: ForwardRefExoticComponent<...>; }'.
app-wrapper.tsx(12684,16): error TS2339: Property 'moduloPermisos' does not exist on type 'never'.
app-wrapper.tsx(12685,26): error TS2554: Expected 0 arguments, but got 2.
app-wrapper.tsx(12685,32): error TS2339: Property 'moduloPermisos' does not exist on type 'never'.
app-wrapper.tsx(12689,44): error TS2339: Property 'id' does not exist on type 'never'.
app-wrapper.tsx(12695,47): error TS2339: Property 'nombre' does not exist on type 'never'.
app-wrapper.tsx(12727,60): error TS2339: Property 'icono' does not exist on type 'never'.
app-wrapper.tsx(12730,30): error TS2339: Property 'id' does not exist on type 'never'.
app-wrapper.tsx(12731,53): error TS2339: Property 'id' does not exist on type 'never'.
app-wrapper.tsx(12732,53): error TS2339: Property 'id' does not exist on type 'never'.
app-wrapper.tsx(12736,46): error TS2339: Property 'id' does not exist on type 'never'.
app-wrapper.tsx(12736,71): error TS2339: Property 'color' does not exist on type 'never'.
app-wrapper.tsx(12738,81): error TS2339: Property 'id' does not exist on type 'never'.
app-wrapper.tsx(12738,102): error TS2339: Property 'color' does not exist on type 'never'.
app-wrapper.tsx(12741,26): error TS2339: Property 'nombre' does not exist on type 'never'.
app-wrapper.tsx(12766,22): error TS7053: Element implicitly has an 'any' type because expression of type 'string' can't be used to index type '{ corte: string; confeccion: string; limpieza: string; registro: string; }'.
  No index signature with a parameter of type 'string' was found on type '{ corte: string; confeccion: string; limpieza: string; registro: string; }'.
app-wrapper.tsx(12767,37): error TS2554: Expected 0 arguments, but got 2.
app-wrapper.tsx(12793,29): error TS7053: Element implicitly has an 'any' type because expression of type 'string' can't be used to index type '{}'.
  No index signature with a parameter of type 'string' was found on type '{}'.
app-wrapper.tsx(12879,11): error TS2339: Property 'isOwner' does not exist on type '{ currentUser: null; userData: null; loadingAuth: boolean; hasRole: () => boolean; isAdmin: () => boolean; hasPermission: () => boolean; hasSpecialPermission: () => boolean; isMasterAdmin: () => boolean; canAccess: () => boolean; login: () => Promise<{ success: boolean; }>; logout: () => void; registerUser: () => vo...'.
app-wrapper.tsx(12922,14): error TS2739: Type '{ children: string; variant: string; onClick: () => void; iconLeft: Element; }' is missing the following properties from type '{ [x: string]: any; children: any; onClick: any; type?: string | undefined; variant?: string | undefined; size?: string | undefined; iconLeft: any; iconRight: any; disabled: any; className?: string | undefined; }': iconRight, disabled
app-wrapper.tsx(12983,6): error TS7006: Parameter 'profile' implicitly has an 'any' type.
app-wrapper.tsx(12991,30): error TS7006: Parameter 'profile' implicitly has an 'any' type.
app-wrapper.tsx(12996,38): error TS7006: Parameter 'profileId' implicitly has an 'any' type.
app-wrapper.tsx(13004,44): error TS18046: 'error' is of type 'unknown'.
app-wrapper.tsx(13016,24): error TS7006: Parameter 'e' implicitly has an 'any' type.
app-wrapper.tsx(13021,10): error TS2739: Type '{ children: string; variant: string; onClick: () => void; iconLeft: Element; }' is missing the following properties from type '{ [x: string]: any; children: any; onClick: any; type?: string | undefined; variant?: string | undefined; size?: string | undefined; iconLeft: any; iconRight: any; disabled: any; className?: string | undefined; }': iconRight, disabled
app-wrapper.tsx(13027,32): error TS7006: Parameter 'profile' implicitly has an 'any' type.
app-wrapper.tsx(13034,45): error TS7006: Parameter 'perm' implicitly has an 'any' type.
app-wrapper.tsx(13034,51): error TS7006: Parameter 'idx' implicitly has an 'any' type.
app-wrapper.tsx(13036,24): error TS7053: Element implicitly has an 'any' type because expression of type 'any' can't be used to index type '{ ventas: { name: string; actions: string[]; }; dise├▒o: { name: string; actions: string[]; }; cobranza: { name: string; actions: string[]; }; inventarios: { name: string; actions: string[]; }; preparacion: { name: string; actions: string[]; }; estampado: { ...; }; empaquetado: { ...; }; reparto: { ...; }; finalizado...'.
app-wrapper.tsx(13047,18): error TS2739: Type '{ children: string; variant: string; size: string; onClick: () => void; }' is missing the following properties from type '{ [x: string]: any; children: any; onClick: any; type?: string | undefined; variant?: string | undefined; size?: string | undefined; iconLeft: any; iconRight: any; disabled: any; className?: string | undefined; }': iconLeft, iconRight, disabled
app-wrapper.tsx(13050,18): error TS2739: Type '{ children: string; variant: string; size: string; onClick: () => Promise<void>; }' is missing the following properties from type '{ [x: string]: any; children: any; onClick: any; type?: string | undefined; variant?: string | undefined; size?: string | undefined; iconLeft: any; iconRight: any; disabled: any; className?: string | undefined; }': iconLeft, iconRight, disabled
app-wrapper.tsx(13085,29): error TS7031: Binding element 'isOpen' implicitly has an 'any' type.
app-wrapper.tsx(13085,37): error TS7031: Binding element 'onClose' implicitly has an 'any' type.
app-wrapper.tsx(13085,46): error TS7031: Binding element 'profile' implicitly has an 'any' type.
app-wrapper.tsx(13085,55): error TS7031: Binding element 'onSave' implicitly has an 'any' type.
app-wrapper.tsx(13113,41): error TS7006: Parameter 'module' implicitly has an 'any' type.
app-wrapper.tsx(13113,49): error TS7006: Parameter 'action' implicitly has an 'any' type.
app-wrapper.tsx(13113,57): error TS7006: Parameter 'checked' implicitly has an 'any' type.
app-wrapper.tsx(13115,58): error TS2339: Property 'module' does not exist on type 'never'.
app-wrapper.tsx(13118,28): error TS2339: Property 'actions' does not exist on type 'never'.
app-wrapper.tsx(13119,25): error TS2339: Property 'actions' does not exist on type 'never'.
app-wrapper.tsx(13122,33): error TS2345: Argument of type '{ module: any; actions: any[]; }' is not assignable to parameter of type 'never'.
app-wrapper.tsx(13126,23): error TS2339: Property 'actions' does not exist on type 'never'.
app-wrapper.tsx(13126,45): error TS2339: Property 'actions' does not exist on type 'never'.
app-wrapper.tsx(13126,61): error TS7006: Parameter 'a' implicitly has an 'any' type.
app-wrapper.tsx(13127,27): error TS2339: Property 'actions' does not exist on type 'never'.
app-wrapper.tsx(13128,65): error TS2339: Property 'module' does not exist on type 'never'.
app-wrapper.tsx(13136,42): error TS7006: Parameter 'permission' implicitly has an 'any' type.
app-wrapper.tsx(13136,54): error TS7006: Parameter 'checked' implicitly has an 'any' type.
app-wrapper.tsx(13139,47): error TS2345: Argument of type 'any' is not assignable to parameter of type 'never'.
app-wrapper.tsx(13140,40): error TS2345: Argument of type 'any' is not assignable to parameter of type 'never'.
app-wrapper.tsx(13149,34): error TS7006: Parameter 'module' implicitly has an 'any' type.
app-wrapper.tsx(13149,42): error TS7006: Parameter 'action' implicitly has an 'any' type.
app-wrapper.tsx(13150,59): error TS2339: Property 'module' does not exist on type 'never'.
app-wrapper.tsx(13151,37): error TS2339: Property 'actions' does not exist on type 'never'.
app-wrapper.tsx(13154,31): error TS7006: Parameter 'e' implicitly has an 'any' type.
app-wrapper.tsx(13159,17): error TS2339: Property 'name' does not exist on type '{}'.
app-wrapper.tsx(13171,59): error TS2339: Property 'actions' does not exist on type 'never'.
app-wrapper.tsx(13184,43): error TS18046: 'error' is of type 'unknown'.
app-wrapper.tsx(13197,22): error TS7006: Parameter 'e' implicitly has an 'any' type.
app-wrapper.tsx(13199,25): error TS2339: Property 'name' does not exist on type '{}'.
app-wrapper.tsx(13208,22): error TS7006: Parameter 'e' implicitly has an 'any' type.
app-wrapper.tsx(13244,65): error TS2345: Argument of type 'string' is not assignable to parameter of type 'never'.
app-wrapper.tsx(13255,12): error TS2739: Type '{ children: string; type: string; variant: string; onClick: any; }' is missing the following properties from type '{ [x: string]: any; children: any; onClick: any; type?: string | undefined; variant?: string | undefined; size?: string | undefined; iconLeft: any; iconRight: any; disabled: any; className?: string | undefined; }': iconLeft, iconRight, disabled
app-wrapper.tsx(13258,12): error TS2739: Type '{ children: string; type: string; variant: string; }' is missing the following properties from type '{ [x: string]: any; children: any; onClick: any; type?: string | undefined; variant?: string | undefined; size?: string | undefined; iconLeft: any; iconRight: any; disabled: any; className?: string | undefined; }': onClick, iconLeft, iconRight, disabled
app-wrapper.tsx(13276,6): error TS7006: Parameter 'user' implicitly has an 'any' type.
app-wrapper.tsx(13286,27): error TS7006: Parameter 'user' implicitly has an 'any' type.
app-wrapper.tsx(13291,35): error TS7006: Parameter 'userId' implicitly has an 'any' type.
app-wrapper.tsx(13303,45): error TS18046: 'error' is of type 'unknown'.
app-wrapper.tsx(13307,41): error TS7006: Parameter 'user' implicitly has an 'any' type.
app-wrapper.tsx(13316,46): error TS18046: 'error' is of type 'unknown'.
app-wrapper.tsx(13328,24): error TS7006: Parameter 'e' implicitly has an 'any' type.
app-wrapper.tsx(13333,10): error TS2739: Type '{ children: string; variant: string; onClick: () => void; iconLeft: Element; }' is missing the following properties from type '{ [x: string]: any; children: any; onClick: any; type?: string | undefined; variant?: string | undefined; size?: string | undefined; iconLeft: any; iconRight: any; disabled: any; className?: string | undefined; }': iconRight, disabled
app-wrapper.tsx(13351,33): error TS7006: Parameter 'user' implicitly has an 'any' type.
app-wrapper.tsx(13358,42): error TS7006: Parameter 'profileId' implicitly has an 'any' type.
app-wrapper.tsx(13359,73): error TS7006: Parameter 'p' implicitly has an 'any' type.
app-wrapper.tsx(13387,22): error TS2739: Type '{ children: string; variant: string; size: string; onClick: () => void; }' is missing the following properties from type '{ [x: string]: any; children: any; onClick: any; type?: string | undefined; variant?: string | undefined; size?: string | undefined; iconLeft: any; iconRight: any; disabled: any; className?: string | undefined; }': iconLeft, iconRight, disabled
app-wrapper.tsx(13392,26): error TS2739: Type '{ children: string; variant: string; size: string; onClick: () => Promise<void>; }' is missing the following properties from type '{ [x: string]: any; children: any; onClick: any; type?: string | undefined; variant?: string | undefined; size?: string | undefined; iconLeft: any; iconRight: any; disabled: any; className?: string | undefined; }': iconLeft, iconRight, disabled
app-wrapper.tsx(13399,26): error TS2739: Type '{ children: string; variant: string; size: string; onClick: () => Promise<void>; }' is missing the following properties from type '{ [x: string]: any; children: any; onClick: any; type?: string | undefined; variant?: string | undefined; size?: string | undefined; iconLeft: any; iconRight: any; disabled: any; className?: string | undefined; }': iconLeft, iconRight, disabled
app-wrapper.tsx(13438,26): error TS7031: Binding element 'isOpen' implicitly has an 'any' type.
app-wrapper.tsx(13438,34): error TS7031: Binding element 'onClose' implicitly has an 'any' type.
app-wrapper.tsx(13438,43): error TS7031: Binding element 'user' implicitly has an 'any' type.
app-wrapper.tsx(13438,49): error TS7031: Binding element 'onSave' implicitly has an 'any' type.
app-wrapper.tsx(13479,31): error TS7006: Parameter 'e' implicitly has an 'any' type.
app-wrapper.tsx(13484,17): error TS2339: Property 'email' does not exist on type '{}'.
app-wrapper.tsx(13486,17): error TS2339: Property 'email' does not exist on type '{}'.
app-wrapper.tsx(13490,17): error TS2339: Property 'name' does not exist on type '{}'.
app-wrapper.tsx(13494,17): error TS2339: Property 'password' does not exist on type '{}'.
app-wrapper.tsx(13509,71): error TS2339: Property 'actions' does not exist on type 'never'.
app-wrapper.tsx(13512,33): error TS2339: Property 'uid' does not exist on type 'never'.
app-wrapper.tsx(13517,20): error TS2339: Property 'password' does not exist on type '{ email: string; name: string; phone: string; status: string; profiles: never[]; customPermissions: never[]; specialPermissions: never[]; updatedAt: Date; createdBy: any; }'.
app-wrapper.tsx(13521,18): error TS2339: Property 'password' does not exist on type '{ email: string; name: string; phone: string; status: string; profiles: never[]; customPermissions: never[]; specialPermissions: never[]; updatedAt: Date; createdBy: any; }'.
app-wrapper.tsx(13522,18): error TS2339: Property 'createdAt' does not exist on type '{ email: string; name: string; phone: string; status: string; profiles: never[]; customPermissions: never[]; specialPermissions: never[]; updatedAt: Date; createdBy: any; }'.
app-wrapper.tsx(13528,44): error TS18046: 'error' is of type 'unknown'.
app-wrapper.tsx(13532,32): error TS7006: Parameter 'profileId' implicitly has an 'any' type.
app-wrapper.tsx(13533,17): error TS2345: Argument of type '(prev: { email: string; name: string; phone: string; password: string; status: string; profiles: never[]; customPermissions: never[]; specialPermissions: never[]; }) => { profiles: any[]; email: string; name: string; ... 4 more ...; specialPermissions: never[]; }' is not assignable to parameter of type 'SetStateAction<{ email: string; name: string; phone: string; password: string; status: string; profiles: never[]; customPermissions: never[]; specialPermissions: never[]; }>'.
  Type '(prev: { email: string; name: string; phone: string; password: string; status: string; profiles: never[]; customPermissions: never[]; specialPermissions: never[]; }) => { profiles: any[]; email: string; name: string; ... 4 more ...; specialPermissions: never[]; }' is not assignable to type '(prevState: { email: string; name: string; phone: string; password: string; status: string; profiles: never[]; customPermissions: never[]; specialPermissions: never[]; }) => { email: string; name: string; ... 5 more ...; specialPermissions: never[]; }'.
    Call signature return types '{ profiles: any[]; email: string; name: string; phone: string; password: string; status: string; customPermissions: never[]; specialPermissions: never[]; }' and '{ email: string; name: string; phone: string; password: string; status: string; profiles: never[]; customPermissions: never[]; specialPermissions: never[]; }' are incompatible.
      The types of 'profiles' are incompatible between these types.
        Type 'any[]' is not assignable to type 'never[]'.
          Type 'any' is not assignable to type 'never'.
app-wrapper.tsx(13535,40): error TS2345: Argument of type 'any' is not assignable to parameter of type 'never'.
app-wrapper.tsx(13539,41): error TS7006: Parameter 'module' implicitly has an 'any' type.
app-wrapper.tsx(13539,49): error TS7006: Parameter 'action' implicitly has an 'any' type.
app-wrapper.tsx(13539,57): error TS7006: Parameter 'checked' implicitly has an 'any' type.
app-wrapper.tsx(13541,64): error TS2339: Property 'module' does not exist on type 'never'.
app-wrapper.tsx(13544,28): error TS2339: Property 'actions' does not exist on type 'never'.
app-wrapper.tsx(13545,25): error TS2339: Property 'actions' does not exist on type 'never'.
app-wrapper.tsx(13548,39): error TS2345: Argument of type '{ module: any; actions: any[]; }' is not assignable to parameter of type 'never'.
app-wrapper.tsx(13552,23): error TS2339: Property 'actions' does not exist on type 'never'.
app-wrapper.tsx(13552,45): error TS2339: Property 'actions' does not exist on type 'never'.
app-wrapper.tsx(13552,61): error TS7006: Parameter 'a' implicitly has an 'any' type.
app-wrapper.tsx(13553,27): error TS2339: Property 'actions' does not exist on type 'never'.
app-wrapper.tsx(13554,77): error TS2339: Property 'module' does not exist on type 'never'.
app-wrapper.tsx(13562,38): error TS7006: Parameter 'module' implicitly has an 'any' type.
app-wrapper.tsx(13562,46): error TS7006: Parameter 'action' implicitly has an 'any' type.
app-wrapper.tsx(13563,65): error TS2339: Property 'module' does not exist on type 'never'.
app-wrapper.tsx(13564,37): error TS2339: Property 'actions' does not exist on type 'never'.
app-wrapper.tsx(13567,42): error TS7006: Parameter 'permission' implicitly has an 'any' type.
app-wrapper.tsx(13567,54): error TS7006: Parameter 'checked' implicitly has an 'any' type.
app-wrapper.tsx(13570,47): error TS2345: Argument of type 'any' is not assignable to parameter of type 'never'.
app-wrapper.tsx(13571,40): error TS2345: Argument of type 'any' is not assignable to parameter of type 'never'.
app-wrapper.tsx(13582,11): error TS7034: Variable 'allPermissions' implicitly has type 'any[]' in some locations where its type cannot be determined.
app-wrapper.tsx(13587,55): error TS7006: Parameter 'p' implicitly has an 'any' type.
app-wrapper.tsx(13589,38): error TS7006: Parameter 'perm' implicitly has an 'any' type.
app-wrapper.tsx(13590,32): error TS7005: Variable 'allPermissions' implicitly has an 'any[]' type.
app-wrapper.tsx(13598,47): error TS7006: Parameter 'sp' implicitly has an 'any' type.
app-wrapper.tsx(13598,80): error TS2345: Argument of type 'any' is not assignable to parameter of type 'never'.
app-wrapper.tsx(13605,28): error TS7005: Variable 'allPermissions' implicitly has an 'any[]' type.
app-wrapper.tsx(13605,73): error TS2339: Property 'module' does not exist on type 'never'.
app-wrapper.tsx(13607,78): error TS2339: Property 'actions' does not exist on type 'never'.
app-wrapper.tsx(13609,44): error TS2339: Property 'module' does not exist on type 'never'.
app-wrapper.tsx(13609,70): error TS2339: Property 'actions' does not exist on type 'never'.
app-wrapper.tsx(13613,27): error TS7005: Variable 'allPermissions' implicitly has an 'any[]' type.
app-wrapper.tsx(13629,24): error TS7006: Parameter 'e' implicitly has an 'any' type.
app-wrapper.tsx(13631,27): error TS2339: Property 'email' does not exist on type '{}'.
app-wrapper.tsx(13638,24): error TS7006: Parameter 'e' implicitly has an 'any' type.
app-wrapper.tsx(13640,27): error TS2339: Property 'name' does not exist on type '{}'.
app-wrapper.tsx(13647,24): error TS7006: Parameter 'e' implicitly has an 'any' type.
app-wrapper.tsx(13655,26): error TS7006: Parameter 'e' implicitly has an 'any' type.
app-wrapper.tsx(13657,29): error TS2339: Property 'password' does not exist on type '{}'.
app-wrapper.tsx(13667,12): error TS2739: Type '{ label: string; id: string; value: string; onChange: (e: any) => void; options: { value: string; label: string; }[]; }' is missing the following properties from type '{ [x: string]: any; label: any; id: any; value: any; onChange: any; options: any; placeholder: any; required: any; error: any; className: any; }': placeholder, required, error, className
app-wrapper.tsx(13671,24): error TS7006: Parameter 'e' implicitly has an 'any' type.
app-wrapper.tsx(13682,45): error TS7006: Parameter 'profile' implicitly has an 'any' type.
app-wrapper.tsx(13686,55): error TS2345: Argument of type 'any' is not assignable to parameter of type 'never'.
app-wrapper.tsx(13733,65): error TS2345: Argument of type 'string' is not assignable to parameter of type 'never'.
app-wrapper.tsx(13751,22): error TS7053: Element implicitly has an 'any' type because expression of type 'any' can't be used to index type '{ ventas: { name: string; actions: string[]; }; dise├▒o: { name: string; actions: string[]; }; cobranza: { name: string; actions: string[]; }; inventarios: { name: string; actions: string[]; }; preparacion: { name: string; actions: string[]; }; estampado: { ...; }; empaquetado: { ...; }; reparto: { ...; }; finalizado...'.
app-wrapper.tsx(13764,27): error TS2339: Property 'replace' does not exist on type 'never'.
app-wrapper.tsx(13776,12): error TS2739: Type '{ children: string; type: string; variant: string; onClick: any; }' is missing the following properties from type '{ [x: string]: any; children: any; onClick: any; type?: string | undefined; variant?: string | undefined; size?: string | undefined; iconLeft: any; iconRight: any; disabled: any; className?: string | undefined; }': iconLeft, iconRight, disabled
app-wrapper.tsx(13779,12): error TS2739: Type '{ children: string; type: string; variant: string; }' is missing the following properties from type '{ [x: string]: any; children: any; onClick: any; type?: string | undefined; variant?: string | undefined; size?: string | undefined; iconLeft: any; iconRight: any; disabled: any; className?: string | undefined; }': onClick, iconLeft, iconRight, disabled
app-wrapper.tsx(13952,73): error TS7006: Parameter 'snapshot' implicitly has an 'any' type.
app-wrapper.tsx(13953,46): error TS7006: Parameter 'doc' implicitly has an 'any' type.
app-wrapper.tsx(13965,36): error TS2339: Property 'clienteNumeroDocumento' does not exist on type 'never'.
app-wrapper.tsx(13965,69): error TS2339: Property 'clienteContacto' does not exist on type 'never'.
app-wrapper.tsx(13965,95): error TS2339: Property 'clienteCorreo' does not exist on type 'never'.
app-wrapper.tsx(13965,119): error TS2339: Property 'clienteId' does not exist on type 'never'.
app-wrapper.tsx(13968,12): error TS7053: Element implicitly has an 'any' type because expression of type 'any' can't be used to index type '{}'.
app-wrapper.tsx(13969,9): error TS7053: Element implicitly has an 'any' type because expression of type 'any' can't be used to index type '{}'.
app-wrapper.tsx(13971,33): error TS2339: Property 'clienteNombre' does not exist on type 'never'.
app-wrapper.tsx(13972,36): error TS2339: Property 'clienteApellidos' does not exist on type 'never'.
app-wrapper.tsx(13973,35): error TS2339: Property 'clienteContacto' does not exist on type 'never'.
app-wrapper.tsx(13974,42): error TS2339: Property 'clienteNumeroDocumento' does not exist on type 'never'.
app-wrapper.tsx(13975,33): error TS2339: Property 'clienteCorreo' does not exist on type 'never'.
app-wrapper.tsx(13976,39): error TS2339: Property 'departamento' does not exist on type 'never'.
app-wrapper.tsx(13976,62): error TS2339: Property 'clienteDepartamento' does not exist on type 'never'.
app-wrapper.tsx(13977,36): error TS2339: Property 'provincia' does not exist on type 'never'.
app-wrapper.tsx(13977,56): error TS2339: Property 'clienteProvincia' does not exist on type 'never'.
app-wrapper.tsx(13978,35): error TS2339: Property 'distrito' does not exist on type 'never'.
app-wrapper.tsx(13978,54): error TS2339: Property 'clienteDistrito' does not exist on type 'never'.
app-wrapper.tsx(13986,7): error TS7053: Element implicitly has an 'any' type because expression of type 'any' can't be used to index type '{}'.
app-wrapper.tsx(13987,7): error TS7053: Element implicitly has an 'any' type because expression of type 'any' can't be used to index type '{}'.
app-wrapper.tsx(13988,7): error TS7053: Element implicitly has an 'any' type because expression of type 'any' can't be used to index type '{}'.
app-wrapper.tsx(13988,57): error TS2339: Property 'montoTotal' does not exist on type 'never'.
app-wrapper.tsx(13991,34): error TS2339: Property 'createdAt' does not exist on type 'never'.
app-wrapper.tsx(13991,69): error TS2339: Property 'createdAt' does not exist on type 'never'.
app-wrapper.tsx(13991,97): error TS2339: Property 'createdAt' does not exist on type 'never'.
app-wrapper.tsx(13992,12): error TS7053: Element implicitly has an 'any' type because expression of type 'any' can't be used to index type '{}'.
app-wrapper.tsx(13992,69): error TS7053: Element implicitly has an 'any' type because expression of type 'any' can't be used to index type '{}'.
app-wrapper.tsx(13993,9): error TS7053: Element implicitly has an 'any' type because expression of type 'any' can't be used to index type '{}'.
app-wrapper.tsx(14002,33): error TS18046: 'cliente' is of type 'unknown'.
app-wrapper.tsx(14002,58): error TS18046: 'cliente' is of type 'unknown'.
app-wrapper.tsx(14003,27): error TS18046: 'cliente' is of type 'unknown'.
app-wrapper.tsx(14004,32): error TS18046: 'cliente' is of type 'unknown'.
app-wrapper.tsx(14005,35): error TS18046: 'cliente' is of type 'unknown'.
app-wrapper.tsx(14006,32): error TS18046: 'cliente' is of type 'unknown'.
app-wrapper.tsx(14007,31): error TS18046: 'cliente' is of type 'unknown'.
app-wrapper.tsx(14015,65): error TS18046: 'c' is of type 'unknown'.
app-wrapper.tsx(14016,65): error TS18046: 'c' is of type 'unknown'.
app-wrapper.tsx(14031,12): error TS2739: Type '{ children: string; variant: string; onClick: () => void; iconLeft: Element; }' is missing the following properties from type '{ [x: string]: any; children: any; onClick: any; type?: string | undefined; variant?: string | undefined; size?: string | undefined; iconLeft: any; iconRight: any; disabled: any; className?: string | undefined; }': iconRight, disabled
app-wrapper.tsx(14045,62): error TS2322: Type 'unknown' is not assignable to type 'ReactNode'.
app-wrapper.tsx(14141,26): error TS2739: Type '{ children: string[]; variant: string; size: string; iconLeft: Element; onClick: (e: any) => void; }' is missing the following properties from type '{ [x: string]: any; children: any; onClick: any; type?: string | undefined; variant?: string | undefined; size?: string | undefined; iconLeft: any; iconRight: any; disabled: any; className?: string | undefined; }': iconRight, disabled
app-wrapper.tsx(14145,37): error TS7006: Parameter 'e' implicitly has an 'any' type.
app-wrapper.tsx(14181,56): error TS7006: Parameter 'pedido' implicitly has an 'any' type.
app-wrapper.tsx(14194,44): error TS2739: Type '{ children: string[]; variant: string; size: string; iconLeft: Element; onClick: (e: any) => void; }' is missing the following properties from type '{ [x: string]: any; children: any; onClick: any; type?: string | undefined; variant?: string | undefined; size?: string | undefined; iconLeft: any; iconRight: any; disabled: any; className?: string | undefined; }': iconRight, disabled
app-wrapper.tsx(14198,55): error TS7006: Parameter 'e' implicitly has an 'any' type.
app-wrapper.tsx(14213,84): error TS7006: Parameter 'columna' implicitly has an 'any' type.
app-wrapper.tsx(14261,71): error TS7006: Parameter 'snapshot' implicitly has an 'any' type.
app-wrapper.tsx(14262,44): error TS7006: Parameter 'doc' implicitly has an 'any' type.
app-wrapper.tsx(14270,33): error TS2339: Property 'etapaVenta' does not exist on type 'never'.
app-wrapper.tsx(14271,36): error TS2339: Property 'vendedorAsignado' does not exist on type 'never'.
app-wrapper.tsx(14279,26): error TS2339: Property 'etapaVenta' does not exist on type 'never'.
app-wrapper.tsx(14280,7): error TS7053: Element implicitly has an 'any' type because expression of type 'any' can't be used to index type '{}'.
app-wrapper.tsx(14280,26): error TS7053: Element implicitly has an 'any' type because expression of type 'any' can't be used to index type '{}'.
app-wrapper.tsx(14288,42): error TS7006: Parameter 'leadId' implicitly has an 'any' type.
app-wrapper.tsx(14289,38): error TS2339: Property 'id' does not exist on type 'never'.
app-wrapper.tsx(14298,9): error TS2698: Spread types may only be created from object types.
app-wrapper.tsx(14311,43): error TS18046: 'error' is of type 'unknown'.
app-wrapper.tsx(14330,64): error TS2322: Type 'unknown' is not assignable to type 'ReactNode'.
app-wrapper.tsx(14394,31): error TS2339: Property 'id' does not exist on type 'never'.
app-wrapper.tsx(14395,74): error TS2339: Property 'id' does not exist on type 'never'.
app-wrapper.tsx(14397,27): error TS2339: Property 'clienteNombre' does not exist on type 'never'.
app-wrapper.tsx(14397,48): error TS2339: Property 'clienteApellidos' does not exist on type 'never'.
app-wrapper.tsx(14399,74): error TS2339: Property 'clienteContacto' does not exist on type 'never'.
app-wrapper.tsx(14402,29): error TS2339: Property 'etapaVenta' does not exist on type 'never'.
app-wrapper.tsx(14405,74): error TS2339: Property 'vendedorAsignado' does not exist on type 'never'.
app-wrapper.tsx(14407,27): error TS2339: Property 'fechaContacto' does not exist on type 'never'.
app-wrapper.tsx(14407,57): error TS2339: Property 'fechaContacto' does not exist on type 'never'.
app-wrapper.tsx(14411,24): error TS2739: Type '{ children: string; variant: string; size: string; onClick: () => Promise<void>; iconLeft: Element; }' is missing the following properties from type '{ [x: string]: any; children: any; onClick: any; type?: string | undefined; variant?: string | undefined; size?: string | undefined; iconLeft: any; iconRight: any; disabled: any; className?: string | undefined; }': iconRight, disabled
app-wrapper.tsx(14411,103): error TS2339: Property 'id' does not exist on type 'never'.
app-wrapper.tsx(14414,24): error TS2739: Type '{ children: string; variant: string; size: string; iconLeft: Element; }' is missing the following properties from type '{ [x: string]: any; children: any; onClick: any; type?: string | undefined; variant?: string | undefined; size?: string | undefined; iconLeft: any; iconRight: any; disabled: any; className?: string | undefined; }': onClick, iconRight, disabled
app-wrapper.tsx(14417,24): error TS2739: Type '{ children: string; variant: string; size: string; iconLeft: Element; }' is missing the following properties from type '{ [x: string]: any; children: any; onClick: any; type?: string | undefined; variant?: string | undefined; size?: string | undefined; iconLeft: any; iconRight: any; disabled: any; className?: string | undefined; }': onClick, iconRight, disabled
app-wrapper.tsx(14434,11): error TS2339: Property 'isOwner' does not exist on type '{ currentUser: null; userData: null; loadingAuth: boolean; hasRole: () => boolean; isAdmin: () => boolean; hasPermission: () => boolean; hasSpecialPermission: () => boolean; isMasterAdmin: () => boolean; canAccess: () => boolean; login: () => Promise<{ success: boolean; }>; logout: () => void; registerUser: () => vo...'.
app-wrapper.tsx(14445,75): error TS7006: Parameter 'snapshot' implicitly has an 'any' type.
app-wrapper.tsx(14446,48): error TS7006: Parameter 'doc' implicitly has an 'any' type.
app-wrapper.tsx(14454,39): error TS2339: Property 'nombre' does not exist on type 'never'.
app-wrapper.tsx(14455,41): error TS2339: Property 'categoria' does not exist on type 'never'.
app-wrapper.tsx(14456,36): error TS2339: Property 'tipo' does not exist on type 'never'.
app-wrapper.tsx(14462,47): error TS2339: Property 'categoria' does not exist on type 'never'.
app-wrapper.tsx(14471,33): error TS7006: Parameter 'producto' implicitly has an 'any' type.
app-wrapper.tsx(14476,41): error TS7006: Parameter 'producto' implicitly has an 'any' type.
app-wrapper.tsx(14489,46): error TS18046: 'error' is of type 'unknown'.
app-wrapper.tsx(14493,37): error TS7006: Parameter 'producto' implicitly has an 'any' type.
app-wrapper.tsx(14500,48): error TS18046: 'error' is of type 'unknown'.
app-wrapper.tsx(14504,25): error TS7006: Parameter 'producto' implicitly has an 'any' type.
app-wrapper.tsx(14505,43): error TS7006: Parameter 'p' implicitly has an 'any' type.
app-wrapper.tsx(14514,12): error TS2739: Type '{ children: string; variant: string; onClick: () => void; iconLeft: Element; }' is missing the following properties from type '{ [x: string]: any; children: any; onClick: any; type?: string | undefined; variant?: string | undefined; size?: string | undefined; iconLeft: any; iconRight: any; disabled: any; className?: string | undefined; }': iconRight, disabled
app-wrapper.tsx(14577,35): error TS2339: Property 'id' does not exist on type 'never'.
app-wrapper.tsx(14578,92): error TS2339: Property 'nombre' does not exist on type 'never'.
app-wrapper.tsx(14580,93): error TS2339: Property 'tipo' does not exist on type 'never'.
app-wrapper.tsx(14584,33): error TS2339: Property 'tipo' does not exist on type 'never'.
app-wrapper.tsx(14597,78): error TS2339: Property 'categoria' does not exist on type 'never'.
app-wrapper.tsx(14599,46): error TS2339: Property 'costoTotal' does not exist on type 'never'.
app-wrapper.tsx(14605,93): error TS2339: Property 'activo' does not exist on type 'never'.
app-wrapper.tsx(14609,33): error TS2339: Property 'activo' does not exist on type 'never'.
app-wrapper.tsx(14616,28): error TS2739: Type '{ children: string; variant: string; size: string; onClick: () => void; iconLeft: Element; }' is missing the following properties from type '{ [x: string]: any; children: any; onClick: any; type?: string | undefined; variant?: string | undefined; size?: string | undefined; iconLeft: any; iconRight: any; disabled: any; className?: string | undefined; }': iconRight, disabled
app-wrapper.tsx(14624,28): error TS2739: Type '{ children: string; variant: string; size: string; onClick: () => Promise<void>; iconLeft: Element; }' is missing the following properties from type '{ [x: string]: any; children: any; onClick: any; type?: string | undefined; variant?: string | undefined; size?: string | undefined; iconLeft: any; iconRight: any; disabled: any; className?: string | undefined; }': iconRight, disabled
app-wrapper.tsx(14632,28): error TS2739: Type '{ children: string; variant: string; size: string; onClick: () => Promise<void>; }' is missing the following properties from type '{ [x: string]: any; children: any; onClick: any; type?: string | undefined; variant?: string | undefined; size?: string | undefined; iconLeft: any; iconRight: any; disabled: any; className?: string | undefined; }': iconLeft, iconRight, disabled
app-wrapper.tsx(14633,47): error TS2339: Property 'activo' does not exist on type 'never'.
app-wrapper.tsx(14637,39): error TS2339: Property 'activo' does not exist on type 'never'.
app-wrapper.tsx(14666,30): error TS7031: Binding element 'isOpen' implicitly has an 'any' type.
app-wrapper.tsx(14666,38): error TS7031: Binding element 'onClose' implicitly has an 'any' type.
app-wrapper.tsx(14666,47): error TS7031: Binding element 'producto' implicitly has an 'any' type.
app-wrapper.tsx(14667,11): error TS2339: Property 'isOwner' does not exist on type '{ currentUser: null; userData: null; loadingAuth: boolean; hasRole: () => boolean; isAdmin: () => boolean; hasPermission: () => boolean; hasSpecialPermission: () => boolean; isMasterAdmin: () => boolean; canAccess: () => boolean; login: () => Promise<{ success: boolean; }>; logout: () => void; registerUser: () => vo...'.
app-wrapper.tsx(14725,44): error TS7006: Parameter 'inv' implicitly has an 'any' type.
app-wrapper.tsx(14732,25): error TS7006: Parameter 'e' implicitly has an 'any' type.
app-wrapper.tsx(14735,9): error TS7053: Element implicitly has an 'any' type because expression of type 'any' can't be used to index type '{}'.
app-wrapper.tsx(14740,29): error TS7006: Parameter 'inventarioId' implicitly has an 'any' type.
app-wrapper.tsx(14750,34): error TS7006: Parameter 'item' implicitly has an 'any' type.
app-wrapper.tsx(14750,40): error TS7006: Parameter 'inventarioId' implicitly has an 'any' type.
app-wrapper.tsx(14753,7): error TS2322: Type 'any' is not assignable to type 'never'.
app-wrapper.tsx(14754,9): error TS2698: Spread types may only be created from object types.
app-wrapper.tsx(14773,17): error TS2345: Argument of type '(prev: { nombre: string; descripcion: string; imagen: string; categoria: string; tipo: string; itemInventarioId: string; inventarioId: string; componentes: never[]; precios: { id: string; nombre: string; valor: number; activo: boolean; habilitado: boolean; }[]; variantes: never[]; activo: boolean; }) => { ...; }' is not assignable to parameter of type 'SetStateAction<{ nombre: string; descripcion: string; imagen: string; categoria: string; tipo: string; itemInventarioId: string; inventarioId: string; componentes: never[]; precios: { id: string; nombre: string; valor: number; activo: boolean; habilitado: boolean; }[]; variantes: never[]; activo: boolean; }>'.
  Type '(prev: { nombre: string; descripcion: string; imagen: string; categoria: string; tipo: string; itemInventarioId: string; inventarioId: string; componentes: never[]; precios: { id: string; nombre: string; valor: number; activo: boolean; habilitado: boolean; }[]; variantes: never[]; activo: boolean; }) => { ...; }' is not assignable to type '(prevState: { nombre: string; descripcion: string; imagen: string; categoria: string; tipo: string; itemInventarioId: string; inventarioId: string; componentes: never[]; precios: { id: string; nombre: string; valor: number; activo: boolean; habilitado: boolean; }[]; variantes: never[]; activo: boolean; }) => { ...; }'.
    Call signature return types '{ componentes: { id: string; itemInventarioId: string; inventarioId: string; cantidad: number; nombre: string; }[]; nombre: string; descripcion: string; imagen: string; categoria: string; tipo: string; ... 4 more ...; activo: boolean; }' and '{ nombre: string; descripcion: string; imagen: string; categoria: string; tipo: string; itemInventarioId: string; inventarioId: string; componentes: never[]; precios: { id: string; nombre: string; valor: number; activo: boolean; habilitado: boolean; }[]; variantes: never[]; activo: boolean; }' are incompatible.
      The types of 'componentes' are incompatible between these types.
        Type '{ id: string; itemInventarioId: string; inventarioId: string; cantidad: number; nombre: string; }[]' is not assignable to type 'never[]'.
          Type '{ id: string; itemInventarioId: string; inventarioId: string; cantidad: number; nombre: string; }' is not assignable to type 'never'.
app-wrapper.tsx(14788,37): error TS7006: Parameter 'index' implicitly has an 'any' type.
app-wrapper.tsx(14795,39): error TS7006: Parameter 'index' implicitly has an 'any' type.
app-wrapper.tsx(14795,46): error TS7006: Parameter 'field' implicitly has an 'any' type.
app-wrapper.tsx(14795,53): error TS7006: Parameter 'value' implicitly has an 'any' type.
app-wrapper.tsx(14797,5): error TS2322: Type 'any' is not assignable to type 'never'.
app-wrapper.tsx(14797,34): error TS2698: Spread types may only be created from object types.
app-wrapper.tsx(14821,33): error TS7006: Parameter 'precioId' implicitly has an 'any' type.
app-wrapper.tsx(14834,35): error TS7006: Parameter 'precioId' implicitly has an 'any' type.
app-wrapper.tsx(14834,45): error TS7006: Parameter 'field' implicitly has an 'any' type.
app-wrapper.tsx(14834,52): error TS7006: Parameter 'value' implicitly has an 'any' type.
app-wrapper.tsx(14854,17): error TS2345: Argument of type '(prev: { nombre: string; descripcion: string; imagen: string; categoria: string; tipo: string; itemInventarioId: string; inventarioId: string; componentes: never[]; precios: { id: string; nombre: string; valor: number; activo: boolean; habilitado: boolean; }[]; variantes: never[]; activo: boolean; }) => { ...; }' is not assignable to parameter of type 'SetStateAction<{ nombre: string; descripcion: string; imagen: string; categoria: string; tipo: string; itemInventarioId: string; inventarioId: string; componentes: never[]; precios: { id: string; nombre: string; valor: number; activo: boolean; habilitado: boolean; }[]; variantes: never[]; activo: boolean; }>'.
  Type '(prev: { nombre: string; descripcion: string; imagen: string; categoria: string; tipo: string; itemInventarioId: string; inventarioId: string; componentes: never[]; precios: { id: string; nombre: string; valor: number; activo: boolean; habilitado: boolean; }[]; variantes: never[]; activo: boolean; }) => { ...; }' is not assignable to type '(prevState: { nombre: string; descripcion: string; imagen: string; categoria: string; tipo: string; itemInventarioId: string; inventarioId: string; componentes: never[]; precios: { id: string; nombre: string; valor: number; activo: boolean; habilitado: boolean; }[]; variantes: never[]; activo: boolean; }) => { ...; }'.
    Call signature return types '{ variantes: { id: string; nombre: string; costoAdicional: number; precioAdicional: number; }[]; nombre: string; descripcion: string; imagen: string; categoria: string; tipo: string; itemInventarioId: string; inventarioId: string; componentes: never[]; precios: { ...; }[]; activo: boolean; }' and '{ nombre: string; descripcion: string; imagen: string; categoria: string; tipo: string; itemInventarioId: string; inventarioId: string; componentes: never[]; precios: { id: string; nombre: string; valor: number; activo: boolean; habilitado: boolean; }[]; variantes: never[]; activo: boolean; }' are incompatible.
      The types of 'variantes' are incompatible between these types.
        Type '{ id: string; nombre: string; costoAdicional: number; precioAdicional: number; }[]' is not assignable to type 'never[]'.
          Type '{ id: string; nombre: string; costoAdicional: number; precioAdicional: number; }' is not assignable to type 'never'.
app-wrapper.tsx(14868,35): error TS7006: Parameter 'varianteId' implicitly has an 'any' type.
app-wrapper.tsx(14871,47): error TS2339: Property 'id' does not exist on type 'never'.
app-wrapper.tsx(14875,37): error TS7006: Parameter 'varianteId' implicitly has an 'any' type.
app-wrapper.tsx(14875,49): error TS7006: Parameter 'field' implicitly has an 'any' type.
app-wrapper.tsx(14875,56): error TS7006: Parameter 'value' implicitly has an 'any' type.
app-wrapper.tsx(14877,9): error TS2339: Property 'id' does not exist on type 'never'.
app-wrapper.tsx(14877,31): error TS2698: Spread types may only be created from object types.
app-wrapper.tsx(14879,17): error TS2345: Argument of type '(prev: { nombre: string; descripcion: string; imagen: string; categoria: string; tipo: string; itemInventarioId: string; inventarioId: string; componentes: never[]; precios: { id: string; nombre: string; valor: number; activo: boolean; habilitado: boolean; }[]; variantes: never[]; activo: boolean; }) => { ...; }' is not assignable to parameter of type 'SetStateAction<{ nombre: string; descripcion: string; imagen: string; categoria: string; tipo: string; itemInventarioId: string; inventarioId: string; componentes: never[]; precios: { id: string; nombre: string; valor: number; activo: boolean; habilitado: boolean; }[]; variantes: never[]; activo: boolean; }>'.
  Type '(prev: { nombre: string; descripcion: string; imagen: string; categoria: string; tipo: string; itemInventarioId: string; inventarioId: string; componentes: never[]; precios: { id: string; nombre: string; valor: number; activo: boolean; habilitado: boolean; }[]; variantes: never[]; activo: boolean; }) => { ...; }' is not assignable to type '(prevState: { nombre: string; descripcion: string; imagen: string; categoria: string; tipo: string; itemInventarioId: string; inventarioId: string; componentes: never[]; precios: { id: string; nombre: string; valor: number; activo: boolean; habilitado: boolean; }[]; variantes: never[]; activo: boolean; }) => { ...; }'.
    Call signature return types '{ variantes: any[]; nombre: string; descripcion: string; imagen: string; categoria: string; tipo: string; itemInventarioId: string; inventarioId: string; componentes: never[]; precios: { id: string; nombre: string; valor: number; activo: boolean; habilitado: boolean; }[]; activo: boolean; }' and '{ nombre: string; descripcion: string; imagen: string; categoria: string; tipo: string; itemInventarioId: string; inventarioId: string; componentes: never[]; precios: { id: string; nombre: string; valor: number; activo: boolean; habilitado: boolean; }[]; variantes: never[]; activo: boolean; }' are incompatible.
      The types of 'variantes' are incompatible between these types.
        Type 'any[]' is not assignable to type 'never[]'.
          Type 'any' is not assignable to type 'never'.
app-wrapper.tsx(14886,31): error TS7006: Parameter 'e' implicitly has an 'any' type.
app-wrapper.tsx(14891,21): error TS2339: Property 'nombre' does not exist on type '{}'.
app-wrapper.tsx(14894,21): error TS2339: Property 'itemInventarioId' does not exist on type '{}'.
app-wrapper.tsx(14897,21): error TS2339: Property 'componentes' does not exist on type '{}'.
app-wrapper.tsx(14900,21): error TS2339: Property 'precios' does not exist on type '{}'.
app-wrapper.tsx(14903,21): error TS2339: Property 'precios' does not exist on type '{}'.
app-wrapper.tsx(14929,45): error TS18046: 'error' is of type 'unknown'.
app-wrapper.tsx(14955,25): error TS2339: Property 'nombre' does not exist on type '{}'.
app-wrapper.tsx(14955,84): error TS2339: Property 'nombre' does not exist on type '{}'.
app-wrapper.tsx(14996,47): error TS7006: Parameter 'cat' implicitly has an 'any' type.
app-wrapper.tsx(15056,52): error TS7006: Parameter 'inv' implicitly has an 'any' type.
app-wrapper.tsx(15084,26): error TS2739: Type '{ children: string; type: string; variant: string; onClick: () => void; iconLeft: Element; }' is missing the following properties from type '{ [x: string]: any; children: any; onClick: any; type?: string | undefined; variant?: string | undefined; size?: string | undefined; iconLeft: any; iconRight: any; disabled: any; className?: string | undefined; }': iconRight, disabled
app-wrapper.tsx(15097,41): error TS2339: Property 'id' does not exist on type 'never'.
app-wrapper.tsx(15101,74): error TS2339: Property 'nombre' does not exist on type 'never'.
app-wrapper.tsx(15103,47): error TS2339: Property 'codigo' does not exist on type 'never'.
app-wrapper.tsx(15103,85): error TS2339: Property 'costoUnitario' does not exist on type 'never'.
app-wrapper.tsx(15133,22): error TS2739: Type '{ children: string; type: string; variant: string; size: string; onClick: () => void; iconLeft: Element; }' is missing the following properties from type '{ [x: string]: any; children: any; onClick: any; type?: string | undefined; variant?: string | undefined; size?: string | undefined; iconLeft: any; iconRight: any; disabled: any; className?: string | undefined; }': iconRight, disabled
app-wrapper.tsx(15143,27): error TS2339: Property 'componentes' does not exist on type '{}'.
app-wrapper.tsx(15144,65): error TS2339: Property 'componentes' does not exist on type '{}'.
app-wrapper.tsx(15148,42): error TS2339: Property 'id' does not exist on type 'never'.
app-wrapper.tsx(15151,26): error TS2739: Type '{ children: string; type: string; variant: string; size: string; onClick: () => void; iconLeft: Element; }' is missing the following properties from type '{ [x: string]: any; children: any; onClick: any; type?: string | undefined; variant?: string | undefined; size?: string | undefined; iconLeft: any; iconRight: any; disabled: any; className?: string | undefined; }': iconRight, disabled
app-wrapper.tsx(15167,45): error TS2339: Property 'inventarioId' does not exist on type 'never'.
app-wrapper.tsx(15175,56): error TS7006: Parameter 'inv' implicitly has an 'any' type.
app-wrapper.tsx(15183,35): error TS2339: Property 'inventarioId' does not exist on type 'never'.
app-wrapper.tsx(15195,63): error TS2339: Property 'inventarioId' does not exist on type 'never'.
app-wrapper.tsx(15201,30): error TS2739: Type '{ children: string; type: string; variant: string; size: string; onClick: () => void; iconLeft: Element; }' is missing the following properties from type '{ [x: string]: any; children: any; onClick: any; type?: string | undefined; variant?: string | undefined; size?: string | undefined; iconLeft: any; iconRight: any; disabled: any; className?: string | undefined; }': iconRight, disabled
app-wrapper.tsx(15205,74): error TS2339: Property 'inventarioId' does not exist on type 'never'.
app-wrapper.tsx(15215,45): error TS2339: Property 'id' does not exist on type 'never'.
app-wrapper.tsx(15216,89): error TS2339: Property 'inventarioId' does not exist on type 'never'.
app-wrapper.tsx(15216,109): error TS2345: Argument of type 'number' is not assignable to parameter of type 'null | undefined'.
app-wrapper.tsx(15219,78): error TS2339: Property 'nombre' does not exist on type 'never'.
app-wrapper.tsx(15221,51): error TS2339: Property 'codigo' does not exist on type 'never'.
app-wrapper.tsx(15221,89): error TS2339: Property 'costoUnitario' does not exist on type 'never'.
app-wrapper.tsx(15237,45): error TS2339: Property 'cantidad' does not exist on type 'never'.
app-wrapper.tsx(15259,23): error TS2339: Property 'precios' does not exist on type '{}'.
app-wrapper.tsx(15260,61): error TS2339: Property 'precios' does not exist on type '{}'.
app-wrapper.tsx(15268,24): error TS2739: Type '{ children: string; type: string; variant: string; size: string; onClick: () => void; iconLeft: Element; }' is missing the following properties from type '{ [x: string]: any; children: any; onClick: any; type?: string | undefined; variant?: string | undefined; size?: string | undefined; iconLeft: any; iconRight: any; disabled: any; className?: string | undefined; }': iconRight, disabled
app-wrapper.tsx(15331,18): error TS2739: Type '{ children: string; type: string; variant: string; onClick: () => void; iconLeft: Element; }' is missing the following properties from type '{ [x: string]: any; children: any; onClick: any; type?: string | undefined; variant?: string | undefined; size?: string | undefined; iconLeft: any; iconRight: any; disabled: any; className?: string | undefined; }': iconRight, disabled
app-wrapper.tsx(15348,36): error TS2339: Property 'id' does not exist on type 'never'.
app-wrapper.tsx(15351,22): error TS2739: Type '{ children: string; type: string; variant: string; size: string; onClick: () => void; iconLeft: Element; }' is missing the following properties from type '{ [x: string]: any; children: any; onClick: any; type?: string | undefined; variant?: string | undefined; size?: string | undefined; iconLeft: any; iconRight: any; disabled: any; className?: string | undefined; }': iconRight, disabled
app-wrapper.tsx(15355,70): error TS2339: Property 'id' does not exist on type 'never'.
app-wrapper.tsx(15368,39): error TS2339: Property 'nombre' does not exist on type 'never'.
app-wrapper.tsx(15369,74): error TS2339: Property 'id' does not exist on type 'never'.
app-wrapper.tsx(15383,41): error TS2339: Property 'costoAdicional' does not exist on type 'never'.
app-wrapper.tsx(15384,76): error TS2339: Property 'id' does not exist on type 'never'.
app-wrapper.tsx(15396,41): error TS2339: Property 'precioAdicional' does not exist on type 'never'.
app-wrapper.tsx(15397,76): error TS2339: Property 'id' does not exist on type 'never'.
app-wrapper.tsx(15405,16): error TS2739: Type '{ children: string; type: string; variant: string; onClick: () => void; iconLeft: Element; }' is missing the following properties from type '{ [x: string]: any; children: any; onClick: any; type?: string | undefined; variant?: string | undefined; size?: string | undefined; iconLeft: any; iconRight: any; disabled: any; className?: string | undefined; }': iconRight, disabled
app-wrapper.tsx(15418,12): error TS2739: Type '{ children: string; variant: string; onClick: any; iconLeft: Element; }' is missing the following properties from type '{ [x: string]: any; children: any; onClick: any; type?: string | undefined; variant?: string | undefined; size?: string | undefined; iconLeft: any; iconRight: any; disabled: any; className?: string | undefined; }': iconRight, disabled
app-wrapper.tsx(15421,12): error TS2739: Type '{ children: string[]; variant: string; type: string; iconLeft: Element; }' is missing the following properties from type '{ [x: string]: any; children: any; onClick: any; type?: string | undefined; variant?: string | undefined; size?: string | undefined; iconLeft: any; iconRight: any; disabled: any; className?: string | undefined; }': onClick, iconRight, disabled
app-wrapper.tsx(15432,58): error TS2339: Property 'isOwner' does not exist on type '{ currentUser: null; userData: null; loadingAuth: boolean; hasRole: () => boolean; isAdmin: () => boolean; hasPermission: () => boolean; hasSpecialPermission: () => boolean; isMasterAdmin: () => boolean; canAccess: () => boolean; login: () => Promise<{ success: boolean; }>; logout: () => void; registerUser: () => vo...'.
app-wrapper.tsx(15453,73): error TS7006: Parameter 'snapshot' implicitly has an 'any' type.
app-wrapper.tsx(15454,46): error TS7006: Parameter 'doc' implicitly has an 'any' type.
app-wrapper.tsx(15603,52): error TS18046: 'error' is of type 'unknown'.
app-wrapper.tsx(15614,72): error TS7006: Parameter 'snapshot' implicitly has an 'any' type.
app-wrapper.tsx(15615,45): error TS7006: Parameter 'doc' implicitly has an 'any' type.
app-wrapper.tsx(15616,47): error TS7006: Parameter 'f' implicitly has an 'any' type.
app-wrapper.tsx(15616,78): error TS7006: Parameter 'a' implicitly has an 'any' type.
app-wrapper.tsx(15616,81): error TS7006: Parameter 'b' implicitly has an 'any' type.
app-wrapper.tsx(15620,55): error TS7006: Parameter 'f' implicitly has an 'any' type.
app-wrapper.tsx(15623,51): error TS7006: Parameter 'f' implicitly has an 'any' type.
app-wrapper.tsx(15627,56): error TS7006: Parameter 'f' implicitly has an 'any' type.
app-wrapper.tsx(15642,28): error TS7006: Parameter 'pedido' implicitly has an 'any' type.
app-wrapper.tsx(15692,24): error TS2339: Property 'dise├▒o' does not exist on type '{ dise├▒o: number; cobranza: number; preparacion: number; estampado: number; empaquetado: number; reparto: number; finalizados: number; } | { corte: number; confeccion: number; limpieza: number; registro: number; }'.
  Property 'dise├▒o' does not exist on type '{ corte: number; confeccion: number; limpieza: number; registro: number; }'.
app-wrapper.tsx(15693,26): error TS2339: Property 'cobranza' does not exist on type '{ dise├▒o: number; cobranza: number; preparacion: number; estampado: number; empaquetado: number; reparto: number; finalizados: number; } | { corte: number; confeccion: number; limpieza: number; registro: number; }'.
  Property 'cobranza' does not exist on type '{ corte: number; confeccion: number; limpieza: number; registro: number; }'.
app-wrapper.tsx(15694,29): error TS2339: Property 'preparacion' does not exist on type '{ dise├▒o: number; cobranza: number; preparacion: number; estampado: number; empaquetado: number; reparto: number; finalizados: number; } | { corte: number; confeccion: number; limpieza: number; registro: number; }'.
  Property 'preparacion' does not exist on type '{ corte: number; confeccion: number; limpieza: number; registro: number; }'.
app-wrapper.tsx(15695,27): error TS2339: Property 'estampado' does not exist on type '{ dise├▒o: number; cobranza: number; preparacion: number; estampado: number; empaquetado: number; reparto: number; finalizados: number; } | { corte: number; confeccion: number; limpieza: number; registro: number; }'.
  Property 'estampado' does not exist on type '{ corte: number; confeccion: number; limpieza: number; registro: number; }'.
app-wrapper.tsx(15696,29): error TS2339: Property 'empaquetado' does not exist on type '{ dise├▒o: number; cobranza: number; preparacion: number; estampado: number; empaquetado: number; reparto: number; finalizados: number; } | { corte: number; confeccion: number; limpieza: number; registro: number; }'.
  Property 'empaquetado' does not exist on type '{ corte: number; confeccion: number; limpieza: number; registro: number; }'.
app-wrapper.tsx(15697,25): error TS2339: Property 'reparto' does not exist on type '{ dise├▒o: number; cobranza: number; preparacion: number; estampado: number; empaquetado: number; reparto: number; finalizados: number; } | { corte: number; confeccion: number; limpieza: number; registro: number; }'.
  Property 'reparto' does not exist on type '{ corte: number; confeccion: number; limpieza: number; registro: number; }'.
app-wrapper.tsx(15698,29): error TS2339: Property 'finalizados' does not exist on type '{ dise├▒o: number; cobranza: number; preparacion: number; estampado: number; empaquetado: number; reparto: number; finalizados: number; } | { corte: number; confeccion: number; limpieza: number; registro: number; }'.
  Property 'finalizados' does not exist on type '{ corte: number; confeccion: number; limpieza: number; registro: number; }'.
app-wrapper.tsx(15699,23): error TS2339: Property 'corte' does not exist on type '{ dise├▒o: number; cobranza: number; preparacion: number; estampado: number; empaquetado: number; reparto: number; finalizados: number; } | { corte: number; confeccion: number; limpieza: number; registro: number; }'.
  Property 'corte' does not exist on type '{ dise├▒o: number; cobranza: number; preparacion: number; estampado: number; empaquetado: number; reparto: number; finalizados: number; }'.
app-wrapper.tsx(15700,28): error TS2339: Property 'confeccion' does not exist on type '{ dise├▒o: number; cobranza: number; preparacion: number; estampado: number; empaquetado: number; reparto: number; finalizados: number; } | { corte: number; confeccion: number; limpieza: number; registro: number; }'.
  Property 'confeccion' does not exist on type '{ dise├▒o: number; cobranza: number; preparacion: number; estampado: number; empaquetado: number; reparto: number; finalizados: number; }'.
app-wrapper.tsx(15701,26): error TS2339: Property 'limpieza' does not exist on type '{ dise├▒o: number; cobranza: number; preparacion: number; estampado: number; empaquetado: number; reparto: number; finalizados: number; } | { corte: number; confeccion: number; limpieza: number; registro: number; }'.
  Property 'limpieza' does not exist on type '{ dise├▒o: number; cobranza: number; preparacion: number; estampado: number; empaquetado: number; reparto: number; finalizados: number; }'.
app-wrapper.tsx(15702,26): error TS2339: Property 'registro' does not exist on type '{ dise├▒o: number; cobranza: number; preparacion: number; estampado: number; empaquetado: number; reparto: number; finalizados: number; } | { corte: number; confeccion: number; limpieza: number; registro: number; }'.
  Property 'registro' does not exist on type '{ dise├▒o: number; cobranza: number; preparacion: number; estampado: number; empaquetado: number; reparto: number; finalizados: number; }'.
app-wrapper.tsx(15730,20): error TS2339: Property 'style' does not exist on type 'Element'.
app-wrapper.tsx(15731,20): error TS2339: Property 'style' does not exist on type 'Element'.
app-wrapper.tsx(15732,20): error TS2339: Property 'style' does not exist on type 'Element'.
app-wrapper.tsx(15733,20): error TS2339: Property 'style' does not exist on type 'Element'.
app-wrapper.tsx(15963,78): error TS2339: Property 'name' does not exist on type 'never'.
app-wrapper.tsx(15964,80): error TS2339: Property 'email' does not exist on type 'never'.
app-wrapper.tsx(15974,83): error TS2339: Property 'name' does not exist on type 'never'.
app-wrapper.tsx(15975,71): error TS2339: Property 'email' does not exist on type 'never'.
app-wrapper.tsx(16042,50): error TS2345: Argument of type 'null' is not assignable to parameter of type 'SetStateAction<string>'.
app-wrapper.tsx(16051,51): error TS7006: Parameter 'iconName' implicitly has an 'any' type.
app-wrapper.tsx(16062,49): error TS7053: Element implicitly has an 'any' type because expression of type 'any' can't be used to index type '{ ShoppingCart: ForwardRefExoticComponent<Omit<LucideProps, "ref"> & RefAttributes<SVGSVGElement>>; ... 54 more ...; Move: ForwardRefExoticComponent<...>; }'.
app-wrapper.tsx(16128,52): error TS2339: Property 'message' does not exist on type '{}'.
components/modals/config-columnas-etapa-modal.tsx(87,82): error TS2339: Property 'orden' does not exist on type 'never'.
components/modals/config-columnas-etapa-modal.tsx(87,92): error TS2339: Property 'orden' does not exist on type 'never'.
components/modals/config-columnas-etapa-modal.tsx(90,32): error TS7053: Element implicitly has an 'any' type because expression of type 'any' can't be used to index type '{ dise├▒o: { id: boolean; fecha: boolean; cliente: boolean; productos: boolean; dise├▒ador: boolean; estado: boolean; fechaEntrada: boolean; acciones: boolean; clienteNombre: boolean; clienteApellidos: boolean; ... 13 more ...; notasDise├▒o: boolean; }; ... 5 more ...; finalizados: { ...; }; }'.
components/modals/config-columnas-etapa-modal.tsx(95,52): error TS2339: Property 'campo' does not exist on type 'never'.
components/modals/config-columnas-etapa-modal.tsx(96,42): error TS2339: Property 'campo' does not exist on type 'never'.
components/modals/config-columnas-etapa-modal.tsx(97,27): error TS2339: Property 'visible' does not exist on type 'never'.
components/modals/config-columnas-etapa-modal.tsx(100,90): error TS2339: Property 'campo' does not exist on type 'never'.
components/modals/config-columnas-etapa-modal.tsx(101,84): error TS2339: Property 'orden' does not exist on type 'never'.
components/modals/config-columnas-etapa-modal.tsx(104,17): error TS2698: Spread types may only be created from object types.
components/modals/config-columnas-etapa-modal.tsx(191,13): error TS2740: Type '{}' is missing the following properties from type '{ dise├▒o: { id: boolean; fecha: boolean; cliente: boolean; productos: boolean; dise├▒ador: boolean; estado: boolean; fechaEntrada: boolean; acciones: boolean; clienteNombre: boolean; clienteApellidos: boolean; ... 13 more ...; notasDise├▒o: boolean; }; ... 5 more ...; finalizados: { ...; }; }': dise├▒o, cobranza, preparacion, estampado, and 3 more.
components/modals/config-columnas-etapa-modal.tsx(193,9): error TS7053: Element implicitly has an 'any' type because expression of type 'any' can't be used to index type '{ dise├▒o: { id: boolean; fecha: boolean; cliente: boolean; productos: boolean; dise├▒ador: boolean; estado: boolean; fechaEntrada: boolean; acciones: boolean; clienteNombre: boolean; clienteApellidos: boolean; ... 13 more ...; notasDise├▒o: boolean; }; ... 5 more ...; finalizados: { ...; }; }'.
components/modals/config-columnas-etapa-modal.tsx(202,86): error TS2339: Property 'orden' does not exist on type 'never'.
components/modals/config-columnas-etapa-modal.tsx(202,96): error TS2339: Property 'orden' does not exist on type 'never'.
components/modals/config-columnas-etapa-modal.tsx(204,17): error TS2698: Spread types may only be created from object types.
components/modals/config-columnas-etapa-modal.tsx(205,34): error TS2339: Property 'visible' does not exist on type 'never'.
components/modals/config-columnas-etapa-modal.tsx(206,45): error TS2339: Property 'orden' does not exist on type 'never'.
components/modals/etapa-form-modal.tsx(45,70): error TS2339: Property 'flujoId' does not exist on type 'never'.
components/modals/etapa-form-modal.tsx(71,24): error TS2339: Property 'nombre' does not exist on type 'never'.
components/modals/etapa-form-modal.tsx(72,26): error TS2339: Property 'flujoId' does not exist on type 'never'.
components/modals/etapa-form-modal.tsx(73,26): error TS2339: Property 'id' does not exist on type 'never'.
components/modals/etapa-form-modal.tsx(82,70): error TS2339: Property 'flujoId' does not exist on type 'never'.
components/modals/etapa-form-modal.tsx(82,95): error TS2339: Property 'id' does not exist on type 'never'.
components/modals/etapa-form-modal.tsx(83,59): error TS2339: Property 'tipoObligatoria' does not exist on type 'never'.
components/modals/etapa-form-modal.tsx(116,87): error TS2339: Property 'flujoId' does not exist on type 'never'.
components/modals/flow-components.tsx(278,32): error TS2339: Property 'flujoId' does not exist on type 'never'.
components/modals/flow-components.tsx(278,57): error TS2339: Property 'id' does not exist on type 'never'.
components/modals/flow-components.tsx(279,36): error TS2339: Property 'orden' does not exist on type 'never'.
components/modals/flow-components.tsx(279,53): error TS2339: Property 'orden' does not exist on type 'never'.
components/modals/flow-components.tsx(511,83): error TS2339: Property 'id' does not exist on type 'never'.
components/modals/flow-components.tsx(511,128): error TS2339: Property 'nombre' does not exist on type 'never'.
components/modals/importar-base-datos-modal.tsx(27,42): error TS7031: Binding element 'isOpen' implicitly has an 'any' type.
components/modals/importar-base-datos-modal.tsx(27,50): error TS7031: Binding element 'onClose' implicitly has an 'any' type.
components/modals/importar-base-datos-modal.tsx(27,59): error TS7031: Binding element 'onImportComplete' implicitly has an 'any' type.
components/modals/importar-base-datos-modal.tsx(61,53): error TS18046: 'error' is of type 'unknown'.
components/modals/importar-base-datos-modal.tsx(107,23): error TS2339: Property 'id' does not exist on type 'never'.
components/modals/importar-base-datos-modal.tsx(107,53): error TS2339: Property 'id' does not exist on type 'never'.
components/modals/importar-base-datos-modal.tsx(108,23): error TS2339: Property 'numeroPedido' does not exist on type 'never'.
components/modals/importar-base-datos-modal.tsx(108,63): error TS2339: Property 'numeroPedido' does not exist on type 'never'.
components/modals/importar-base-datos-modal.tsx(127,21): error TS2554: Expected 4 arguments, but got 5.
components/modals/importar-base-datos-modal.tsx(129,32): error TS2698: Spread types may only be created from object types.
components/modals/importar-base-datos-modal.tsx(271,90): error TS7006: Parameter 'campo' implicitly has an 'any' type.
components/tabs/cobranza-tab.tsx(13,5): error TS2305: Module '"../../lib/business-logic"' has no exported member 'updateOrderField'.
components/tabs/cobranza-tab.tsx(41,38): error TS2339: Property 'orden' does not exist on type '{ id: boolean; cliente: boolean; total: boolean; adelanto: boolean; pago1: boolean; pago2: boolean; saldo: boolean; estado: boolean; acciones: boolean; clienteNombre: boolean; clienteContacto: boolean; ... 9 more ...; anadidosDL: boolean; }'.
components/tabs/cobranza-tab.tsx(44,82): error TS2339: Property 'orden' does not exist on type 'never'.
components/tabs/cobranza-tab.tsx(44,92): error TS2339: Property 'orden' does not exist on type 'never'.
components/tabs/cobranza-tab.tsx(50,21): error TS7053: Element implicitly has an 'any' type because expression of type 'any' can't be used to index type '{ id: boolean; cliente: boolean; total: boolean; adelanto: boolean; pago1: boolean; pago2: boolean; saldo: boolean; estado: boolean; acciones: boolean; clienteNombre: boolean; clienteContacto: boolean; ... 9 more ...; anadidosDL: boolean; }'.
components/tabs/cobranza-tab.tsx(50,32): error TS2339: Property 'campo' does not exist on type 'never'.
components/tabs/cobranza-tab.tsx(51,28): error TS7053: Element implicitly has an 'any' type because expression of type 'any' can't be used to index type '{ id: boolean; cliente: boolean; total: boolean; adelanto: boolean; pago1: boolean; pago2: boolean; saldo: boolean; estado: boolean; acciones: boolean; clienteNombre: boolean; clienteContacto: boolean; ... 9 more ...; anadidosDL: boolean; }'.
components/tabs/cobranza-tab.tsx(51,39): error TS2339: Property 'campo' does not exist on type 'never'.
components/tabs/cobranza-tab.tsx(54,65): error TS2339: Property 'orden' does not exist on type '{ id: boolean; cliente: boolean; total: boolean; adelanto: boolean; pago1: boolean; pago2: boolean; saldo: boolean; estado: boolean; acciones: boolean; clienteNombre: boolean; clienteContacto: boolean; ... 9 more ...; anadidosDL: boolean; }'.
components/tabs/cobranza-tab.tsx(56,32): error TS2339: Property 'visible' does not exist on type 'never'.
components/tabs/cobranza-tab.tsx(57,29): error TS2339: Property 'categoria' does not exist on type 'never'.
components/tabs/cobranza-tab.tsx(58,29): error TS2339: Property 'categoria' does not exist on type 'never'.
components/tabs/cobranza-tab.tsx(61,28): error TS2339: Property 'visible' does not exist on type 'never'.
components/tabs/cobranza-tab.tsx(65,76): error TS2339: Property 'campo' does not exist on type 'never'.
components/tabs/cobranza-tab.tsx(66,76): error TS2339: Property 'campo' does not exist on type 'never'.
components/tabs/cobranza-tab.tsx(71,26): error TS2339: Property 'orden' does not exist on type 'never'.
components/tabs/cobranza-tab.tsx(71,36): error TS2339: Property 'orden' does not exist on type 'never'.
components/tabs/cobranza-tab.tsx(77,21): error TS2339: Property 'categoria' does not exist on type 'never'.
components/tabs/cobranza-tab.tsx(78,21): error TS2339: Property 'categoria' does not exist on type 'never'.
components/tabs/cobranza-tab.tsx(79,21): error TS2339: Property 'visible' does not exist on type 'never'.
components/tabs/cobranza-tab.tsx(94,24): error TS2339: Property 'flujoId' does not exist on type 'never'.
components/tabs/cobranza-tab.tsx(94,57): error TS2339: Property 'moduloPermisos' does not exist on type 'never'.
components/tabs/cobranza-tab.tsx(97,48): error TS2339: Property 'condicionesEntrada' does not exist on type 'never'.
components/tabs/cobranza-tab.tsx(97,84): error TS2339: Property 'condicionesEntrada' does not exist on type 'never'.
components/tabs/cobranza-tab.tsx(99,79): error TS2339: Property 'id' does not exist on type 'never'.
components/tabs/cobranza-tab.tsx(102,78): error TS2339: Property 'id' does not exist on type 'never'.
components/tabs/cobranza-tab.tsx(105,66): error TS2339: Property 'nombre' does not exist on type 'never'.
components/tabs/cobranza-tab.tsx(106,60): error TS2339: Property 'moduloPermisos' does not exist on type 'never'.
components/tabs/cobranza-tab.tsx(108,46): error TS2339: Property 'moduloPermisos' does not exist on type 'never'.
components/tabs/cobranza-tab.tsx(110,70): error TS2339: Property 'condicionesEntrada' does not exist on type 'never'.
components/tabs/cobranza-tab.tsx(155,67): error TS2339: Property 'estadoGeneral' does not exist on type 'never'.
components/tabs/cobranza-tab.tsx(216,36): error TS2339: Property 'cobranza' does not exist on type 'never'.
components/tabs/cobranza-tab.tsx(230,46): error TS2339: Property 'montoTotal' does not exist on type 'never'.
components/tabs/cobranza-tab.tsx(230,61): error TS2339: Property 'montoAdelanto' does not exist on type 'never'.
components/tabs/cobranza-tab.tsx(230,80): error TS2339: Property 'cobranza' does not exist on type 'never'.
components/tabs/cobranza-tab.tsx(230,107): error TS2339: Property 'cobranza' does not exist on type 'never'.
components/tabs/cobranza-tab.tsx(253,20): error TS2339: Property 'flujoId' does not exist on type 'never'.
components/tabs/cobranza-tab.tsx(253,53): error TS2339: Property 'moduloPermisos' does not exist on type 'never'.
components/tabs/cobranza-tab.tsx(267,44): error TS2339: Property 'condicionesSalida' does not exist on type 'never'.
components/tabs/cobranza-tab.tsx(267,79): error TS2339: Property 'condicionesSalida' does not exist on type 'never'.
components/tabs/cobranza-tab.tsx(269,55): error TS2339: Property 'condicionesSalida' does not exist on type 'never'.
components/tabs/cobranza-tab.tsx(291,44): error TS2339: Property 'condicionesSalida' does not exist on type 'never'.
components/tabs/cobranza-tab.tsx(291,79): error TS2339: Property 'condicionesSalida' does not exist on type 'never'.
components/tabs/cobranza-tab.tsx(292,50): error TS2339: Property 'condicionesSalida' does not exist on type 'never'.
components/tabs/cobranza-tab.tsx(481,54): error TS2339: Property 'id' does not exist on type 'never'.
components/tabs/cobranza-tab.tsx(484,50): error TS2339: Property 'nombre' does not exist on type 'never'.
components/tabs/cobranza-tab.tsx(510,80): error TS2339: Property 'editable' does not exist on type 'never'.
components/tabs/cobranza-tab.tsx(511,78): error TS2339: Property 'campo' does not exist on type 'never'.
components/tabs/cobranza-tab.tsx(512,76): error TS2339: Property 'campo' does not exist on type 'never'.
components/tabs/cobranza-tab.tsx(516,74): error TS2339: Property 'id' does not exist on type 'never'.
components/tabs/cobranza-tab.tsx(522,110): error TS2339: Property 'campo' does not exist on type 'never'.
components/tabs/cobranza-tab.tsx(525,99): error TS2339: Property 'campo' does not exist on type 'never'.
components/tabs/cobranza-tab.tsx(562,86): error TS2339: Property 'opciones' does not exist on type 'never'.
components/tabs/cobranza-tab.tsx(566,110): error TS2339: Property 'campo' does not exist on type 'never'.
components/tabs/cobranza-tab.tsx(568,115): error TS2339: Property 'campo' does not exist on type 'never'.
components/tabs/cobranza-tab.tsx(570,83): error TS2339: Property 'tipo' does not exist on type 'never'.
components/tabs/cobranza-tab.tsx(570,122): error TS2339: Property 'tipo' does not exist on type 'never'.
components/tabs/cobranza-tab.tsx(571,86): error TS2339: Property 'opciones' does not exist on type 'never'.
components/tabs/diseno-tab.tsx(14,5): error TS2305: Module '"../../lib/business-logic"' has no exported member 'updateOrderField'.
components/tabs/diseno-tab.tsx(46,38): error TS2339: Property 'orden' does not exist on type '{ id: boolean; fecha: boolean; cliente: boolean; productos: boolean; dise├▒ador: boolean; estado: boolean; fechaEntrada: boolean; acciones: boolean; clienteNombre: boolean; clienteApellidos: boolean; ... 13 more ...; notasDise├▒o: boolean; }'.
components/tabs/diseno-tab.tsx(49,82): error TS2339: Property 'orden' does not exist on type 'never'.
components/tabs/diseno-tab.tsx(49,92): error TS2339: Property 'orden' does not exist on type 'never'.
components/tabs/diseno-tab.tsx(55,21): error TS7053: Element implicitly has an 'any' type because expression of type 'any' can't be used to index type '{ id: boolean; fecha: boolean; cliente: boolean; productos: boolean; dise├▒ador: boolean; estado: boolean; fechaEntrada: boolean; acciones: boolean; clienteNombre: boolean; clienteApellidos: boolean; ... 13 more ...; notasDise├▒o: boolean; }'.
components/tabs/diseno-tab.tsx(55,32): error TS2339: Property 'campo' does not exist on type 'never'.
components/tabs/diseno-tab.tsx(56,28): error TS7053: Element implicitly has an 'any' type because expression of type 'any' can't be used to index type '{ id: boolean; fecha: boolean; cliente: boolean; productos: boolean; dise├▒ador: boolean; estado: boolean; fechaEntrada: boolean; acciones: boolean; clienteNombre: boolean; clienteApellidos: boolean; ... 13 more ...; notasDise├▒o: boolean; }'.
components/tabs/diseno-tab.tsx(56,39): error TS2339: Property 'campo' does not exist on type 'never'.
components/tabs/diseno-tab.tsx(59,65): error TS2339: Property 'orden' does not exist on type '{ id: boolean; fecha: boolean; cliente: boolean; productos: boolean; dise├▒ador: boolean; estado: boolean; fechaEntrada: boolean; acciones: boolean; clienteNombre: boolean; clienteApellidos: boolean; ... 13 more ...; notasDise├▒o: boolean; }'.
components/tabs/diseno-tab.tsx(61,32): error TS2339: Property 'visible' does not exist on type 'never'.
components/tabs/diseno-tab.tsx(62,29): error TS2339: Property 'categoria' does not exist on type 'never'.
components/tabs/diseno-tab.tsx(63,29): error TS2339: Property 'categoria' does not exist on type 'never'.
components/tabs/diseno-tab.tsx(66,28): error TS2339: Property 'visible' does not exist on type 'never'.
components/tabs/diseno-tab.tsx(70,76): error TS2339: Property 'campo' does not exist on type 'never'.
components/tabs/diseno-tab.tsx(71,76): error TS2339: Property 'campo' does not exist on type 'never'.
components/tabs/diseno-tab.tsx(76,26): error TS2339: Property 'orden' does not exist on type 'never'.
components/tabs/diseno-tab.tsx(76,36): error TS2339: Property 'orden' does not exist on type 'never'.
components/tabs/diseno-tab.tsx(82,21): error TS2339: Property 'categoria' does not exist on type 'never'.
components/tabs/diseno-tab.tsx(83,21): error TS2339: Property 'categoria' does not exist on type 'never'.
components/tabs/diseno-tab.tsx(84,21): error TS2339: Property 'visible' does not exist on type 'never'.
components/tabs/diseno-tab.tsx(138,36): error TS2339: Property 'dise├▒o' does not exist on type 'never'.
components/tabs/diseno-tab.tsx(161,38): error TS2339: Property 'dise├▒o' does not exist on type 'never'.
components/tabs/diseno-tab.tsx(166,41): error TS2339: Property 'dise├▒o' does not exist on type 'never'.
components/tabs/diseno-tab.tsx(174,40): error TS2339: Property 'dise├▒o' does not exist on type 'never'.
components/tabs/diseno-tab.tsx(241,20): error TS2339: Property 'flujoId' does not exist on type 'never'.
components/tabs/diseno-tab.tsx(241,53): error TS2339: Property 'moduloPermisos' does not exist on type 'never'.
components/tabs/diseno-tab.tsx(251,40): error TS2339: Property 'condicionesSalida' does not exist on type 'never'.
components/tabs/diseno-tab.tsx(251,73): error TS2339: Property 'condicionesSalida' does not exist on type 'never'.
components/tabs/diseno-tab.tsx(264,62): error TS2339: Property 'condicionesSalida' does not exist on type 'never'.
components/tabs/diseno-tab.tsx(553,50): error TS2339: Property 'id' does not exist on type 'never'.
components/tabs/diseno-tab.tsx(556,46): error TS2339: Property 'nombre' does not exist on type 'never'.
components/tabs/diseno-tab.tsx(580,72): error TS2339: Property 'editable' does not exist on type 'never'.
components/tabs/diseno-tab.tsx(583,73): error TS2339: Property 'campo' does not exist on type 'never'.
components/tabs/diseno-tab.tsx(584,73): error TS2339: Property 'campo' does not exist on type 'never'.
components/tabs/diseno-tab.tsx(585,69): error TS2339: Property 'campo' does not exist on type 'never'.
components/tabs/diseno-tab.tsx(586,70): error TS2339: Property 'campo' does not exist on type 'never'.
components/tabs/diseno-tab.tsx(590,66): error TS2339: Property 'id' does not exist on type 'never'.
components/tabs/diseno-tab.tsx(636,78): error TS2339: Property 'opciones' does not exist on type 'never'.
components/tabs/diseno-tab.tsx(638,79): error TS2339: Property 'tipo' does not exist on type 'never'.
components/tabs/diseno-tab.tsx(642,107): error TS2339: Property 'campo' does not exist on type 'never'.
components/tabs/diseno-tab.tsx(645,78): error TS2339: Property 'opciones' does not exist on type 'never'.
components/tabs/diseno-tab.tsx(651,107): error TS2339: Property 'campo' does not exist on type 'never'.
components/tabs/diseno-tab.tsx(653,75): error TS2339: Property 'tipo' does not exist on type 'never'.
components/tabs/gestion-columnas-tab.tsx(25,24): error TS7031: Binding element 'columna' implicitly has an 'any' type.
components/tabs/gestion-columnas-tab.tsx(25,33): error TS7031: Binding element 'onEditar' implicitly has an 'any' type.
components/tabs/gestion-columnas-tab.tsx(25,43): error TS7031: Binding element 'onEliminar' implicitly has an 'any' type.
components/tabs/gestion-columnas-tab.tsx(92,29): error TS7031: Binding element 'isOpen' implicitly has an 'any' type.
components/tabs/gestion-columnas-tab.tsx(92,37): error TS7031: Binding element 'onClose' implicitly has an 'any' type.
components/tabs/gestion-columnas-tab.tsx(92,46): error TS7031: Binding element 'columna' implicitly has an 'any' type.
components/tabs/gestion-columnas-tab.tsx(92,55): error TS7031: Binding element 'onSave' implicitly has an 'any' type.
components/tabs/gestion-columnas-tab.tsx(127,84): error TS2339: Property 'orden' does not exist on type 'never'.
components/tabs/gestion-columnas-tab.tsx(187,27): error TS7006: Parameter 'e' implicitly has an 'any' type.
components/tabs/gestion-columnas-tab.tsx(195,24): error TS7006: Parameter 'prev' implicitly has an 'any' type.
components/tabs/gestion-columnas-tab.tsx(203,35): error TS7006: Parameter 'e' implicitly has an 'any' type.
components/tabs/gestion-columnas-tab.tsx(209,19): error TS7006: Parameter 'o' implicitly has an 'any' type.
components/tabs/gestion-columnas-tab.tsx(210,22): error TS7006: Parameter 'o' implicitly has an 'any' type.
components/tabs/gestion-columnas-tab.tsx(214,27): error TS7006: Parameter 'e' implicitly has an 'any' type.
components/tabs/gestion-columnas-tab.tsx(227,26): error TS2339: Property 'campo' does not exist on type 'never'.
components/tabs/gestion-columnas-tab.tsx(227,69): error TS2339: Property 'id' does not exist on type 'never'.
components/tabs/gestion-columnas-tab.tsx(369,70): error TS7006: Parameter 'fmt' implicitly has an 'any' type.
components/tabs/gestion-columnas-tab.tsx(457,38): error TS7031: Binding element 'onColumnasChange' implicitly has an 'any' type.
components/tabs/gestion-columnas-tab.tsx(474,77): error TS2339: Property 'orden' does not exist on type 'never'.
components/tabs/gestion-columnas-tab.tsx(474,94): error TS2339: Property 'orden' does not exist on type 'never'.
components/tabs/gestion-columnas-tab.tsx(478,28): error TS7006: Parameter 'event' implicitly has an 'any' type.
components/tabs/gestion-columnas-tab.tsx(494,17): error TS2322: Type 'any[]' is not assignable to type 'never[]'.
  Type 'any' is not assignable to type 'never'.
components/tabs/gestion-columnas-tab.tsx(502,41): error TS7006: Parameter 'datos' implicitly has an 'any' type.
components/tabs/gestion-columnas-tab.tsx(506,79): error TS2339: Property 'id' does not exist on type 'never'.
components/tabs/gestion-columnas-tab.tsx(509,25): error TS2698: Spread types may only be created from object types.
components/tabs/gestion-columnas-tab.tsx(513,21): error TS2322: Type 'any' is not assignable to type 'never'.
components/tabs/gestion-columnas-tab.tsx(525,51): error TS2345: Argument of type 'any' is not assignable to parameter of type 'never'.
components/tabs/gestion-columnas-tab.tsx(530,90): error TS2339: Property 'orden' does not exist on type 'never'.
components/tabs/gestion-columnas-tab.tsx(530,107): error TS2339: Property 'orden' does not exist on type 'never'.
components/tabs/gestion-columnas-tab.tsx(537,53): error TS18046: 'error' is of type 'unknown'.
components/tabs/gestion-columnas-tab.tsx(541,42): error TS7006: Parameter 'id' implicitly has an 'any' type.
components/tabs/gestion-columnas-tab.tsx(545,75): error TS2339: Property 'id' does not exist on type 'never'.
components/tabs/gestion-columnas-tab.tsx(547,57): error TS2339: Property 'esSistema' does not exist on type 'never'.
components/tabs/gestion-columnas-tab.tsx(552,64): error TS2339: Property 'delete' does not exist on type '{ update: (data: any) => Promise<void>; }'.
components/tabs/gestion-columnas-tab.tsx(555,94): error TS2339: Property 'orden' does not exist on type 'never'.
components/tabs/gestion-columnas-tab.tsx(555,111): error TS2339: Property 'orden' does not exist on type 'never'.
components/tabs/gestion-columnas-tab.tsx(560,54): error TS18046: 'error' is of type 'unknown'.
components/tabs/gestion-columnas-tab.tsx(675,56): error TS7006: Parameter 'col' implicitly has an 'any' type.
components/tabs/pedidos-tab.tsx(59,31): error TS7006: Parameter 'reporte' implicitly has an 'any' type.
components/tabs/pedidos-tab.tsx(67,32): error TS7006: Parameter 'fila' implicitly has an 'any' type.
components/tabs/pedidos-tab.tsx(92,26): error TS7006: Parameter 'reporte' implicitly has an 'any' type.
components/tabs/pedidos-tab.tsx(92,35): error TS7006: Parameter 'tipoReporte' implicitly has an 'any' type.
components/tabs/pedidos-tab.tsx(126,37): error TS7006: Parameter 'col' implicitly has an 'any' type.
components/tabs/pedidos-tab.tsx(130,32): error TS7006: Parameter 'fila' implicitly has an 'any' type.
components/tabs/pedidos-tab.tsx(200,86): error TS2339: Property 'orden' does not exist on type 'never'.
components/tabs/pedidos-tab.tsx(200,96): error TS2339: Property 'orden' does not exist on type 'never'.
components/tabs/pedidos-tab.tsx(205,77): error TS7006: Parameter 'snapshot' implicitly has an 'any' type.
components/tabs/pedidos-tab.tsx(206,52): error TS7006: Parameter 'doc' implicitly has an 'any' type.
components/tabs/pedidos-tab.tsx(212,33): error TS7006: Parameter 'e' implicitly has an 'any' type.
components/tabs/pedidos-tab.tsx(295,36): error TS2339: Property 'createdAt' does not exist on type 'never'.
components/tabs/pedidos-tab.tsx(318,50): error TS2339: Property 'canalVenta' does not exist on type 'never'.
components/tabs/pedidos-tab.tsx(319,58): error TS2339: Property 'lineaProducto' does not exist on type 'never'.
components/tabs/pedidos-tab.tsx(320,62): error TS2339: Property 'whatsappOrigen' does not exist on type 'never'.
components/tabs/pedidos-tab.tsx(321,56): error TS2339: Property 'vendedor' does not exist on type 'never'.
components/tabs/pedidos-tab.tsx(322,58): error TS2339: Property 'activador' does not exist on type 'never'.
components/tabs/pedidos-tab.tsx(324,21): error TS2339: Property 'productos' does not exist on type 'never'.
components/tabs/pedidos-tab.tsx(324,36): error TS2339: Property 'productos' does not exist on type 'never'.
components/tabs/pedidos-tab.tsx(324,52): error TS7006: Parameter 'prod' implicitly has an 'any' type.
components/tabs/pedidos-tab.tsx(328,28): error TS2339: Property 'createdAt' does not exist on type 'never'.
components/tabs/pedidos-tab.tsx(329,45): error TS2339: Property 'createdAt' does not exist on type 'never'.
components/tabs/pedidos-tab.tsx(347,64): error TS2339: Property 'departamento' does not exist on type 'never'.
components/tabs/pedidos-tab.tsx(348,58): error TS2339: Property 'provincia' does not exist on type 'never'.
components/tabs/pedidos-tab.tsx(349,56): error TS2339: Property 'distrito' does not exist on type 'never'.
components/tabs/pedidos-tab.tsx(353,21): error TS2339: Property 'clienteNombre' does not exist on type 'never'.
components/tabs/pedidos-tab.tsx(354,19): error TS2339: Property 'clienteContacto' does not exist on type 'never'.
components/tabs/pedidos-tab.tsx(355,19): error TS2339: Property 'numeroPedido' does not exist on type 'never'.
components/tabs/pedidos-tab.tsx(356,19): error TS2339: Property 'id' does not exist on type 'never'.
components/tabs/pedidos-tab.tsx(398,85): error TS2339: Property 'montoTotal' does not exist on type 'never'.
components/tabs/pedidos-tab.tsx(404,85): error TS2339: Property 'montoAdelanto' does not exist on type 'never'.
components/tabs/pedidos-tab.tsx(411,54): error TS2339: Property 'montoTotal' does not exist on type 'never'.
components/tabs/pedidos-tab.tsx(412,57): error TS2339: Property 'montoAdelanto' does not exist on type 'never'.
components/tabs/pedidos-tab.tsx(413,55): error TS2339: Property 'cobranza' does not exist on type 'never'.
components/tabs/pedidos-tab.tsx(413,95): error TS2339: Property 'cobranza' does not exist on type 'never'.
components/tabs/pedidos-tab.tsx(414,41): error TS2339: Property 'montoPendiente' does not exist on type 'never'.
components/tabs/pedidos-tab.tsx(414,91): error TS2339: Property 'montoPendiente' does not exist on type 'never'.
components/tabs/pedidos-tab.tsx(424,32): error TS2339: Property 'productos' does not exist on type 'never'.
components/tabs/pedidos-tab.tsx(424,66): error TS2339: Property 'productos' does not exist on type 'never'.
components/tabs/pedidos-tab.tsx(424,87): error TS2339: Property 'productos' does not exist on type 'never'.
components/tabs/pedidos-tab.tsx(425,40): error TS2339: Property 'productos' does not exist on type 'never'.
components/tabs/pedidos-tab.tsx(425,58): error TS7006: Parameter 'subSum' implicitly has an 'any' type.
components/tabs/pedidos-tab.tsx(425,66): error TS7006: Parameter 'productoEnPedido' implicitly has an 'any' type.
components/tabs/pedidos-tab.tsx(426,87): error TS2339: Property 'id' does not exist on type 'never'.
components/tabs/pedidos-tab.tsx(429,50): error TS2339: Property 'tipo' does not exist on type 'never'.
components/tabs/pedidos-tab.tsx(429,87): error TS2339: Property 'componentes' does not exist on type 'never'.
components/tabs/pedidos-tab.tsx(430,79): error TS2339: Property 'componentes' does not exist on type 'never'.
components/tabs/pedidos-tab.tsx(431,42): error TS7006: Parameter 'count' implicitly has an 'any' type.
components/tabs/pedidos-tab.tsx(431,49): error TS7006: Parameter 'componente' implicitly has an 'any' type.
components/tabs/pedidos-tab.tsx(434,57): error TS2339: Property 'tipo' does not exist on type 'never'.
components/tabs/pedidos-tab.tsx(442,57): error TS2339: Property 'cantidad' does not exist on type 'never'.
components/tabs/pedidos-tab.tsx(453,31): error TS2339: Property 'productos' does not exist on type 'never'.
components/tabs/pedidos-tab.tsx(453,60): error TS2339: Property 'productos' does not exist on type 'never'.
components/tabs/pedidos-tab.tsx(453,76): error TS2339: Property 'productos' does not exist on type 'never'.
components/tabs/pedidos-tab.tsx(454,44): error TS2339: Property 'productos' does not exist on type 'never'.
components/tabs/pedidos-tab.tsx(454,62): error TS7006: Parameter 's' implicitly has an 'any' type.
components/tabs/pedidos-tab.tsx(454,65): error TS7006: Parameter 'item' implicitly has an 'any' type.
components/tabs/pedidos-tab.tsx(456,58): error TS2339: Property 'cantidad' does not exist on type 'never'.
components/tabs/pedidos-tab.tsx(471,34): error TS2339: Property 'lineaProducto' does not exist on type 'never'.
components/tabs/pedidos-tab.tsx(472,18): error TS7053: Element implicitly has an 'any' type because expression of type 'any' can't be used to index type '{}'.
components/tabs/pedidos-tab.tsx(473,17): error TS7053: Element implicitly has an 'any' type because expression of type 'any' can't be used to index type '{}'.
components/tabs/pedidos-tab.tsx(484,13): error TS7053: Element implicitly has an 'any' type because expression of type 'any' can't be used to index type '{}'.
components/tabs/pedidos-tab.tsx(485,13): error TS7053: Element implicitly has an 'any' type because expression of type 'any' can't be used to index type '{}'.
components/tabs/pedidos-tab.tsx(485,65): error TS2339: Property 'montoTotal' does not exist on type 'never'.
components/tabs/pedidos-tab.tsx(486,13): error TS7053: Element implicitly has an 'any' type because expression of type 'any' can't be used to index type '{}'.
components/tabs/pedidos-tab.tsx(486,66): error TS2339: Property 'montoAdelanto' does not exist on type 'never'.
components/tabs/pedidos-tab.tsx(487,51): error TS2339: Property 'montoTotal' does not exist on type 'never'.
components/tabs/pedidos-tab.tsx(488,54): error TS2339: Property 'montoAdelanto' does not exist on type 'never'.
components/tabs/pedidos-tab.tsx(489,52): error TS2339: Property 'cobranza' does not exist on type 'never'.
components/tabs/pedidos-tab.tsx(489,97): error TS2339: Property 'cobranza' does not exist on type 'never'.
components/tabs/pedidos-tab.tsx(490,38): error TS2339: Property 'montoPendiente' does not exist on type 'never'.
components/tabs/pedidos-tab.tsx(490,93): error TS2339: Property 'montoPendiente' does not exist on type 'never'.
components/tabs/pedidos-tab.tsx(491,13): error TS7053: Element implicitly has an 'any' type because expression of type 'any' can't be used to index type '{}'.
components/tabs/pedidos-tab.tsx(493,20): error TS2339: Property 'productos' does not exist on type 'never'.
components/tabs/pedidos-tab.tsx(493,40): error TS7006: Parameter 'productoEnPedido' implicitly has an 'any' type.
components/tabs/pedidos-tab.tsx(494,75): error TS2339: Property 'id' does not exist on type 'never'.
components/tabs/pedidos-tab.tsx(497,38): error TS2339: Property 'tipo' does not exist on type 'never'.
components/tabs/pedidos-tab.tsx(497,75): error TS2339: Property 'componentes' does not exist on type 'never'.
components/tabs/pedidos-tab.tsx(498,67): error TS2339: Property 'componentes' does not exist on type 'never'.
components/tabs/pedidos-tab.tsx(499,30): error TS7006: Parameter 'count' implicitly has an 'any' type.
components/tabs/pedidos-tab.tsx(499,37): error TS7006: Parameter 'componente' implicitly has an 'any' type.
components/tabs/pedidos-tab.tsx(502,45): error TS2339: Property 'tipo' does not exist on type 'never'.
components/tabs/pedidos-tab.tsx(506,17): error TS7053: Element implicitly has an 'any' type because expression of type 'any' can't be used to index type '{}'.
components/tabs/pedidos-tab.tsx(507,17): error TS7053: Element implicitly has an 'any' type because expression of type 'any' can't be used to index type '{}'.
components/tabs/pedidos-tab.tsx(509,25): error TS2339: Property 'productos' does not exist on type 'never'.
components/tabs/pedidos-tab.tsx(509,45): error TS2339: Property 'productos' does not exist on type 'never'.
components/tabs/pedidos-tab.tsx(510,17): error TS7053: Element implicitly has an 'any' type because expression of type 'any' can't be used to index type '{}'.
components/tabs/pedidos-tab.tsx(510,69): error TS2339: Property 'cantidad' does not exist on type 'never'.
components/tabs/pedidos-tab.tsx(511,17): error TS7053: Element implicitly has an 'any' type because expression of type 'any' can't be used to index type '{}'.
components/tabs/pedidos-tab.tsx(511,71): error TS2339: Property 'cantidad' does not exist on type 'never'.
components/tabs/pedidos-tab.tsx(515,56): error TS18046: 'a' is of type 'unknown'.
components/tabs/pedidos-tab.tsx(515,78): error TS18046: 'b' is of type 'unknown'.
components/tabs/pedidos-tab.tsx(522,37): error TS2339: Property 'vendedor' does not exist on type 'never'.
components/tabs/pedidos-tab.tsx(523,18): error TS7053: Element implicitly has an 'any' type because expression of type 'any' can't be used to index type '{}'.
components/tabs/pedidos-tab.tsx(524,17): error TS7053: Element implicitly has an 'any' type because expression of type 'any' can't be used to index type '{}'.
components/tabs/pedidos-tab.tsx(535,13): error TS7053: Element implicitly has an 'any' type because expression of type 'any' can't be used to index type '{}'.
components/tabs/pedidos-tab.tsx(536,13): error TS7053: Element implicitly has an 'any' type because expression of type 'any' can't be used to index type '{}'.
components/tabs/pedidos-tab.tsx(536,72): error TS2339: Property 'montoTotal' does not exist on type 'never'.
components/tabs/pedidos-tab.tsx(537,13): error TS7053: Element implicitly has an 'any' type because expression of type 'any' can't be used to index type '{}'.
components/tabs/pedidos-tab.tsx(537,73): error TS2339: Property 'montoAdelanto' does not exist on type 'never'.
components/tabs/pedidos-tab.tsx(538,51): error TS2339: Property 'montoTotal' does not exist on type 'never'.
components/tabs/pedidos-tab.tsx(539,54): error TS2339: Property 'montoAdelanto' does not exist on type 'never'.
components/tabs/pedidos-tab.tsx(540,52): error TS2339: Property 'cobranza' does not exist on type 'never'.
components/tabs/pedidos-tab.tsx(540,97): error TS2339: Property 'cobranza' does not exist on type 'never'.
components/tabs/pedidos-tab.tsx(541,38): error TS2339: Property 'montoPendiente' does not exist on type 'never'.
components/tabs/pedidos-tab.tsx(541,93): error TS2339: Property 'montoPendiente' does not exist on type 'never'.
components/tabs/pedidos-tab.tsx(542,13): error TS7053: Element implicitly has an 'any' type because expression of type 'any' can't be used to index type '{}'.
components/tabs/pedidos-tab.tsx(544,20): error TS2339: Property 'productos' does not exist on type 'never'.
components/tabs/pedidos-tab.tsx(544,40): error TS7006: Parameter 'productoEnPedido' implicitly has an 'any' type.
components/tabs/pedidos-tab.tsx(545,75): error TS2339: Property 'id' does not exist on type 'never'.
components/tabs/pedidos-tab.tsx(548,38): error TS2339: Property 'tipo' does not exist on type 'never'.
components/tabs/pedidos-tab.tsx(548,75): error TS2339: Property 'componentes' does not exist on type 'never'.
components/tabs/pedidos-tab.tsx(549,67): error TS2339: Property 'componentes' does not exist on type 'never'.
components/tabs/pedidos-tab.tsx(550,30): error TS7006: Parameter 'count' implicitly has an 'any' type.
components/tabs/pedidos-tab.tsx(550,37): error TS7006: Parameter 'componente' implicitly has an 'any' type.
components/tabs/pedidos-tab.tsx(553,45): error TS2339: Property 'tipo' does not exist on type 'never'.
components/tabs/pedidos-tab.tsx(557,17): error TS7053: Element implicitly has an 'any' type because expression of type 'any' can't be used to index type '{}'.
components/tabs/pedidos-tab.tsx(558,17): error TS7053: Element implicitly has an 'any' type because expression of type 'any' can't be used to index type '{}'.
components/tabs/pedidos-tab.tsx(560,25): error TS2339: Property 'productos' does not exist on type 'never'.
components/tabs/pedidos-tab.tsx(560,45): error TS2339: Property 'productos' does not exist on type 'never'.
components/tabs/pedidos-tab.tsx(561,17): error TS7053: Element implicitly has an 'any' type because expression of type 'any' can't be used to index type '{}'.
components/tabs/pedidos-tab.tsx(561,76): error TS2339: Property 'cantidad' does not exist on type 'never'.
components/tabs/pedidos-tab.tsx(562,17): error TS7053: Element implicitly has an 'any' type because expression of type 'any' can't be used to index type '{}'.
components/tabs/pedidos-tab.tsx(562,78): error TS2339: Property 'cantidad' does not exist on type 'never'.
components/tabs/pedidos-tab.tsx(566,60): error TS18046: 'a' is of type 'unknown'.
components/tabs/pedidos-tab.tsx(566,85): error TS18046: 'b' is of type 'unknown'.
components/tabs/pedidos-tab.tsx(569,39): error TS7006: Parameter 'pedidoId' implicitly has an 'any' type.
components/tabs/pedidos-tab.tsx(580,76): error TS2339: Property 'delete' does not exist on type '{ update: (data: any) => Promise<void>; }'.
components/tabs/pedidos-tab.tsx(584,57): error TS18046: 'error' is of type 'unknown'.
components/tabs/pedidos-tab.tsx(605,51): error TS18046: 'error' is of type 'unknown'.
components/tabs/pedidos-tab.tsx(614,46): error TS2339: Property 'visible' does not exist on type 'never'.
components/tabs/pedidos-tab.tsx(614,73): error TS2339: Property 'orden' does not exist on type 'never'.
components/tabs/pedidos-tab.tsx(614,90): error TS2339: Property 'orden' does not exist on type 'never'.
components/tabs/pedidos-tab.tsx(618,86): error TS2339: Property 'orden' does not exist on type 'never'.
components/tabs/pedidos-tab.tsx(618,96): error TS2339: Property 'orden' does not exist on type 'never'.
components/tabs/pedidos-tab.tsx(703,50): error TS2740: Type '{ type: string; name: string; value: string; onChange: (e: any) => void; className: string; }' is missing the following properties from type '{ [x: string]: any; label: any; id: any; type?: string | undefined; value: any; onChange: any; placeholder: any; required: any; icon: any; error: any; className?: string | undefined; }': label, id, placeholder, required, and 2 more.
components/tabs/pedidos-tab.tsx(711,50): error TS2740: Type '{ type: string; name: string; value: string; onChange: (e: any) => void; className: string; }' is missing the following properties from type '{ [x: string]: any; label: any; id: any; type?: string | undefined; value: any; onChange: any; placeholder: any; required: any; icon: any; error: any; className?: string | undefined; }': label, id, placeholder, required, and 2 more.
components/tabs/pedidos-tab.tsx(724,50): error TS2739: Type '{ type: string; name: string; value: string; onChange: (e: any) => void; placeholder: string; className: string; }' is missing the following properties from type '{ [x: string]: any; label: any; id: any; type?: string | undefined; value: any; onChange: any; placeholder: any; required: any; icon: any; error: any; className?: string | undefined; }': label, id, required, icon, error
components/tabs/pedidos-tab.tsx(728,64): error TS7006: Parameter 'e' implicitly has an 'any' type.
components/tabs/pedidos-tab.tsx(759,54): error TS2740: Type '{ children: (Element | Element[])[]; name: string; value: string; onValueChange: (val: any) => void; }' is missing the following properties from type '{ [x: string]: any; label: any; id: any; value: any; onChange: any; onValueChange: any; children: any; options: any; placeholder: any; required: any; error: any; className?: string | undefined; }': label, id, onChange, options, and 3 more.
components/tabs/pedidos-tab.tsx(762,73): error TS7006: Parameter 'val' implicitly has an 'any' type.
components/tabs/pedidos-tab.tsx(770,54): error TS2740: Type '{ children: (Element | Element[])[]; name: string; value: string; onValueChange: (val: any) => void; }' is missing the following properties from type '{ [x: string]: any; label: any; id: any; value: any; onChange: any; onValueChange: any; children: any; options: any; placeholder: any; required: any; error: any; className?: string | undefined; }': label, id, onChange, options, and 3 more.
components/tabs/pedidos-tab.tsx(773,73): error TS7006: Parameter 'val' implicitly has an 'any' type.
components/tabs/pedidos-tab.tsx(781,54): error TS2740: Type '{ children: (Element | Element[])[]; name: string; value: string; onValueChange: (val: any) => void; }' is missing the following properties from type '{ [x: string]: any; label: any; id: any; value: any; onChange: any; onValueChange: any; children: any; options: any; placeholder: any; required: any; error: any; className?: string | undefined; }': label, id, onChange, options, and 3 more.
components/tabs/pedidos-tab.tsx(784,73): error TS7006: Parameter 'val' implicitly has an 'any' type.
components/tabs/pedidos-tab.tsx(792,54): error TS2740: Type '{ children: (Element | Element[])[]; name: string; value: string; onValueChange: (val: any) => void; }' is missing the following properties from type '{ [x: string]: any; label: any; id: any; value: any; onChange: any; onValueChange: any; children: any; options: any; placeholder: any; required: any; error: any; className?: string | undefined; }': label, id, onChange, options, and 3 more.
components/tabs/pedidos-tab.tsx(795,73): error TS7006: Parameter 'val' implicitly has an 'any' type.
components/tabs/pedidos-tab.tsx(867,135): error TS18046: 'linea' is of type 'unknown'.
components/tabs/pedidos-tab.tsx(868,135): error TS18046: 'linea' is of type 'unknown'.
components/tabs/pedidos-tab.tsx(870,81): error TS18046: 'linea' is of type 'unknown'.
components/tabs/pedidos-tab.tsx(873,81): error TS18046: 'linea' is of type 'unknown'.
components/tabs/pedidos-tab.tsx(876,81): error TS18046: 'linea' is of type 'unknown'.
components/tabs/pedidos-tab.tsx(878,135): error TS18046: 'linea' is of type 'unknown'.
components/tabs/pedidos-tab.tsx(879,135): error TS18046: 'linea' is of type 'unknown'.
components/tabs/pedidos-tab.tsx(905,70): error TS2339: Property 'id' does not exist on type 'never'.
components/tabs/pedidos-tab.tsx(908,66): error TS2339: Property 'nombre' does not exist on type 'never'.
components/tabs/pedidos-tab.tsx(928,102): error TS2339: Property 'id' does not exist on type 'never'.
components/tabs/pedidos-tab.tsx(930,85): error TS2339: Property 'id' does not exist on type 'never'.
components/tabs/pedidos-tab.tsx(933,129): error TS2339: Property 'id' does not exist on type 'never'.
components/tabs/pedidos-tab.tsx(937,123): error TS2339: Property 'tipo' does not exist on type 'never'.
components/tabs/pedidos-tab.tsx(937,137): error TS2339: Property 'formato' does not exist on type 'never'.
components/tabs/pedidos-tab.tsx(938,97): error TS2339: Property 'campo' does not exist on type 'never'.
components/tabs/pedidos-tab.tsx(944,90): error TS2339: Property 'id' does not exist on type 'never'.
components/tabs/pedidos-tab.tsx(948,86): error TS2339: Property 'editable' does not exist on type 'never'.
components/tabs/pedidos-tab.tsx(951,102): error TS7006: Parameter 'nuevoValor' implicitly has an 'any' type.
components/tabs/pedidos-tab.tsx(954,105): error TS2339: Property 'tipo' does not exist on type 'never'.
components/tabs/pedidos-tab.tsx(956,112): error TS2339: Property 'tipo' does not exist on type 'never'.
components/tabs/pedidos-tab.tsx(958,112): error TS2339: Property 'tipo' does not exist on type 'never'.
components/tabs/pedidos-tab.tsx(963,104): error TS2339: Property 'id' does not exist on type 'never'.
components/tabs/pedidos-tab.tsx(971,131): error TS18046: 'error' is of type 'unknown'.
components/tabs/pedidos-tab.tsx(974,99): error TS2339: Property 'tipo' does not exist on type 'never'.
components/tabs/pedidos-tab.tsx(974,137): error TS2339: Property 'tipo' does not exist on type 'never'.
components/tabs/pedidos-tab.tsx(974,178): error TS2339: Property 'tipo' does not exist on type 'never'.
components/tabs/pedidos-tab.tsx(974,217): error TS2339: Property 'tipo' does not exist on type 'never'.
components/tabs/pedidos-tab.tsx(975,102): error TS2339: Property 'tipo' does not exist on type 'never'.
components/tabs/pedidos-tab.tsx(975,129): error TS2339: Property 'opciones' does not exist on type 'never'.
components/tabs/pedidos-tab.tsx(975,148): error TS2339: Property 'tipo' does not exist on type 'never'.
components/tabs/pedidos-tab.tsx(986,141): error TS2339: Property 'id' does not exist on type 'never'.
components/tabs/pedidos-tab.tsx(993,122): error TS2339: Property 'id' does not exist on type 'never'.
components/tabs/pedidos-tab.tsx(1010,99): error TS2339: Property 'id' does not exist on type 'never'.
components/tabs/pedidos-tab.tsx(1011,165): error TS2339: Property 'nombre' does not exist on type 'never'.
components/tabs/pedidos-tab.tsx(1059,14): error TS2741: Property 'onImportComplete' is missing in type '{ isOpen: boolean; onClose: () => void; }' but required in type '{ isOpen: any; onClose: any; onImportComplete: any; }'.
components/tabs/ventas-tab.tsx(68,77): error TS7006: Parameter 'snapshot' implicitly has an 'any' type.
components/tabs/ventas-tab.tsx(69,52): error TS7006: Parameter 'doc' implicitly has an 'any' type.
components/tabs/ventas-tab.tsx(104,76): error TS2339: Property 'delete' does not exist on type '{ update: (data: any) => Promise<void>; }'.
components/tabs/ventas-tab.tsx(330,87): error TS2339: Property 'id' does not exist on type 'never'.
components/tabs/ventas-tab.tsx(333,50): error TS2339: Property 'tipo' does not exist on type 'never'.
components/tabs/ventas-tab.tsx(333,87): error TS2339: Property 'componentes' does not exist on type 'never'.
components/tabs/ventas-tab.tsx(334,79): error TS2339: Property 'componentes' does not exist on type 'never'.
components/tabs/ventas-tab.tsx(338,57): error TS2339: Property 'tipo' does not exist on type 'never'.
components/tabs/ventas-tab.tsx(400,75): error TS2339: Property 'id' does not exist on type 'never'.
components/tabs/ventas-tab.tsx(403,38): error TS2339: Property 'tipo' does not exist on type 'never'.
components/tabs/ventas-tab.tsx(403,75): error TS2339: Property 'componentes' does not exist on type 'never'.
components/tabs/ventas-tab.tsx(404,67): error TS2339: Property 'componentes' does not exist on type 'never'.
components/tabs/ventas-tab.tsx(408,45): error TS2339: Property 'tipo' does not exist on type 'never'.
components/tabs/ventas-tab.tsx(453,75): error TS2339: Property 'id' does not exist on type 'never'.
components/tabs/ventas-tab.tsx(456,38): error TS2339: Property 'tipo' does not exist on type 'never'.
components/tabs/ventas-tab.tsx(456,75): error TS2339: Property 'componentes' does not exist on type 'never'.
components/tabs/ventas-tab.tsx(457,67): error TS2339: Property 'componentes' does not exist on type 'never'.
components/tabs/ventas-tab.tsx(461,45): error TS2339: Property 'tipo' does not exist on type 'never'.
components/tabs/ventas-tab.tsx(741,33): error TS2322: Type '{ label: string; name: string; value: string; onChange: (e: any) => void; options: { value: string; label: string; }[]; placeholder: string; className: string; }' is not assignable to type 'IntrinsicAttributes & SelectProps'.
  Property 'placeholder' does not exist on type 'IntrinsicAttributes & SelectProps'.
components/tabs/ventas-tab.tsx(750,33): error TS2322: Type '{ label: string; name: string; value: string; onChange: (e: any) => void; options: { value: string; label: string; }[]; placeholder: string; className: string; }' is not assignable to type 'IntrinsicAttributes & SelectProps'.
  Property 'placeholder' does not exist on type 'IntrinsicAttributes & SelectProps'.
components/tabs/ventas-tab.tsx(763,33): error TS2322: Type '{ label: string; name: string; value: string; onChange: (e: any) => void; options: any; placeholder: string; disabled: boolean; className: string; }' is not assignable to type 'IntrinsicAttributes & SelectProps'.
  Property 'placeholder' does not exist on type 'IntrinsicAttributes & SelectProps'.
components/tabs/ventas-tab.tsx(773,33): error TS2322: Type '{ label: string; name: string; value: string; onChange: (e: any) => void; options: { value: string; label: string; }[]; placeholder: string; className: string; }' is not assignable to type 'IntrinsicAttributes & SelectProps'.
  Property 'placeholder' does not exist on type 'IntrinsicAttributes & SelectProps'.
components/tabs/ventas-tab.tsx(782,33): error TS2322: Type '{ label: string; name: string; value: string; onChange: (e: any) => void; options: { value: string; label: string; }[]; placeholder: string; className: string; }' is not assignable to type 'IntrinsicAttributes & SelectProps'.
  Property 'placeholder' does not exist on type 'IntrinsicAttributes & SelectProps'.
components/tabs/ventas-tab.tsx(790,79): error TS2339: Property 'activo' does not exist on type 'never'.
components/tabs/ventas-tab.tsx(790,110): error TS2339: Property 'id' does not exist on type 'never'.
components/tabs/ventas-tab.tsx(790,123): error TS2339: Property 'nombre' does not exist on type 'never'.
components/tabs/ventas-tab.tsx(791,33): error TS2322: Type '{ label: string; name: string; value: string; onChange: (e: any) => void; options: { value: any; label: any; }[]; placeholder: string; className: string; }' is not assignable to type 'IntrinsicAttributes & SelectProps'.
  Property 'placeholder' does not exist on type 'IntrinsicAttributes & SelectProps'.
components/tabs/ventas-tab.tsx(800,33): error TS2322: Type '{ label: string; name: string; value: string; onChange: (e: any) => void; options: { value: string; label: string; }[]; placeholder: string; className: string; }' is not assignable to type 'IntrinsicAttributes & SelectProps'.
  Property 'placeholder' does not exist on type 'IntrinsicAttributes & SelectProps'.
components/tabs/ventas-tab.tsx(809,33): error TS2322: Type '{ label: string; name: string; value: string; onChange: (e: any) => void; options: { value: string; label: string; }[]; placeholder: string; className: string; }' is not assignable to type 'IntrinsicAttributes & SelectProps'.
  Property 'placeholder' does not exist on type 'IntrinsicAttributes & SelectProps'.
components/tabs/ventas-tab.tsx(818,33): error TS2322: Type '{ label: string; name: string; value: string; onChange: (e: any) => void; options: { value: string; label: string; }[]; placeholder: string; disabled: boolean; className: string; }' is not assignable to type 'IntrinsicAttributes & SelectProps'.
  Property 'placeholder' does not exist on type 'IntrinsicAttributes & SelectProps'.
components/tabs/ventas-tab.tsx(828,33): error TS2322: Type '{ label: string; name: string; value: string; onChange: (e: any) => void; options: { value: string; label: string; }[]; placeholder: string; disabled: boolean; className: string; }' is not assignable to type 'IntrinsicAttributes & SelectProps'.
  Property 'placeholder' does not exist on type 'IntrinsicAttributes & SelectProps'.
components/ui/accordion.tsx(7,10): error TS2305: Module '"@/lib/utils"' has no exported member 'cn'.
components/ui/alert-dialog.tsx(6,10): error TS2305: Module '"@/lib/utils"' has no exported member 'cn'.
components/ui/alert-dialog.tsx(7,10): error TS2305: Module '"@/components/ui/button"' has no exported member 'buttonVariants'.
components/ui/alert.tsx(4,10): error TS2305: Module '"@/lib/utils"' has no exported member 'cn'.
components/ui/avatar.tsx(6,10): error TS2305: Module '"@/lib/utils"' has no exported member 'cn'.
components/ui/badge.tsx(4,10): error TS2305: Module '"@/lib/utils"' has no exported member 'cn'.
components/ui/breadcrumb.tsx(5,10): error TS2305: Module '"@/lib/utils"' has no exported member 'cn'.
components/ui/calendar.tsx(7,10): error TS2305: Module '"@/lib/utils"' has no exported member 'cn'.
components/ui/calendar.tsx(8,10): error TS2305: Module '"@/components/ui/button"' has no exported member 'buttonVariants'.
components/ui/card.tsx(3,10): error TS2305: Module '"@/lib/utils"' has no exported member 'cn'.
components/ui/carousel.tsx(9,10): error TS2305: Module '"@/lib/utils"' has no exported member 'cn'.
components/ui/carousel.tsx(207,7): error TS2322: Type 'string' is not assignable to type '"md" | "lg" | "sm" | undefined'.
components/ui/carousel.tsx(236,7): error TS2322: Type 'string' is not assignable to type '"md" | "lg" | "sm" | undefined'.
components/ui/chart.tsx(6,10): error TS2305: Module '"@/lib/utils"' has no exported member 'cn'.
components/ui/checkbox.tsx(7,10): error TS2305: Module '"@/lib/utils"' has no exported member 'cn'.
components/ui/command.tsx(8,10): error TS2305: Module '"@/lib/utils"' has no exported member 'cn'.
components/ui/context-menu.tsx(7,10): error TS2305: Module '"@/lib/utils"' has no exported member 'cn'.
components/ui/dialog.tsx(7,10): error TS2305: Module '"@/lib/utils"' has no exported member 'cn'.
components/ui/drawer.tsx(6,10): error TS2305: Module '"@/lib/utils"' has no exported member 'cn'.
components/ui/dropdown-menu.tsx(7,10): error TS2305: Module '"@/lib/utils"' has no exported member 'cn'.
components/ui/form.tsx(15,10): error TS2305: Module '"@/lib/utils"' has no exported member 'cn'.
components/ui/hover-card.tsx(6,10): error TS2305: Module '"@/lib/utils"' has no exported member 'cn'.
components/ui/input-otp.tsx(7,10): error TS2305: Module '"@/lib/utils"' has no exported member 'cn'.
components/ui/input.tsx(58,63): error TS2339: Property 'placeholder' does not exist on type 'SelectProps'.
components/ui/label.tsx(7,10): error TS2305: Module '"@/lib/utils"' has no exported member 'cn'.
components/ui/menubar.tsx(7,10): error TS2305: Module '"@/lib/utils"' has no exported member 'cn'.
components/ui/navigation-menu.tsx(6,10): error TS2305: Module '"@/lib/utils"' has no exported member 'cn'.
components/ui/pagination.tsx(4,10): error TS2305: Module '"@/lib/utils"' has no exported member 'cn'.
components/ui/pagination.tsx(5,23): error TS2305: Module '"@/components/ui/button"' has no exported member 'buttonVariants'.
components/ui/pagination.tsx(45,3): error TS2322: Type '"icon"' is not assignable to type '"md" | "lg" | "sm"'.
components/ui/pagination.tsx(68,5): error TS2322: Type '"default"' is not assignable to type '"md" | "lg" | "sm" | undefined'.
components/ui/pagination.tsx(84,5): error TS2322: Type '"default"' is not assignable to type '"md" | "lg" | "sm" | undefined'.
components/ui/popover.tsx(6,10): error TS2305: Module '"@/lib/utils"' has no exported member 'cn'.
components/ui/progress.tsx(6,10): error TS2305: Module '"@/lib/utils"' has no exported member 'cn'.
components/ui/radio-group.tsx(7,10): error TS2305: Module '"@/lib/utils"' has no exported member 'cn'.
components/ui/resizable.tsx(6,10): error TS2305: Module '"@/lib/utils"' has no exported member 'cn'.
components/ui/scroll-area.tsx(6,10): error TS2305: Module '"@/lib/utils"' has no exported member 'cn'.
components/ui/select.tsx(7,10): error TS2305: Module '"@/lib/utils"' has no exported member 'cn'.
components/ui/separator.tsx(6,10): error TS2305: Module '"@/lib/utils"' has no exported member 'cn'.
components/ui/sheet.tsx(8,10): error TS2305: Module '"@/lib/utils"' has no exported member 'cn'.
components/ui/sidebar.tsx(9,10): error TS2305: Module '"@/lib/utils"' has no exported member 'cn'.
components/ui/sidebar.tsx(273,7): error TS2322: Type '"icon"' is not assignable to type '"md" | "lg" | "sm" | undefined'.
components/ui/sidebar.tsx(341,7): error TS2322: Type '{ label?: string | undefined; icon?: ReactNode; error?: string | undefined; rows?: number | undefined; accept?: string | undefined; alt?: string | undefined; autoComplete?: HTMLInputAutoCompleteAttribute | undefined; ... 307 more ...; className: any; }' is not assignable to type 'IntrinsicAttributes & InputProps'.
  Property 'ref' does not exist on type 'IntrinsicAttributes & InputProps'.
components/ui/skeleton.tsx(1,10): error TS2305: Module '"@/lib/utils"' has no exported member 'cn'.
components/ui/slider.tsx(6,10): error TS2305: Module '"@/lib/utils"' has no exported member 'cn'.
components/ui/standard-forms.tsx(5,5): error TS7031: Binding element 'label' implicitly has an 'any' type.
components/ui/standard-forms.tsx(6,5): error TS7031: Binding element 'id' implicitly has an 'any' type.
components/ui/standard-forms.tsx(8,5): error TS7031: Binding element 'value' implicitly has an 'any' type.
components/ui/standard-forms.tsx(9,5): error TS7031: Binding element 'onChange' implicitly has an 'any' type.
components/ui/standard-forms.tsx(10,5): error TS7031: Binding element 'placeholder' implicitly has an 'any' type.
components/ui/standard-forms.tsx(11,5): error TS7031: Binding element 'required' implicitly has an 'any' type.
components/ui/standard-forms.tsx(12,5): error TS7031: Binding element 'icon' implicitly has an 'any' type.
components/ui/standard-forms.tsx(13,5): error TS7031: Binding element 'error' implicitly has an 'any' type.
components/ui/standard-forms.tsx(59,5): error TS7031: Binding element 'label' implicitly has an 'any' type.
components/ui/standard-forms.tsx(60,5): error TS7031: Binding element 'id' implicitly has an 'any' type.
components/ui/standard-forms.tsx(61,5): error TS7031: Binding element 'value' implicitly has an 'any' type.
components/ui/standard-forms.tsx(62,5): error TS7031: Binding element 'onChange' implicitly has an 'any' type.
components/ui/standard-forms.tsx(63,5): error TS7031: Binding element 'onValueChange' implicitly has an 'any' type.
components/ui/standard-forms.tsx(64,5): error TS7031: Binding element 'children' implicitly has an 'any' type.
components/ui/standard-forms.tsx(65,5): error TS7031: Binding element 'options' implicitly has an 'any' type.
components/ui/standard-forms.tsx(66,5): error TS7031: Binding element 'placeholder' implicitly has an 'any' type.
components/ui/standard-forms.tsx(67,5): error TS7031: Binding element 'required' implicitly has an 'any' type.
components/ui/standard-forms.tsx(68,5): error TS7031: Binding element 'error' implicitly has an 'any' type.
components/ui/standard-forms.tsx(74,33): error TS7006: Parameter 'e' implicitly has an 'any' type.
components/ui/standard-forms.tsx(96,55): error TS7006: Parameter 'opt' implicitly has an 'any' type.
components/ui/summary-card.tsx(3,10): error TS2305: Module '"@/lib/utils"' has no exported member 'cn'.
components/ui/summary-card.tsx(5,31): error TS7031: Binding element 'title' implicitly has an 'any' type.
components/ui/summary-card.tsx(5,38): error TS7031: Binding element 'value' implicitly has an 'any' type.
components/ui/summary-card.tsx(5,45): error TS7031: Binding element 'icon' implicitly has an 'any' type.
components/ui/summary-card.tsx(5,51): error TS7031: Binding element 'className' implicitly has an 'any' type.
components/ui/switch.tsx(6,10): error TS2305: Module '"@/lib/utils"' has no exported member 'cn'.
components/ui/table.tsx(3,10): error TS2305: Module '"@/lib/utils"' has no exported member 'cn'.
components/ui/tabs.tsx(6,10): error TS2305: Module '"@/lib/utils"' has no exported member 'cn'.
components/ui/textarea.tsx(3,10): error TS2305: Module '"@/lib/utils"' has no exported member 'cn'.
components/ui/toast.tsx(8,10): error TS2305: Module '"@/lib/utils"' has no exported member 'cn'.
components/ui/toggle-group.tsx(7,10): error TS2305: Module '"@/lib/utils"' has no exported member 'cn'.
components/ui/toggle.tsx(7,10): error TS2305: Module '"@/lib/utils"' has no exported member 'cn'.
components/ui/tooltip.tsx(6,10): error TS2305: Module '"@/lib/utils"' has no exported member 'cn'.
contexts/auth-context.tsx(73,28): error TS7053: Element implicitly has an 'any' type because expression of type 'any' can't be used to index type '{ ventas: { name: string; actions: string[]; }; dise├▒o: { name: string; actions: string[]; }; cobranza: { name: string; actions: string[]; }; inventarios: { name: string; actions: string[]; }; preparacion: { name: string; actions: string[]; }; estampado: { ...; }; empaquetado: { ...; }; reparto: { ...; }; finalizado...'.
contexts/auth-context.tsx(130,26): error TS7006: Parameter 'email' implicitly has an 'any' type.
contexts/auth-context.tsx(130,33): error TS7006: Parameter 'password' implicitly has an 'any' type.
contexts/auth-context.tsx(154,45): error TS18046: 'error' is of type 'unknown'.
contexts/auth-context.tsx(168,28): error TS7006: Parameter 'module' implicitly has an 'any' type.
contexts/auth-context.tsx(168,36): error TS7006: Parameter 'action' implicitly has an 'any' type.
contexts/auth-context.tsx(179,35): error TS7006: Parameter 'permission' implicitly has an 'any' type.
contexts/auth-context.tsx(191,24): error TS7006: Parameter 'module' implicitly has an 'any' type.
contexts/auth-context.tsx(191,32): error TS7006: Parameter 'action' implicitly has an 'any' type.
contexts/auth-context.tsx(208,22): error TS7006: Parameter 'role' implicitly has an 'any' type.
contexts/auth-context.tsx(222,13): error TS2322: Type '{ currentUser: any; userData: any; loadingAuth: boolean; hasRole: (role: any) => any; isAdmin: () => boolean; hasPermission: (module: any, action: any) => any; hasSpecialPermission: (permission: any) => boolean; ... 6 more ...; refreshPermissions: () => void; }' is not assignable to type 'null'.
lib/business-logic.ts(2,10): error TS2305: Module '"./constants"' has no exported member 'MATRIZ_COMPOSICION'.
lib/business-logic.ts(2,30): error TS2305: Module '"./constants"' has no exported member 'MAPEO_DESGLOSE_PRODUCTOS'.
lib/business-logic.ts(230,51): error TS2339: Property 'id' does not exist on type 'never'.
lib/business-logic.ts(231,26): error TS2339: Property 'condicionesEntrada' does not exist on type 'never'.
lib/business-logic.ts(232,25): error TS2339: Property 'condicionesEntrada' does not exist on type 'never'.
lib/business-logic.ts(257,30): error TS2345: Argument of type '{ id: string; nombre: string; activo: boolean; orden: number; icono: string; color: string; etapas: string[]; fechaCreacion: Date; fechaModificacion: Date; creadoPor: string; }' is not assignable to parameter of type 'never'.
lib/business-logic.ts(261,30): error TS2345: Argument of type '{ id: string; flujoId: string; nombre: string; icono: any; color: string; orden: number; moduloPermisos: string; obligatoria: boolean; tipoObligatoria: string | null; condicionesSalida: never[]; condicionesEntrada: never[]; fechaCreacion: Date; fechaModificacion: Date; }' is not assignable to parameter of type 'never'.
lib/business-logic.ts(310,53): error TS2339: Property 'id' does not exist on type 'never'.
lib/business-logic.ts(312,10): error TS2339: Property 'costoTotal' does not exist on type 'never'.
lib/business-logic.ts(313,10): error TS2339: Property 'fechaModificacion' does not exist on type 'never'.
lib/business-logic.ts(315,14): error TS2339: Property 'tipo' does not exist on type 'never'.
lib/business-logic.ts(315,40): error TS2339: Property 'itemInventarioId' does not exist on type 'never'.
lib/business-logic.ts(316,24): error TS2339: Property 'inventarioId' does not exist on type 'never'.
lib/business-logic.ts(317,81): error TS2339: Property 'itemInventarioId' does not exist on type 'never'.
lib/business-logic.ts(329,48): error TS2339: Property 'id' does not exist on type 'never'.
lib/business-logic.ts(333,35): error TS2698: Spread types may only be created from object types.
lib/business-logic.ts(337,46): error TS2339: Property 'historialModificaciones' does not exist on type 'never'.
lib/business-logic.ts(381,64): error TS2339: Property 'id' does not exist on type 'never'.
lib/business-logic.ts(382,33): error TS2339: Property 'nombre' does not exist on type 'never'.
lib/business-logic.ts(384,40): error TS2339: Property 'precios' does not exist on type 'never'.
lib/business-logic.ts(585,23): error TS2339: Property 'categoria' does not exist on type 'never'.
lib/business-logic.ts(603,66): error TS2339: Property 'campo' does not exist on type 'never'.
lib/business-logic.ts(604,46): error TS2339: Property 'campo' does not exist on type 'never'.
lib/business-logic.ts(604,63): error TS2339: Property 'tipo' does not exist on type 'never'.
lib/business-logic.ts(604,81): error TS2339: Property 'nombre' does not exist on type 'never'.
lib/business-logic.ts(607,98): error TS2339: Property 'nombre' does not exist on type 'never'.
lib/business-logic.ts(607,136): error TS2339: Property 'campo' does not exist on type 'never'.
lib/business-logic.ts(607,154): error TS2339: Property 'campo' does not exist on type 'never'.
lib/business-logic.ts(609,66): error TS2339: Property 'campo' does not exist on type 'never'.
lib/business-logic.ts(610,44): error TS2339: Property 'campo' does not exist on type 'never'.
lib/business-logic.ts(610,61): error TS2339: Property 'tipo' does not exist on type 'never'.
lib/business-logic.ts(610,79): error TS2339: Property 'nombre' does not exist on type 'never'.
lib/business-logic.ts(686,46): error TS2339: Property 'id' does not exist on type 'never'.
lib/business-logic.ts(688,13): error TS2322: Type '{ clienteNombre: string; clienteApellidos: string; clienteContacto: string; createdAt: Date; montoTotal: number; montoAdelanto: number; montoPendiente: number; status: string; estadoGeneral: string; ... 9 more ...; historialModificaciones: never[]; }' is not assignable to type 'undefined'.
lib/business-logic.ts(696,52): error TS18048: 'p' is possibly 'undefined'.
lib/mock-data.ts(314,27): error TS7006: Parameter 'id' implicitly has an 'any' type.
lib/mock-data.ts(314,31): error TS7006: Parameter 'nombre' implicitly has an 'any' type.
lib/mock-data.ts(314,39): error TS7006: Parameter 'campo' implicitly has an 'any' type.
lib/mock-data.ts(314,46): error TS7006: Parameter 'tipo' implicitly has an 'any' type.
lib/mock-data.ts(314,52): error TS7006: Parameter 'categoria' implicitly has an 'any' type.
lib/mock-data.ts(314,63): error TS7006: Parameter 'orden' implicitly has an 'any' type.
lib/mock-data.ts(338,132): error TS2345: Argument of type '"date"' is not assignable to parameter of type 'null | undefined'.
lib/mock-data.ts(339,116): error TS2345: Argument of type 'string[]' is not assignable to parameter of type 'null | undefined'.
lib/mock-data.ts(352,132): error TS2345: Argument of type '"date"' is not assignable to parameter of type 'null | undefined'.
lib/mock-data.ts(353,133): error TS2345: Argument of type '"currency"' is not assignable to parameter of type 'null | undefined'.
lib/mock-data.ts(354,121): error TS2345: Argument of type '"{montoTotal} - {montoAdelanto} - SUM({cobranza.pago1}, {cobranza.pago2})"' is not assignable to parameter of type 'null | undefined'.
lib/mock-data.ts(355,135): error TS2345: Argument of type '"currency"' is not assignable to parameter of type 'null | undefined'.
lib/mock-data.ts(356,129): error TS2345: Argument of type 'string[]' is not assignable to parameter of type 'null | undefined'.
lib/mock-data.ts(359,161): error TS2345: Argument of type '"date"' is not assignable to parameter of type 'null | undefined'.
lib/mock-data.ts(361,128): error TS2345: Argument of type 'string[]' is not assignable to parameter of type 'null | undefined'.
lib/mock-data.ts(363,158): error TS2345: Argument of type '"date"' is not assignable to parameter of type 'null | undefined'.
lib/mock-data.ts(366,136): error TS2345: Argument of type 'string[]' is not assignable to parameter of type 'null | undefined'.
lib/mock-data.ts(367,129): error TS2345: Argument of type '"currency"' is not assignable to parameter of type 'null | undefined'.
lib/mock-data.ts(368,129): error TS2345: Argument of type '"currency"' is not assignable to parameter of type 'null | undefined'.
lib/mock-data.ts(369,166): error TS2345: Argument of type '"date"' is not assignable to parameter of type 'null | undefined'.
lib/mock-data.ts(372,181): error TS2345: Argument of type '"date"' is not assignable to parameter of type 'null | undefined'.
lib/mock-data.ts(374,148): error TS2345: Argument of type 'string[]' is not assignable to parameter of type 'null | undefined'.
lib/mock-data.ts(375,178): error TS2345: Argument of type '"date"' is not assignable to parameter of type 'null | undefined'.
lib/mock-data.ts(378,173): error TS2345: Argument of type '"date"' is not assignable to parameter of type 'null | undefined'.
lib/mock-data.ts(380,140): error TS2345: Argument of type 'string[]' is not assignable to parameter of type 'null | undefined'.
lib/mock-data.ts(381,170): error TS2345: Argument of type '"date"' is not assignable to parameter of type 'null | undefined'.
lib/mock-data.ts(384,181): error TS2345: Argument of type '"date"' is not assignable to parameter of type 'null | undefined'.
lib/mock-data.ts(386,148): error TS2345: Argument of type 'string[]' is not assignable to parameter of type 'null | undefined'.
lib/mock-data.ts(387,178): error TS2345: Argument of type '"date"' is not assignable to parameter of type 'null | undefined'.
lib/mock-data.ts(390,165): error TS2345: Argument of type '"date"' is not assignable to parameter of type 'null | undefined'.
lib/mock-data.ts(392,132): error TS2345: Argument of type 'string[]' is not assignable to parameter of type 'null | undefined'.
lib/mock-data.ts(393,162): error TS2345: Argument of type '"date"' is not assignable to parameter of type 'null | undefined'.
lib/mock-data.ts(394,158): error TS2345: Argument of type '"date"' is not assignable to parameter of type 'null | undefined'.
lib/mock-data.ts(397,138): error TS2345: Argument of type '"IF({dise├▒o.fechaEntrada} AND {dise├▒o.fechaSalida}, ({dise├▒o.fechaSalida} - {dise├▒o.fechaEntrada}) / 24, null)"' is not assignable to parameter of type 'null | undefined'.
lib/mock-data.ts(398,144): error TS2345: Argument of type '"IF({cobranza.fechaEntrada} AND {cobranza.fechaSalida}, ({cobranza.fechaSalida} - {cobranza.fechaEntrada}) / 24, null)"' is not assignable to parameter of type 'null | undefined'.
lib/mock-data.ts(399,153): error TS2345: Argument of type '"IF({preparacion.fechaEntrada} AND {preparacion.fechaSalida}, ({preparacion.fechaSalida} - {preparacion.fechaEntrada}) / 24, null)"' is not assignable to parameter of type 'null | undefined'.
lib/mock-data.ts(400,147): error TS2345: Argument of type '"IF({estampado.fechaEntrada} AND {estampado.fechaSalida}, ({estampado.fechaSalida} - {estampado.fechaEntrada}) / 24, null)"' is not assignable to parameter of type 'null | undefined'.
lib/mock-data.ts(401,153): error TS2345: Argument of type '"IF({empaquetado.fechaEntrada} AND {empaquetado.fechaSalida}, ({empaquetado.fechaSalida} - {empaquetado.fechaEntrada}) / 24, null)"' is not assignable to parameter of type 'null | undefined'.
lib/mock-data.ts(402,141): error TS2345: Argument of type '"IF({reparto.fechaEntrada} AND {reparto.fechaSalida}, ({reparto.fechaSalida} - {reparto.fechaEntrada}) / 24, null)"' is not assignable to parameter of type 'null | undefined'.
lib/mock-data.ts(403,135): error TS2345: Argument of type '"SUM({tiempos.dise├▒o}, {tiempos.cobranza}, {tiempos.preparacion}, {tiempos.estampado}, {tiempos.empaquetado}, {tiempos.reparto})"' is not assignable to parameter of type 'null | undefined'.
lib/mock-data.ts(410,142): error TS2345: Argument of type 'string[]' is not assignable to parameter of type 'null | undefined'.
lib/mock-data.ts(425,134): error TS2345: Argument of type 'string[]' is not assignable to parameter of type 'null | undefined'.
lib/mock-data.ts(442,142): error TS2345: Argument of type '"date"' is not assignable to parameter of type 'null | undefined'.
lib/mock-data.ts(445,142): error TS2345: Argument of type '"date"' is not assignable to parameter of type 'null | undefined'.
lib/mock-data.ts(448,142): error TS2345: Argument of type '"date"' is not assignable to parameter of type 'null | undefined'.
lib/mock-data.ts(451,142): error TS2345: Argument of type '"date"' is not assignable to parameter of type 'null | undefined'.
lib/mock-data.ts(455,136): error TS2345: Argument of type 'string[]' is not assignable to parameter of type 'null | undefined'.
lib/mock-data.ts(462,5): error TS2322: Type 'any[]' is not assignable to type 'never[]'.
  Type 'any' is not assignable to type 'never'.
lib/mock-data.ts(467,18): error TS7006: Parameter 'path' implicitly has an 'any' type.
lib/mock-data.ts(483,43): error TS2345: Argument of type 'any' is not assignable to parameter of type 'never'.
lib/mock-data.ts(487,55): error TS2345: Argument of type 'any' is not assignable to parameter of type 'never'.
lib/mock-data.ts(491,63): error TS2345: Argument of type 'any' is not assignable to parameter of type 'never'.
lib/mock-data.ts(497,44): error TS2345: Argument of type 'any' is not assignable to parameter of type 'never'.
lib/mock-data.ts(499,41): error TS2345: Argument of type 'any' is not assignable to parameter of type 'never'.
lib/mock-data.ts(523,64): error TS2339: Property 'id' does not exist on type 'never'.
lib/mock-data.ts(525,46): error TS2345: Argument of type 'any' is not assignable to parameter of type 'never'.
lib/mock-data.ts(528,72): error TS2339: Property 'id' does not exist on type 'never'.
lib/mock-data.ts(530,25): error TS2322: Type 'any' is not assignable to type 'never'.
lib/mock-data.ts(539,45): error TS2345: Argument of type 'any' is not assignable to parameter of type 'never'.
lib/mock-data.ts(544,22): error TS7006: Parameter 'callback' implicitly has an 'any' type.
lib/mock-data.ts(585,15): error TS7006: Parameter 'docId' implicitly has an 'any' type.
lib/mock-data.ts(586,28): error TS7006: Parameter 'data' implicitly has an 'any' type.
lib/mock-data.ts(606,11): error TS7006: Parameter 'collectionName' implicitly has an 'any' type.
lib/mock-data.ts(606,27): error TS7006: Parameter 'docId' implicitly has an 'any' type.
lib/mock-data.ts(607,24): error TS7006: Parameter 'data' implicitly has an 'any' type.
